"C_d_NACA_0012_final_30_long-rfile"
"Iteration" "C_d_NACA_0012_final_30_long"
("Iteration" "C_d_NACA_0012_final_30_long")
518 0.008871120813905708
519 0.008871191126703195
520 0.00865585258181042
521 0.008539833227421039
522 0.008485096145760346
523 0.008497304726680139
524 0.008538043484246053
525 0.00859627686744332
526 0.008653615774140561
527 0.008708705621197492
528 0.008758924186021585
529 0.008798444552131473
530 0.008829443705716724
531 0.008852462108751199
532 0.008868676861352743
533 0.008879233888523064
534 0.008885533689247809
535 0.008888450483995784
536 0.00888905659031545
537 0.008887728378467581
538 0.008886113509698932
539 0.008883235785924811
540 0.008880145848328231
541 0.008876646006316238
542 0.008873332115227625
543 0.008870310511788066
544 0.008867445374786611
545 0.00886482090235241
546 0.008862063459919032
547 0.008859990534597037
548 0.008857895048844957
549 0.008856408516204296
550 0.00885493989003237
551 0.008853990474951116
552 0.008852857305354213
553 0.008852214601878803
554 0.008851326766865361
555 0.008850848403817606
556 0.008850249408279507
557 0.008850021625789972
558 0.008849839714727199
559 0.008849395799349144
560 0.008849223031132706
561 0.008849137350179894
562 0.008849099829233662
563 0.008848877813947961
564 0.00884900568728993
565 0.008848871003742539
566 0.008849047187666204
567 0.008849016323083535
568 0.008848994672994274
569 0.008849170793599854
570 0.008849155571466759
571 0.008849432549472465
572 0.00884931414196637
573 0.008849385965324216
574 0.008849317409042946
575 0.008849475206183382
576 0.008849343996623247
577 0.008849629735487698
578 0.008849578392206332
579 0.008849748041023734
580 0.008849666347023149
581 0.008849696269661048
582 0.008849779681942524
583 0.008849767831336288
584 0.008594892228853592
585 0.008482201899175548
586 0.008459656528157774
587 0.008471428751989262
588 0.008516966607172211
589 0.008577136652946722
590 0.008638355669375881
591 0.008695552221640241
592 0.008745304944470865
593 0.008784870268629097
594 0.008816421958012631
595 0.008839098635556573
596 0.008855288475293561
597 0.008865638467259232
598 0.008871015126032491
599 0.008873669447981423
600 0.008873433341242489
601 0.008871954841830034
602 0.00886913944717279
603 0.008866321613650805
604 0.00886237087250248
605 0.008859067633907007
606 0.008855397466232675
607 0.008852149489324668
608 0.00884935322621655
609 0.008846002558809157
610 0.008843792240880442
611 0.008841967248877014
612 0.008839997293332397
613 0.008837962012068386
614 0.008837161543615428
615 0.008835586762664407
616 0.008834671832816613
617 0.008833703245664024
618 0.008833198179388574
619 0.008832259345141586
620 0.008832083381433067
621 0.008831509824452664
622 0.008831169337399049
623 0.008831003533405806
624 0.008830603043351752
625 0.008830761325894164
626 0.008830272072487141
627 0.008830710715402671
628 0.008830345742874987
629 0.008830649763046582
630 0.008830367854693173
631 0.008830651135351647
632 0.008830556114535218
633 0.008830776319396398
634 0.008830660036917517
635 0.00883085644172521
636 0.00883086432215332
637 0.008830864746144286
638 0.008830991111305739
639 0.008830637429916889
640 0.008831019368785416
641 0.008830857157536343
642 0.008831198191250868
643 0.008831113471843481
644 0.00856568658232721
645 0.008453709800847158
646 0.008431482807670284
647 0.008444636737160036
648 0.008490786851265987
649 0.00855205699161069
650 0.008616269902194077
651 0.008685691357059726
652 0.008736878101642609
653 0.008783644672486324
654 0.00881210636961793
655 0.00883455332132093
656 0.008849509420315213
657 0.008858806012015774
658 0.008863692235043789
659 0.00886503864266406
660 0.008864019233228411
661 0.008861551184686173
662 0.008858025059202008
663 0.008853940888131502
664 0.00884967696993052
665 0.008845159462030567
666 0.008841441510148923
667 0.00883725934276924
668 0.008834381255822393
669 0.008831125171312392
670 0.008828696193152791
671 0.008826145831240181
672 0.008824249840670628
673 0.008822515374009658
674 0.00882081344896685
675 0.008819553098702531
676 0.008818443767544992
677 0.008817840403008396
678 0.008816912042575689
679 0.008816327653877734
680 0.008815567647261961
681 0.008815370923604399
682 0.008814745500662247
683 0.008814697908057135
684 0.008814349063822323
685 0.008814319650427992
686 0.008814141593952645
687 0.008814040198173698
688 0.008814085129783199
689 0.00881397456538343
690 0.00881360955644921
691 0.008813600772685923
692 0.00881391636483436
693 0.008813779257895636
694 0.008814128716100978
695 0.008813893703608919
696 0.008814254267753013
697 0.008813964612943365
698 0.00881435917248094
699 0.008814403453816308
700 0.008814559685340811
701 0.008814612448587986
702 0.008814702160296943
703 0.008814671930923137
704 0.008814910435075329
705 0.008815050781754775
706 0.008815029539371385
707 0.008542982371517231
708 0.00844188381087649
709 0.008427234281595723
710 0.008447260116302426
711 0.008496028238567637
712 0.00855745040180543
713 0.008620296128129347
714 0.008678423071166409
715 0.008731360794319899
716 0.008772825331700993
717 0.008799842996057305
718 0.00882021076587898
719 0.008834755553231686
720 0.00884378966125287
721 0.008848881541637659
722 0.008850473230620902
723 0.008849448471827075
724 0.008846857468563065
725 0.008843542750615614
726 0.008839357935068657
727 0.00883480903154721
728 0.008830715831768875
729 0.008826494437416855
730 0.008822608117483612
731 0.008818848684663204
732 0.008815991492912473
733 0.008813340123748318
734 0.008811116843430661
735 0.008809136599937588
736 0.008807676030692713
737 0.008806354040760734
738 0.008805384904176395
739 0.008804833577049236
740 0.008803873959802656
741 0.008803423193320038
742 0.008802759407616418
743 0.008802521174122805
744 0.008801978909427553
745 0.008801937234560091
746 0.008801879109148147
747 0.008801636336334304
748 0.008801669050027985
749 0.008801738202255827
750 0.008801538883835367
751 0.008801532804439603
752 0.0088015977721704
753 0.008801711928100303
754 0.008801935105939603
755 0.008802029850345843
756 0.008802025462741073
757 0.00880212956269189
758 0.008801908287484398
759 0.008802292364909066
760 0.008802299276954936
761 0.008802622061789158
762 0.008802587505654292
763 0.008802688626958634
764 0.008802700758606525
765 0.008803098963591624
766 0.008803138851478105
767 0.0088034426076887
768 0.008802946994704089
769 0.008803542704624528
770 0.008802963291145683
771 0.008803467425256015
772 0.008803437117129111
773 0.008526626682763834
774 0.008428502726452496
775 0.008416737743875776
776 0.00843895330189621
777 0.008489032535100135
778 0.008549851609010176
779 0.008612755352518342
780 0.008680166456552283
781 0.008733314666601042
782 0.008770046227433105
783 0.008799187300655617
784 0.008820563100910337
785 0.008835546385750999
786 0.008844495026516009
787 0.0088484169661984
788 0.00884902426888045
789 0.008846866070268763
790 0.008842731498869272
791 0.008838582430900093
792 0.008833809559016239
793 0.008829092467217038
794 0.008824515227230396
795 0.008819756914158094
796 0.008815993658357434
797 0.00881221611663453
798 0.008809169631202828
799 0.008806080074162509
800 0.008803963480923707
801 0.008802122139804289
802 0.008800826427584667
803 0.008799190735005302
804 0.008798171925865137
805 0.008796952855450535
806 0.008796330634518708
807 0.008795915728811764
808 0.008795652559955156
809 0.008795142542316232
810 0.008794769191759136
811 0.008794856672135535
812 0.008794497379786673
813 0.008794227021689608
814 0.008794271057817021
815 0.008794056962607379
816 0.008794434410604362
817 0.008794837381172914
818 0.008794550743555904
819 0.008794603078569184
820 0.008794819140183312
821 0.008795087859454553
822 0.008794994318689426
823 0.008795264271533111
824 0.008795656582870615
825 0.008795710176162617
826 0.008796082039627791
827 0.008796023992434848
828 0.008796171020594297
829 0.008796357354792414
830 0.008796579579756558
831 0.008796533557452706
832 0.00851387913582901
833 0.008429393102862693
834 0.008426342618808808
835 0.008449960599038835
836 0.008500793300476402
837 0.008563924603917861
838 0.008627810164843187
839 0.008694228078949427
840 0.00874046866529102
841 0.008783146459080271
842 0.008808906751201419
843 0.008827593380536699
844 0.008840648400599727
845 0.008847436948943405
846 0.008850308719525772
847 0.008849759411046982
848 0.008847052282370964
849 0.008842607329805017
850 0.008837929016734206
851 0.008832265519120554
852 0.008826867593417519
853 0.008821625645485361
854 0.008816921174734252
855 0.008812464957207656
856 0.008808990479101771
857 0.008805915518427229
858 0.008803174939345666
859 0.008801267183471601
860 0.008799280661027304
861 0.008797752964132897
862 0.008796943299850821
863 0.008795775987216387
864 0.008795488421260217
865 0.008795070257848224
866 0.008794905582612488
867 0.008794436034461962
868 0.008795050565440672
869 0.008794565950444819
870 0.008794864822953148
871 0.008794483973587341
872 0.008794878164635334
873 0.008794591873575137
874 0.008795253298163221
875 0.008795139716342345
876 0.008795226502023417
877 0.008795500363247968
878 0.008795509408356028
879 0.008795749703013443
880 0.008795980769360726
881 0.00879625361103184
882 0.00879617688412063
883 0.008796655753844739
884 0.008796781029312544
885 0.008796899012705401
886 0.00879714441381974
887 0.008797108751506352
888 0.00879721163291927
889 0.008797422944579351
890 0.008797636760547954
891 0.008797423111956379
892 0.008798014124458449
893 0.008797668491691266
894 0.008798016543223278
895 0.008798117043462844
896 0.008798276493816374
897 0.008798039508869569
898 0.008798481524815089
899 0.008798163467956524
900 0.008798561704271905
901 0.008798540205086233
902 0.008522163899543808
903 0.008440368801161483
904 0.008438114295831779
905 0.008465443051017783
906 0.008515117287432978
907 0.00857735431036854
908 0.008640495237504221
909 0.008706353620785841
910 0.008758087466675193
911 0.008796054714677069
912 0.008819892724881845
913 0.008837701163805837
914 0.008849187664392908
915 0.008854910892203643
916 0.008856755872657083
917 0.008855304727474077
918 0.008851509399005772
919 0.008846485005983536
920 0.008841371322015646
921 0.008834987350037052
922 0.008829722164722102
923 0.008823978651988192
924 0.008819539870346402
925 0.008814606343625521
926 0.008811686127444745
927 0.008807924337844903
928 0.008806345420073705
929 0.008803824907092936
930 0.008802249329656944
931 0.008801100063098827
932 0.008800423713060185
933 0.008799601633938312
934 0.008799562727698456
935 0.008514143037904858
936 0.008429965404030427
937 0.008452874649982369
938 0.008495789619277279
939 0.008556613357364096
940 0.008619463240047028
941 0.008681842593682661
942 0.008736138301492868
943 0.008788312016282602
944 0.008820791489866697
945 0.008844028379984563
946 0.008859100791481663
947 0.008866400675611792
948 0.008868103997517239
949 0.00886609734251103
950 0.008862553074849374
951 0.008856051165101108
952 0.008849621624230574
953 0.008843356773999238
954 0.008836815088809267
955 0.008830623381333063
956 0.008825350010750327
957 0.008820247339102454
958 0.008816825201463421
959 0.008813141389558453
960 0.008811016024345015
961 0.008809283728277897
962 0.008809052043155205
963 0.008808069726664531
964 0.008807874538884868
965 0.008808202674831317
966 0.008808393405363303
967 0.00880904104111601
968 0.008808932223314673
969 0.008809653024470754
970 0.008810039110602569
971 0.008810464055119009
972 0.008810896113854817
973 0.008811071419428608
974 0.008811470482392001
975 0.008811696071152151
976 0.008812007850467663
977 0.008812040816396692
978 0.008812192961492521
979 0.008812621902376619
980 0.008812604188387906
981 0.008812668649633672
982 0.008812899782798247
983 0.00881299176889554
984 0.008813214129863909
985 0.008813403355772324
986 0.008813576679228526
987 0.008813554605402042
988 0.008521657658429072
989 0.008449310988797911
990 0.008478618234319018
991 0.008523592546984248
992 0.008585297651534181
993 0.008652664502714055
994 0.008716588170080749
995 0.008774351736248701
996 0.008817218908008899
997 0.008856734021715881
998 0.008878726023362008
999 0.00889232449853149
1000 0.008899064952660896
1001 0.008897382598472729
1002 0.008893247854331343
1003 0.00888725086113263
1004 0.008880084025698348
1005 0.008872257268020569
1006 0.008865040214818392
1007 0.008857009226819753
1008 0.008850777350989157
1009 0.008843701252508688
1010 0.008838474771120489
1011 0.008834343980294956
1012 0.008831152645134724
1013 0.00882863477128009
1014 0.008827377707056874
1015 0.008825688462330179
1016 0.00882510315333444
1017 0.008825331283253451
1018 0.008825464077484279
1019 0.008826104872776236
1020 0.008826823227925946
1021 0.008827529552561889
1022 0.008828234158927568
1023 0.008829340720905264
1024 0.008829561146396379
1025 0.008830584717668554
1026 0.008831117132692357
1027 0.008831561004711618
1028 0.008832071899623975
1029 0.008832668349540676
1030 0.00883276540403621
1031 0.008833156605956334
1032 0.008833555565332914
1033 0.008833582785943192
1034 0.0088336850782543
1035 0.008833904491026131
1036 0.008833805412556532
1037 0.008833906581916842
1038 0.008834118241510699
1039 0.008833818874259859
1040 0.008833985488328068
1041 0.008834127224866737
1042 0.00883395309893574
1043 0.008834003772105952
1044 0.008532225598865767
1045 0.008482143662638934
1046 0.008521582913225863
1047 0.008572089469136056
1048 0.008641329021594825
1049 0.008711020731983916
1050 0.008773148603097398
1051 0.008821928112933686
1052 0.008860029636448328
1053 0.008889965846991229
1054 0.008909991656984641
1055 0.00891864392628707
1056 0.008921761462812951
1057 0.008922671128747365
1058 0.008917765469327805
1059 0.008911300565464152
1060 0.008903639967806893
1061 0.00889640146300529
1062 0.008888343458718516
1063 0.008881276853455671
1064 0.008875012069899353
1065 0.008869742131178733
1066 0.008865408334543743
1067 0.008861825316447879
1068 0.008859119860932286
1069 0.008857404912176335
1070 0.008856427985310205
1071 0.00885601718145917
1072 0.008856098092372052
1073 0.008856677094926105
1074 0.008857095190359817
1075 0.008858040162369398
1076 0.008858868075568998
1077 0.008859705383192612
1078 0.008860270046707261
1079 0.008861272297720085
1080 0.008861659564190294
1081 0.008862241177976798
1082 0.008862675824407725
1083 0.008862998930188971
1084 0.008862971554884117
1085 0.008863381408390585
1086 0.008863246495488893
1087 0.008863324215766589
1088 0.008863306984546761
1089 0.008863429891556071
1090 0.008863140616128504
1091 0.008863367693680079
1092 0.008863248551555
1093 0.008863188944703971
1094 0.0088631720597894
1095 0.00886313752008413
1096 0.008863054910350398
1097 0.008863092415965529
1098 0.008554166156246512
1099 0.008532211866069346
1100 0.008587109523251448
1101 0.008645865862458819
1102 0.008713884369145559
1103 0.008780007195217845
1104 0.008837640634972966
1105 0.008882471041312241
1106 0.008916274486793122
1107 0.008941352012818229
1108 0.008956795939286487
1109 0.00896224937814242
1110 0.008962763546863256
1111 0.008961584198402272
1112 0.008956631660744563
1113 0.008949515089767214
1114 0.008941156286449441
1115 0.008932496472437042
1116 0.008924122948462471
1117 0.008917378711955387
1118 0.008911384706788815
1119 0.008906539305095485
1120 0.008902443618895018
1121 0.008899623734229829
1122 0.008897453797407114
1123 0.008896377863133577
1124 0.00889591287632786
1125 0.00889626777420602
1126 0.008896465854883925
1127 0.00889754744753337
1128 0.008898465169148441
1129 0.008899736225066793
1130 0.008900514887582119
1131 0.008901943804418191
1132 0.008902236199011685
1133 0.008903571562069824
1134 0.008903844521355172
1135 0.008904528915586244
1136 0.008904828044777808
1137 0.008905384378457594
1138 0.008905094240429024
1139 0.008905409140095893
1140 0.00890517103809685
1141 0.008905210680430833
1142 0.008904660960644217
1143 0.008904898498605845
1144 0.008904232121611406
1145 0.008904446424599826
1146 0.008904003436929432
1147 0.008903945562077954
1148 0.008903680823233701
1149 0.008903746782921182
1150 0.008903393945531499
1151 0.008903740952126503
1152 0.008903397858046157
1153 0.008903638696113894
1154 0.008903351823490445
1155 0.008903807301063948
1156 0.00890335507312991
1157 0.008903815034517462
1158 0.008903540079231873
1159 0.008903843018730477
1160 0.008903592736326706
1161 0.008904203223212533
1162 0.008903799628750269
1163 0.008904184190289283
1164 0.008904036973357158
1165 0.008904263932569434
1166 0.008904034693160208
1167 0.008904446480565785
1168 0.008903942634907814
1169 0.008904565717722294
1170 0.008904294551188335
1171 0.008904486970556947
1172 0.00890427816486763
1173 0.008904619296463174
1174 0.008904261441242844
1175 0.008904622353122815
1176 0.008904496388091073
1177 0.00890469699084002
1178 0.008904466092915345
1179 0.008904841995300176
1180 0.008904337471751504
1181 0.00890483639869806
1182 0.008904488948885174
1183 0.008904734273972835
1184 0.008904472141924337
1185 0.008904897945120735
1186 0.008904454566462177
1187 0.008904888611171016
1188 0.008904588507973928
1189 0.008904803661101864
1190 0.008904466463199017
1191 0.008904941177272621
1192 0.008904559354194245
1193 0.008904892464581315
1194 0.008904776236432011
1195 0.008904942704394465
1196 0.008904708028778891
1197 0.008905030090329077
1198 0.008904461060721659
1199 0.008904991691513767
1200 0.008904743277995173
1201 0.008904894675074644
1202 0.00890473134074443
1203 0.008904939012072134
1204 0.008904627410271043
1205 0.008905018472285683
1206 0.008904601564262607
1207 0.008904885423222144
1208 0.008904653249370689
1209 0.008905058757356808
1210 0.008904634256418882
1211 0.008905115081275915
1212 0.008904644840863712
1213 0.008904988070619799
1214 0.008904658892692431
1215 0.008905023244391979
1216 0.00890462533406372
1217 0.008905086587705226
1218 0.008904769802026712
1219 0.008905062803699921
1220 0.00890475727179536
1221 0.008905025511375252
1222 0.008904608144989749
1223 0.008905034544024621
1224 0.008904698037178709
1225 0.008905030539014328
1226 0.008904824676917965
1227 0.008904983477127607
1228 0.008904645227116903
1229 0.008904967185091943
1230 0.008904831904690994
1231 0.008904984429190793
1232 0.008904833895181062
1233 0.008905149311911963
1234 0.008904725287157089
1235 0.008905140983007594
1236 0.008904862615549982
1237 0.008905017241595979
1238 0.008904812136147459
1239 0.008904982724938778
1240 0.008904664759200735
1241 0.008905063158212208
1242 0.008904757572642471
1243 0.008904878431406268
1244 0.008904884648094798
1245 0.008581871023273915
1246 0.008574947697459328
1247 0.008642611148581874
1248 0.00870735884608307
1249 0.008779373461945562
1250 0.008846509664807519
1251 0.008903468095408457
1252 0.008947618174656552
1253 0.008980609236567596
1254 0.009003848626518263
1255 0.009014932953200515
1256 0.009019733245855826
1257 0.009019727213328261
1258 0.00901527988883306
1259 0.009009244957056193
1260 0.009001399785030107
1261 0.008992757139450558
1262 0.008984310517932482
1263 0.008975689198312504
1264 0.008967760352812819
1265 0.008961689459910691
1266 0.008957230322263093
1267 0.008952698196699173
1268 0.008950125312886827
1269 0.008948038067503637
1270 0.008946582507195055
1271 0.008946353455024781
1272 0.008946180063601872
1273 0.008946640233733514
1274 0.008947637515834082
1275 0.008948999119067011
1276 0.008949499775001962
1277 0.008951199632750295
1278 0.008952232617810847
1279 0.008952928380776529
1280 0.008953858519297597
1281 0.00895486485210361
1282 0.008954924294600895
1283 0.008955742667640125
1284 0.008955967933394055
1285 0.008955933481824328
1286 0.008956122587751992
1287 0.008956507291490546
1288 0.008955760424141786
1289 0.008956034504580773
1290 0.00895558174167454
1291 0.0089553184156295
1292 0.008955042211380547
1293 0.008954932987457878
1294 0.008954280989096357
1295 0.00895452297709066
1296 0.008954239990974385
1297 0.008953996409668166
1298 0.008953767554145576
1299 0.008953971906811103
1300 0.008953309138411244
1301 0.008953819586757993
1302 0.008953696014826347
1303 0.008953512278636399
1304 0.008953543964830049
1305 0.008612108591438117
1306 0.008633362044999848
1307 0.008715893096693645
1308 0.008792285008917515
1309 0.00886767692485255
1310 0.008933603386408223
1311 0.008986623988216208
1312 0.009026242863620547
1313 0.009053471649384706
1314 0.009068559144745161
1315 0.009077770894128293
1316 0.009081818315123358
1317 0.009081366955909095
1318 0.009079584808091925
1319 0.009075274660509645
1320 0.009067017957459298
1321 0.009059536560309882
1322 0.009051926221958589
1323 0.009044562882751538
1324 0.009036166167074153
1325 0.00903063288706552
1326 0.00902499873360952
1327 0.009020711979786898
1328 0.009017851269763575
1329 0.009015684562012292
1330 0.009013648647608624
1331 0.009013608019235292
1332 0.009013745405751377
1333 0.009013901787596455
1334 0.009014718418778468
1335 0.009016190828220267
1336 0.009016560591200741
1337 0.009018423867670501
1338 0.009019593296237881
1339 0.00902052084060743
1340 0.009021887870212339
1341 0.009022975135317657
1342 0.009023206301929333
1343 0.009024161280668743
1344 0.009024284633838829
1345 0.009024430577729326
1346 0.009024571427872915
1347 0.009024756825290024
1348 0.009024036046142582
1349 0.009024252493738318
1350 0.009024038358045279
1351 0.009023249836245991
1352 0.009023294616477551
1353 0.009023291005696496
1354 0.009022526622107875
1355 0.0090226657599247
1356 0.009022155453807825
1357 0.009021960199448157
1358 0.009021687692904356
1359 0.00902195089740197
1360 0.009021160490341979
1361 0.009021522289582405
1362 0.009021120808894152
1363 0.009021269541851543
1364 0.009021417785772416
1365 0.009021581885845814
1366 0.009021207557757706
1367 0.009021530593739793
1368 0.009021658982656146
1369 0.009021453376886701
1370 0.009021520957310744
1371 0.008662194478350576
1372 0.008705174740199155
1373 0.008796208425826922
1374 0.008880577352978923
1375 0.008961252449681103
1376 0.009028819299434112
1377 0.009080914228650419
1378 0.009118653368749096
1379 0.009141764899005155
1380 0.009158348798344958
1381 0.009163395395915973
1382 0.009165684995398436
1383 0.009161022937092545
1384 0.009153827194000954
1385 0.009145875848447768
1386 0.009137747302516553
1387 0.009129101094497728
1388 0.00912203368159773
1389 0.009115145155615179
1390 0.009108493000268796
1391 0.009104363292358131
1392 0.009100919163930379
1393 0.00909825160526085
1394 0.009095817835543665
1395 0.009094402724016527
1396 0.00909391869368685
1397 0.009093780289856851
1398 0.009094215820904056
1399 0.009095059074192644
1400 0.00909603641074444
1401 0.00909725781657305
1402 0.009098594741406223
1403 0.009099605520160493
1404 0.009100692725358331
1405 0.009101890695406069
1406 0.009102549345804681
1407 0.009103124527255512
1408 0.009103614596146789
1409 0.009103751797908734
1410 0.00910370224509984
1411 0.00910382921376001
1412 0.00910347114103191
1413 0.009103222684723527
1414 0.009103008972952374
1415 0.009102635252045362
1416 0.009102212587554804
1417 0.009102051848733817
1418 0.009101504799819868
1419 0.009101183073295691
1420 0.009100947792137768
1421 0.009100534025860875
1422 0.009100254338337525
1423 0.009100252039419787
1424 0.009099877966271928
1425 0.009099667163499843
1426 0.009099702369169802
1427 0.009099640920452547
1428 0.009099584486986213
1429 0.009099823978814862
1430 0.009099794184269783
1431 0.008692108822769554
1432 0.00875055979475951
1433 0.008836305267695377
1434 0.008937426920366306
1435 0.009029446225600795
1436 0.009103681816148155
1437 0.009159252474878138
1438 0.009200738351923223
1439 0.009226419800582029
1440 0.009239823332595532
1441 0.009245154442521173
1442 0.009243807733037984
1443 0.009238983348364848
1444 0.009231616623165715
1445 0.009220970750326796
1446 0.009212915736132083
1447 0.009204662760069314
1448 0.009196509311987863
1449 0.009189408757526623
1450 0.009182730535626016
1451 0.009178103761601667
1452 0.009174183287740745
1453 0.009171489115100767
1454 0.0091692199009771
1455 0.009167650782446666
1456 0.009166491972125584
1457 0.009166441610546205
1458 0.009166600522759598
1459 0.009166815582509796
1460 0.00916772860002622
1461 0.009168635879742043
1462 0.009169545957312803
1463 0.009170411665275217
1464 0.009171096210531533
1465 0.00917168647501263
1466 0.00917242684642122
1467 0.009172703631389653
1468 0.009173064037436316
1469 0.009173249257618586
1470 0.009173221047311417
1471 0.009173059135922852
1472 0.009173049510689439
1473 0.009172587745144931
1474 0.009172625693832703
1475 0.009172162061907052
1476 0.009171631688151632
1477 0.00917174332288591
1478 0.009171559869075495
1479 0.009171067815897051
1480 0.009171228053821909
1481 0.009171035128973623
1482 0.009170780143551398
1483 0.009170857916837975
1484 0.009170635770699443
1485 0.009170592292208303
1486 0.009170777561041801
1487 0.009170703653637388
1488 0.009170524097383408
1489 0.009170953570510426
1490 0.009171063027813779
1491 0.009170918133865991
1492 0.009171316792354068
1493 0.009171163096947607
1494 0.009171279602138453
1495 0.009171370699400208
1496 0.008753338061916489
1497 0.008831552702721485
1498 0.00895258904077894
1499 0.009057123575311205
1500 0.009149604928389057
1501 0.009223764807389749
1502 0.009276971397173558
1503 0.009311774746405974
1504 0.009332132229216564
1505 0.009341062231287247
1506 0.009342703177786883
1507 0.009339320513732423
1508 0.009332408740584733
1509 0.009321245028394222
1510 0.009313448203125092
1511 0.009303276138356261
1512 0.00929398018605973
1513 0.009286054806734131
1514 0.00927906474978041
1515 0.009272623555288561
1516 0.009267942572856753
1517 0.009263857442158761
1518 0.009260644529035585
1519 0.009258835843036578
1520 0.009257461092173918
1521 0.009256372378908083
1522 0.009256259550579274
1523 0.009256396283273641
1524 0.009256445687171299
1525 0.008819745314713938
1526 0.008914356932445902
1527 0.009043872864859311
1528 0.009157843025091532
1529 0.009256363064920805
1530 0.009331184247515197
1531 0.009383745589944406
1532 0.009417882456118621
1533 0.009435333247545561
1534 0.009443980618634938
1535 0.009444609969902863
1536 0.009439903161184144
1537 0.009430538122699485
1538 0.009421156626210323
1539 0.009411563369246945
1540 0.009402296392788532
1541 0.009393410812252633
1542 0.009385761848151979
1543 0.009378542276961908
1544 0.009372830420761839
1545 0.009367531663152653
1546 0.009363277494824249
1547 0.00936021524677985
1548 0.009358085847632442
1549 0.00935626242134787
1550 0.009355124884074525
1551 0.009354697173394011
1552 0.009354875122227374
1553 0.009354916794415682
1554 0.009355834451926316
1555 0.009356459986236689
1556 0.009357021389994134
1557 0.009358435961878526
1558 0.009359489525777186
1559 0.009360159488371045
1560 0.009361563658322289
1561 0.009362298965056885
1562 0.009362859279818062
1563 0.009363486748440718
1564 0.00936413396385157
1565 0.009364088398114491
1566 0.009364335195496119
1567 0.009364391489954342
1568 0.009364198959347897
1569 0.009364583692845763
1570 0.009364429603087863
1571 0.009364034749577024
1572 0.009364183097769046
1573 0.009363936866647238
1574 0.009363608204918198
1575 0.009363629352708082
1576 0.008861513732355844
1577 0.008978927264186951
1578 0.00910975923238486
1579 0.009246173513071821
1580 0.009361078228628009
1581 0.009447588206262823
1582 0.009504011485478183
1583 0.009538486100642462
1584 0.009556587132413049
1585 0.009562767307488354
1586 0.009560332862172552
1587 0.009554163817289294
1588 0.00954536217526767
1589 0.009534705142863923
1590 0.009524582051961912
1591 0.009515032359539162
1592 0.009506272017916729
1593 0.009498802673335742
1594 0.009493048875683731
1595 0.009487680706240714
1596 0.009484036602108276
1597 0.009481501142177233
1598 0.009478796073664517
1599 0.009477546935479768
1600 0.009477163400908989
1601 0.009476128283787662
1602 0.009476399306695549
1603 0.00947655844560889
1604 0.009476426361707013
1605 0.009476687539471413
1606 0.009477431288451965
1607 0.009477736761114016
1608 0.009478239421684399
1609 0.009479062422376327
1610 0.009479004831844723
1611 0.009479061313798264
1612 0.009479522270390206
1613 0.009478995442656827
1614 0.009479108431291263
1615 0.00947910598190089
1616 0.009478555575226836
1617 0.009478090743310456
1618 0.009478290728343074
1619 0.009477623972424054
1620 0.009477396156242586
1621 0.009477467430910496
1622 0.009476771483395605
1623 0.009476772746820782
1624 0.009477012637815311
1625 0.009476372025716436
1626 0.009476674330359708
1627 0.009477022927375485
1628 0.00947668213346479
1629 0.009476898032672225
1630 0.009477209847969579
1631 0.009477225099534753
1632 0.009477647348639019
1633 0.009478122385701934
1634 0.00947810756668796
1635 0.008951444607078564
1636 0.009068059188673719
1637 0.009219692566856248
1638 0.009353128720049037
1639 0.009467421885891766
1640 0.009553875286718732
1641 0.009612841056230573
1642 0.009648243320166871
1643 0.009665649032716925
1644 0.00967179843905557
1645 0.009670194664051866
1646 0.009662307352091592
1647 0.00965270804093687
1648 0.009641961656654333
1649 0.009632139458608335
1650 0.009622154019176538
1651 0.009613721158261621
1652 0.009605846394734181
1653 0.00959956907580803
1654 0.009594093066628917
1655 0.009589169386023319
1656 0.009585274501213522
1657 0.009582097957521338
1658 0.009579903262433473
1659 0.009578638812819808
1660 0.009577838223410488
1661 0.009577194488242067
1662 0.0095768768493729
1663 0.009576831405498545
1664 0.009576676984015556
1665 0.009576838619986146
1666 0.0095773359600829
1667 0.009577482974992363
1668 0.009578026689536305
1669 0.009578429471738046
1670 0.009578339866209859
1671 0.009578915819136989
1672 0.009579234744803624
1673 0.009579121009533193
1674 0.009579519137286659
1675 0.009579461021000182
1676 0.009579490477388968
1677 0.009579737342439658
1678 0.009579637636012182
1679 0.009579576450405749
1680 0.009579863242637097
1681 0.009579802126765884
1682 0.009579647110487827
1683 0.009579649820544819
1684 0.00957996994847669
1685 0.009579834279028818
1686 0.009580041263450462
1687 0.009580096315578365
1688 0.008976705359688836
1689 0.009100318971550574
1690 0.009237647415313308
1691 0.009389283738499062
1692 0.009520233176802683
1693 0.009623039281910299
1694 0.009695126339290129
1695 0.00974015695154923
1696 0.009765788419829361
1697 0.009776118201415909
1698 0.009776772028045819
1699 0.009771234855932391
1700 0.009762271580489852
1701 0.009751100457460115
1702 0.009739849119576826
1703 0.009728814123660938
1704 0.009719019235583212
1705 0.009710292691176854
1706 0.009702473789544624
1707 0.009695835113639008
1708 0.009690976230493035
1709 0.00968681665060815
1710 0.0096837533929816
1711 0.009681143801198062
1712 0.00967889036232651
1713 0.009677351017057445
1714 0.009676546880187336
1715 0.00967600987299864
1716 0.009675805340277776
1717 0.00967573546747629
1718 0.009675331242482176
1719 0.0096754890927453
1720 0.009675666303494862
1721 0.00967540356390828
1722 0.009675897919341614
1723 0.009676139754282546
1724 0.009676296117329319
1725 0.00967646731931285
1726 0.00967694039771849
1727 0.009676906373044143
1728 0.009677132230518096
1729 0.009677065064438842
1730 0.009677065701900524
1731 0.009677246203870993
1732 0.009677450217120121
1733 0.009677279368842558
1734 0.009677629920384713
1735 0.009677925467712638
1736 0.009677832076614726
1737 0.009677941959804421
1738 0.009678262373974759
1739 0.009678312346134423
1740 0.00902546693155786
1741 0.009153258664550442
1742 0.00929603922982933
1743 0.009450488387852653
1744 0.009587687642365122
1745 0.009693430532195846
1746 0.009768094708168551
1747 0.009816726631411978
1748 0.009846654395259634
1749 0.009859334458225573
1750 0.009861233128449592
1751 0.009858188162109895
1752 0.009850185597910462
1753 0.009841331998519356
1754 0.009831531960918991
1755 0.009821851569169298
1756 0.00981250014275175
1757 0.009803595476464373
1758 0.009796103407621761
1759 0.009788731483116002
1760 0.009782381438766362
1761 0.009777316782858462
1762 0.009773582659447848
1763 0.009770117450468761
1764 0.00976802377835238
1765 0.009766202763410056
1766 0.009764935256438888
1767 0.009764169178542139
1768 0.00976343838551778
1769 0.009762859845333304
1770 0.009762908412894865
1771 0.009762966805274539
1772 0.009763175457419081
1773 0.009763617544528921
1774 0.009764146534811382
1775 0.009764380972136171
1776 0.009765124193379177
1777 0.00976544450854628
1778 0.009765842860208309
1779 0.009766244787481216
1780 0.009766845083094538
1781 0.009766936817337458
1782 0.00976750856575018
1783 0.009767546745518448
1784 0.009767758341770775
1785 0.009767960776840154
1786 0.009768221790621825
1787 0.009768088928501834
1788 0.009768473817309111
1789 0.009768576039501578
1790 0.009768611806651391
1791 0.009060134373394552
1792 0.009197430252992373
1793 0.009346208230232
1794 0.009510968769341197
1795 0.009653410792074798
1796 0.009767979393183746
1797 0.009850386257854352
1798 0.009906437305900635
1799 0.009939659615765276
1800 0.009958761568717766
1801 0.009964689829931211
1802 0.009964370657367039
1803 0.009958843397388263
1804 0.009949349977321014
1805 0.009939572027164299
1806 0.009929286180374671
1807 0.009919553014617711
1808 0.009910318609709198
1809 0.009901405127446103
1810 0.009893712964067575
1811 0.009887336229004687
1812 0.009882048043680149
1813 0.009877617876492899
1814 0.009874035358582297
1815 0.009871046670408926
1816 0.009868752931145457
1817 0.009867282340019644
1818 0.009866221737064937
1819 0.009865541396402869
1820 0.009864947445453482
1821 0.009864892329775743
1822 0.009865091524130992
1823 0.009865028489314365
1824 0.009865223493536227
1825 0.009865697832231221
1826 0.009866412529871115
1827 0.009866890968939218
1828 0.009867539740790755
1829 0.009868009268726403
1830 0.009868556268354452
1831 0.009869142332915016
1832 0.009869504409350688
1833 0.009870114247825138
1834 0.00987058129383803
1835 0.009870804663967414
1836 0.009871062964511856
1837 0.009871247119689791
1838 0.009871602652113532
1839 0.009871905990074243
1840 0.009872122077383845
1841 0.009872479765691378
1842 0.009872681664473361
1843 0.009872742858008371
1844 0.009103582958165653
1845 0.009216914338329701
1846 0.009369386722879422
1847 0.009542473706785758
1848 0.009694582455842978
1849 0.00981470725542387
1850 0.009900142304806977
1851 0.009955387899347936
1852 0.009987822893808382
1853 0.01000332105364526
1854 0.01000794319418695
1855 0.01000450390644036
1856 0.009996915268161237
1857 0.009986973417437916
1858 0.009976516644444842
1859 0.009966403031162521
1860 0.009956595904831665
1861 0.009947935381541703
1862 0.009940418078344712
1863 0.009933817558177262
1864 0.009927669964081969
1865 0.009922709737273428
1866 0.00991849045739944
1867 0.009915037499212499
1868 0.009912559209332924
1869 0.009910388978522084
1870 0.009908641556736538
1871 0.009907416873059502
1872 0.009906532825202119
1873 0.009905916600424608
1874 0.009905894050923866
1875 0.009905787555271392
1876 0.009905889124505999
1877 0.009906148817301487
1878 0.009906506639088253
1879 0.009906884163444448
1880 0.009907651835818918
1881 0.009908120936325371
1882 0.009908629120252279
1883 0.009909133499039166
1884 0.009909633224455041
1885 0.009910049351936246
1886 0.009910698271352218
1887 0.009911000280988434
1888 0.009911369282827692
1889 0.009911597214178797
1890 0.009912122818216854
1891 0.009912271371458406
1892 0.009912441729009677
1893 0.009912519354519376
1894 0.008989585847189929
1895 0.009159639064544695
1896 0.009358503337608688
1897 0.009557477891470996
1898 0.009723846553467143
1899 0.009842243980959462
1900 0.009921086389397784
1901 0.009966120945384852
1902 0.009989485433745664
1903 0.009997193030307624
1904 0.009996119989599693
1905 0.009990171368249456
1906 0.009982269284283612
1907 0.009974663177143024
1908 0.009967778385230691
1909 0.009961878466257774
1910 0.009957451276671192
1911 0.009953504150332941
1912 0.009950196907369703
1913 0.009947653237706388
1914 0.009945047380527736
1915 0.009942453101292326
1916 0.009940259060894144
1917 0.009938022959329343
1918 0.009935708572096261
1919 0.009933452355968207
1920 0.009931440488283568
1921 0.009929448088650985
1922 0.009927630109173309
1923 0.009925973548708328
1924 0.009924768029372876
1925 0.009923740749874883
1926 0.009922881511451527
1927 0.009922275643565612
1928 0.009922082261968595
1929 0.009921945560848031
1930 0.009921946949214515
1931 0.009922071397965082
1932 0.009922441437660847
1933 0.009922808870835187
1934 0.009923188183081655
1935 0.009923536967484976
1936 0.009924080554651982
1937 0.009924523309225502
1938 0.009924840927249511
1939 0.009925109916398065
1940 0.00992553095570343
1941 0.009925759134441279
1942 0.009925911325930828
1943 0.009926019350243969
1944 0.009926213307428305
1945 0.009926292164534263
1946 0.009926298369869479
1947 0.009926204083787419
1948 0.009926294251209448
1949 0.008966117423864221
1950 0.009112887345893937
1951 0.009319620472009085
1952 0.009506300355967509
1953 0.009670320663716153
1954 0.009797609520819177
1955 0.009886777674339401
1956 0.009944136349310875
1957 0.009976735061865513
1958 0.009992018824156351
1959 0.009995932199081332
1960 0.009992819770062384
1961 0.009986399493286571
1962 0.009978553882509173
1963 0.009970669919009774
1964 0.009963715147492719
1965 0.009957567581379575
1966 0.009952612493553217
1967 0.00994851815904647
1968 0.009945377821614292
1969 0.009942717037783825
1970 0.009940666369041578
1971 0.009938756377297129
1972 0.0099372694588268
1973 0.009935760042044092
1974 0.009934420511422017
1975 0.009933072784000548
1976 0.009931899487051888
1977 0.009930624527724016
1978 0.009929423934514969
1979 0.009928211402567768
1980 0.009927335240987564
1981 0.009926366726048203
1982 0.009925663933948012
1983 0.009924891342746933
1984 0.009924408692455772
1985 0.009924019238156884
1986 0.009923823882760214
1987 0.009923587160964312
1988 0.009923723631803404
1989 0.009923686440406948
1990 0.009923920354986156
1991 0.009924078694648857
1992 0.00992448862647324
1993 0.009924718135991554
1994 0.009925163869053902
1995 0.009925390088571304
1996 0.00992587386347614
1997 0.009926138357548372
1998 0.009926501600434987
1999 0.009926669459043391
2000 0.009927070184781318
2001 0.009927177664590527
2002 0.009927378769358675
2003 0.009927455640578092
2004 0.009927693289579615
2005 0.009927655008039087
2006 0.009927802830597693
2007 0.009927726174295545
2008 0.009927864250995599
2009 0.009927802113973374
2010 0.009927856613402546
2011 0.009927741703961818
2012 0.009927888794367018
2013 0.009927765611376921
2014 0.009927828170412963
2015 0.008982791740038578
2016 0.009078523674181179
2017 0.009276727703359409
2018 0.00946493474912752
2019 0.009641085899825217
2020 0.009782294203940368
2021 0.009887785408785594
2022 0.009958496317300674
2023 0.01000241555538209
2024 0.01002499708980494
2025 0.01003294951439871
2026 0.01003114425037916
2027 0.01002355745605884
2028 0.01001308322545984
2029 0.01000145583227567
2030 0.009990401581069995
2031 0.009980447426403274
2032 0.009972196417675923
2033 0.009965572117103111
2034 0.009960567811944819
2035 0.009956906669209143
2036 0.009954589953588572
2037 0.009952967918106934
2038 0.009952105083793898
2039 0.009951369472995268
2040 0.009951223296179429
2041 0.009950884972140101
2042 0.009950888586551566
2043 0.009950507281970491
2044 0.009950321289699887
2045 0.009950009028063068
2046 0.009949720425653017
2047 0.009949283870239885
2048 0.009948924319918754
2049 0.009948445800993409
2050 0.009948146076135455
2051 0.009947802329315398
2052 0.009947623106980299
2053 0.009947409311377385
2054 0.009947400864539876
2055 0.009947381970993647
2056 0.009947645642910671
2057 0.009947832971298793
2058 0.009948130721176339
2059 0.009948377487035068
2060 0.009948852561198564
2061 0.009949139525141532
2062 0.00994955220510268
2063 0.009949827119840699
2064 0.009950242290678689
2065 0.009950474414702955
2066 0.009950795101125004
2067 0.009950890789830389
2068 0.009951189060904706
2069 0.009951263809977516
2070 0.009951395900788819
2071 0.009951365481420933
2072 0.00995153389047668
2073 0.009951449684044605
2074 0.009951500810071697
2075 0.009039174591842924
2076 0.00910405913455099
2077 0.009293577279123317
2078 0.009478083251423542
2079 0.009652763056667126
2080 0.00978576064892989
2081 0.009880053106692991
2082 0.009938826619357516
2083 0.009972794713276622
2084 0.009989019627759881
2085 0.009994126239583418
2086 0.009992346458261641
2087 0.009987747812355802
2088 0.009981394449060715
2089 0.009974917329992783
2090 0.00996900175194235
2091 0.009963978631871765
2092 0.009959593048195667
2093 0.009955777375743276
2094 0.009952391949656482
2095 0.009949396811139606
2096 0.009946744575552282
2097 0.00994425202111286
2098 0.00994197051304938
2099 0.009939851947056556
2100 0.009937865628956769
2101 0.009936031560447613
2102 0.00993439700495901
2103 0.009932865075519175
2104 0.009931543206533354
2105 0.009930404266865952
2106 0.009929402570081576
2107 0.009928568244165924
2108 0.009927948057025302
2109 0.009927420630678249
2110 0.009927069484801092
2111 0.009926867549652767
2112 0.009926764214756467
2113 0.009926756941995839
2114 0.009926869290644055
2115 0.009926992662830108
2116 0.00992720173822596
2117 0.009927453199327661
2118 0.009927684492288497
2119 0.009927927217562325
2120 0.009928215770356559
2121 0.009928432979276541
2122 0.00992866421134812
2123 0.009928893240068877
2124 0.009929076571775544
2125 0.009929230864772621
2126 0.009929394621768558
2127 0.0099294838906821
2128 0.00992958771553615
2129 0.00992968381804763
2130 0.009929729977973751
2131 0.009929770691576054
2132 0.009929846396085695
2133 0.009929849565080256
2134 0.00992987095793549
2135 0.009929910090692464
2136 0.009929925996659457
2137 0.009929941009972174
2138 0.008962934805974552
2139 0.009075306816433697
2140 0.009277477940564681
2141 0.00946594708823168
2142 0.009638901506545722
2143 0.009773331409240131
2144 0.009867999825915602
2145 0.009928270585374353
2146 0.009962712770280541
2147 0.009978661814826447
2148 0.009982812164853713
2149 0.009979868108247632
2150 0.009973239397098304
2151 0.009965019710891679
2152 0.009956793528940563
2153 0.009949142080773427
2154 0.009942542094278863
2155 0.009936683937174175
2156 0.00993222220541223
2157 0.009928503468318927
2158 0.009925469601250923
2159 0.009922426788070825
2160 0.009919866212357667
2161 0.009917935327904618
2162 0.009916175447102245
2163 0.009914483955005823
2164 0.009912703477975611
2165 0.009911004735668121
2166 0.009909556607596719
2167 0.009908519024663142
2168 0.00990768987603069
2169 0.009906851498007989
2170 0.009906042972460487
2171 0.009905287087055631
2172 0.009904827874301936
2173 0.00990448599885365
2174 0.009904485101346222
2175 0.009904363747803716
2176 0.009904443204040344
2177 0.009904496966829516
2178 0.009904841236406524
2179 0.009905021496791476
2180 0.009905372438353632
2181 0.009905662912467922
2182 0.009906013667637248
2183 0.009906224263993615
2184 0.009906395181307702
2185 0.00990661385024507
2186 0.009906814093903047
2187 0.009906950915490471
2188 0.00990713235882857
2189 0.009907116112855073
2190 0.009907176991533493
2191 0.00990726420765803
2192 0.009907342984525095
2193 0.00990737267063291
2194 0.009907459672475154
2195 0.009907384789100554
2196 0.009907438279932517
2197 0.009907450296380065
2198 0.009907467157436931
2199 0.009907410297175793
2200 0.008859615835383873
2201 0.008948232782750414
2202 0.009149950225436269
2203 0.009342402552333798
2204 0.00952339634909391
2205 0.009669297756233798
2206 0.00977714898518306
2207 0.009850867847776468
2208 0.009897054606869422
2209 0.009922727529346623
2210 0.00993374685671727
2211 0.009934808921278302
2212 0.009930025244074594
2213 0.009921958682757956
2214 0.009912693338979393
2215 0.009903320125377013
2216 0.009894516796289138
2217 0.009886734573394913
2218 0.009880479504526817
2219 0.009875056327848105
2220 0.009870997534918777
2221 0.009867747056993049
2222 0.009865108210085098
2223 0.009863063138835441
2224 0.009861817000555089
2225 0.009860919210248913
2226 0.009860327298801499
2227 0.009859808055145754
2228 0.009859684160849303
2229 0.009859511293107635
2230 0.0098596416346534
2231 0.009859740439295449
2232 0.009860009150902139
2233 0.009860229571692105
2234 0.009860631358666841
2235 0.009860901315668
2236 0.009861324271704474
2237 0.009861678022120219
2238 0.009862029126106661
2239 0.009862352840698481
2240 0.009862739041999982
2241 0.009863019277466644
2242 0.009863346891572294
2243 0.009863643000785753
2244 0.009863916282669121
2245 0.009864108261368866
2246 0.009864316519514497
2247 0.00986439416263914
2248 0.009864530898479097
2249 0.009864605728532851
2250 0.009864646379011733
2251 0.009864644437665104
2252 0.009864688087594598
2253 0.009864621865325123
2254 0.009864615538724149
2255 0.009864578834092256
2256 0.009864526482394482
2257 0.009864441755151143
2258 0.009864411335156505
2259 0.009864292611645235
2260 0.009864237563428618
2261 0.009864151156309774
2262 0.009864059851858125
2263 0.008942432543072806
2264 0.00898156301253332
2265 0.009147275051029526
2266 0.009317418981480776
2267 0.009483644641855882
2268 0.009619648529975697
2269 0.009721245237859085
2270 0.009791941744630063
2271 0.009837743866642266
2272 0.009864998988245176
2273 0.009878970165194937
2274 0.009883558568755601
2275 0.009882268816177238
2276 0.00987763586112554
2277 0.009871054631856099
2278 0.009863563945873196
2279 0.009855789290054897
2280 0.009848094138137408
2281 0.009840863066285468
2282 0.009834165381881216
2283 0.009828128882407337
2284 0.009822795802876465
2285 0.009818192311220688
2286 0.009814258406647529
2287 0.009810878089970082
2288 0.009808175163737944
2289 0.009805992201684982
2290 0.00980425581404183
2291 0.009802991544978819
2292 0.009802016074679896
2293 0.0098013420603157
2294 0.009800883032892477
2295 0.009800636263085721
2296 0.009800460345320068
2297 0.009800467022478722
2298 0.009800501678796212
2299 0.009800573671312528
2300 0.00980066655205088
2301 0.009800788467382346
2302 0.009800885786071948
2303 0.009801071771081788
2304 0.009801215860567885
2305 0.009801366181559752
2306 0.009801530225178337
2307 0.009801704257573769
2308 0.009801831268028438
2309 0.009801991214874088
2310 0.009802125575835189
2311 0.009802219073496555
2312 0.009802373679337098
2313 0.009802479925545697
2314 0.009802554201429807
2315 0.0098026709146532
2316 0.009802730869507751
2317 0.009802792427741914
2318 0.009802860169315246
2319 0.008720438501726702
2320 0.008859091430831984
2321 0.009074274966087049
2322 0.009265714079531109
2323 0.009433655855631348
2324 0.009558743907584192
2325 0.009644083382696681
2326 0.009696892913422525
2327 0.009726468113187772
2328 0.009739709620274147
2329 0.009744748594639837
2330 0.009744279487919576
2331 0.009740525171353093
2332 0.009736402304665472
2333 0.009732104957156049
2334 0.009727282202777247
2335 0.009722757445465672
2336 0.009718718019330164
2337 0.00971529857972755
2338 0.00971138233352479
2339 0.009707794946326023
2340 0.009704017751372631
2341 0.009700244950517019
2342 0.009696217027332405
2343 0.009692483767256682
2344 0.009689196380945109
2345 0.009686173161151591
2346 0.009683621573098636
2347 0.009681509007448135
2348 0.009679652194432838
2349 0.009678189736758337
2350 0.009676959012029604
2351 0.009676083736411493
2352 0.009675373170592123
2353 0.009674937748941077
2354 0.009674565921145468
2355 0.009674499105612818
2356 0.009674408982944187
2357 0.009674520737096652
2358 0.009674543446002725
2359 0.009674715789303165
2360 0.009674773339766364
2361 0.009674962637068768
2362 0.009675031688493908
2363 0.009675212764674189
2364 0.009675273654994206
2365 0.009675445807510636
2366 0.009675508425452985
2367 0.009675668902241306
2368 0.009675728599876256
2369 0.00967589327741961
2370 0.009675985478173062
2371 0.009676114760241114
2372 0.00967620244947329
2373 0.009676338105002923
2374 0.009676424608783101
2375 0.009676545911229227
2376 0.009676598310185079
2377 0.009676727009501266
2378 0.009676755401234706
2379 0.009676861679351325
2380 0.009676865602423019
2381 0.009676942608062743
2382 0.009676922700372672
2383 0.009676973272997231
2384 0.008432739528688985
2385 0.008640647617161561
2386 0.008876920614863195
2387 0.009124352056414898
2388 0.009331611820798299
2389 0.009485355451075362
2390 0.009589152556815172
2391 0.009651739734690266
2392 0.009683613359398368
2393 0.009694158063342345
2394 0.009691308197042402
2395 0.009681039437740693
2396 0.009667695540096558
2397 0.009653875096328398
2398 0.009643581068614699
2399 0.009632345060285503
2400 0.009624570474088807
2401 0.009617807836416192
2402 0.009612356982592623
2403 0.009607738691332142
2404 0.009604682914223988
2405 0.009602198792406662
2406 0.009600605200783412
2407 0.009599522143938772
2408 0.009598899225778815
2409 0.009598882230912233
2410 0.009598828511071715
2411 0.009598364552519136
2412 0.009598024078608408
2413 0.00959739224399412
2414 0.009596618290708998
2415 0.009595918028021202
2416 0.009595330265598626
2417 0.009594596579685024
2418 0.009594163800245909
2419 0.009593615547085361
2420 0.009593258714447968
2421 0.009592889074893515
2422 0.00959268663009474
2423 0.009592458249902529
2424 0.009592378193477141
2425 0.009592246118599365
2426 0.009592291702760923
2427 0.00959219199808178
2428 0.00959225771267222
2429 0.009592214736845966
2430 0.009592251040270507
2431 0.009592139009378732
2432 0.009592131091681116
2433 0.009592082400428232
2434 0.009592087158523468
2435 0.009592013679489492
2436 0.009592076874322609
2437 0.009592044914171429
2438 0.009592106724441935
2439 0.009592077691162401
2440 0.009592144502407784
2441 0.009592121150419406
2442 0.009592178331813739
2443 0.009592169681850711
2444 0.00959225680632741
2445 0.009592235980660512
2446 0.009592326312851935
2447 0.009592305877668794
2448 0.009592389664462733
2449 0.009592372665665908
2450 0.009592439871327423
2451 0.009592405544359981
2452 0.009592446814026536
2453 0.009592388797965619
2454 0.009592418664373418
2455 0.009592354707667628
2456 0.00866579247763432
2457 0.008706324997534286
2458 0.008879660531578628
2459 0.009109759256106206
2460 0.009324897607405855
2461 0.009497690041984065
2462 0.009619301365061204
2463 0.009695287517386977
2464 0.009734956356716496
2465 0.009748362221887009
2466 0.009747627218921005
2467 0.009736061964859415
2468 0.00971818242713007
2469 0.009698019387355313
2470 0.009678278479365062
2471 0.00966043841493913
2472 0.009645445836331859
2473 0.009633282498196807
2474 0.00962286932153503
2475 0.009615141288339048
2476 0.009610109400254255
2477 0.009606115268302146
2478 0.009603621575340435
2479 0.009601782421222806
2480 0.009600402950700811
2481 0.009599389184437529
2482 0.009598660567004083
2483 0.009598109053119143
2484 0.009597737424080297
2485 0.009597324217397408
2486 0.009596946708586906
2487 0.009596524081735593
2488 0.009596408676933569
2489 0.009595965384821058
2490 0.009595664618268053
2491 0.009595627696579677
2492 0.009595739411431728
2493 0.009595853210640739
2494 0.009596115212166346
2495 0.009596395663235589
2496 0.009596831222537922
2497 0.009597253102570454
2498 0.009597786449422437
2499 0.009598244379571463
2500 0.009598764939174513
2501 0.009599210401134517
2502 0.009599720586224096
2503 0.009600084954111604
2504 0.009600532769982342
2505 0.009600792018510034
2506 0.009601118928029555
2507 0.009601356569152069
2508 0.009601624480594387
2509 0.009601758645137029
2510 0.009601937308201211
2511 0.009601973986999203
2512 0.009210862759554185
2513 0.009276734491605369
2514 0.009390469344645089
2515 0.009467347022130364
2516 0.009525129936791775
2517 0.009558886153420529
2518 0.009578697274368393
2519 0.009590786299309267
2520 0.009599113324007083
2521 0.009607525382375214
2522 0.009616318669097419
2523 0.00962457523784078
2524 0.009632167588359586
2525 0.009639309072576407
2526 0.009645416797247654
2527 0.009648226710510974
2528 0.009651280735179939
2529 0.009652713182572404
2530 0.009652554197554319
2531 0.009650962072992346
2532 0.009648142280699884
2533 0.009644335378982689
2534 0.009639823837577936
2535 0.009634837583265075
2536 0.009629667033464056
2537 0.00962468906124127
2538 0.009620176363213166
2539 0.009616434081645822
2540 0.009613054551941258
2541 0.009609501359884516
2542 0.009606414291476285
2543 0.009603765819882242
2544 0.00960155959523519
2545 0.009599594561506435
2546 0.009597869788802482
2547 0.009596247674768668
2548 0.009594809546968903
2549 0.009593423364761561
2550 0.009592157270710921
2551 0.009591003786658262
2552 0.00959010734469933
2553 0.009589330033627911
2554 0.009588741951975467
2555 0.009588292666091109
2556 0.00958794737110997
2557 0.009587693044177207
2558 0.009587644592594509
2559 0.009587650643482954
2560 0.008400223105018301
2561 0.008851505042576917
2562 0.009146890558319559
2563 0.00933566170128183
2564 0.009448229728182166
2565 0.009510049258532544
2566 0.009540309578481137
2567 0.009546541046547369
2568 0.009542063715793095
2569 0.00953313074946629
2570 0.00952433699748235
2571 0.009518804358621596
2572 0.009516335146835978
2573 0.009517259401270394
2574 0.009520447308112967
2575 0.009524822017143362
2576 0.009529364701562432
2577 0.009533103293324382
2578 0.009536014193663659
2579 0.009537774229568986
2580 0.009538560997029936
2581 0.009538074162647958
2582 0.009536711025138441
2583 0.009534417792056183
2584 0.009531722460506854
2585 0.009528616441727122
2586 0.009525465311505468
2587 0.009522253794906583
2588 0.009519177584166589
2589 0.009516046069057442
2590 0.009513267362360427
2591 0.009510733057398512
2592 0.009508469513045693
2593 0.009506335020364362
2594 0.009504590184198155
2595 0.009502934668737943
2596 0.009501527159567261
2597 0.00950013320304229
2598 0.009498957007420965
2599 0.009497748151098192
2600 0.009496807142345048
2601 0.009495819865867137
2602 0.009495072870025109
2603 0.009494336597072319
2604 0.009493810778729964
2605 0.009493266768979693
2606 0.009492959950817973
2607 0.009492631885702747
2608 0.009492539983513949
2609 0.009492426348788486
2610 0.009492459258972859
2611 0.009492415290181794
2612 0.00949257115191221
2613 0.009492606482472923
2614 0.009492801182940075
2615 0.009492915931228111
2616 0.00949313301837105
2617 0.009493225056194673
2618 0.00949347475913094
2619 0.009493561626956144
2620 0.009493777271632258
2621 0.009493889413695951
2622 0.009494079498259034
2623 0.00949413989239258
2624 0.009494354272191209
2625 0.00949439769483322
2626 0.009494559011542201
2627 0.009494606095355216
2628 0.009494737041684843
2629 0.009494720273673561
2630 0.009494844612866711
2631 0.009494791270794771
2632 0.008497878854623463
2633 0.008636328587488636
2634 0.00882357444394543
2635 0.009033315720582229
2636 0.009222327530829407
2637 0.009375121215745302
2638 0.009484196992763587
2639 0.009553003437767592
2640 0.009587443007234275
2641 0.00959590820379325
2642 0.009587238742127172
2643 0.009567398760572866
2644 0.009542547084525928
2645 0.0095166853941325
2646 0.009492451470904118
2647 0.009472520299903787
2648 0.009456717895741927
2649 0.009443846815047487
2650 0.009434190623711628
2651 0.009428021655902351
2652 0.009424528462431652
2653 0.009422694234351393
2654 0.009421789243877644
2655 0.009421548471070174
2656 0.009421570723501653
2657 0.009421589200511751
2658 0.009421709370908058
2659 0.009421577123512579
2660 0.009421598713522326
2661 0.009421300516846632
2662 0.009421293601546046
2663 0.009421391100967782
2664 0.009421633341442361
2665 0.009422039169830643
2666 0.009422583082265379
2667 0.009423366883065793
2668 0.009424329358325455
2669 0.009425529759016121
2670 0.009426708189733277
2671 0.009427991545827677
2672 0.009429439130093675
2673 0.009430748625782092
2674 0.009432003383176082
2675 0.009433337483609774
2676 0.009434459816624901
2677 0.009435592960956637
2678 0.009436587312544532
2679 0.009437333541352854
2680 0.009438083338224169
2681 0.009438659883815129
2682 0.009439051995456979
2683 0.009439371562105758
2684 0.009439614230158476
2685 0.009439757645900965
2686 0.009439863817817798
2687 0.009439879382836294
2688 0.009324039322676989
2689 0.009201034473679395
2690 0.00920859325161851
2691 0.009242751972956566
2692 0.00928350928055695
2693 0.009326731802914394
2694 0.009362124683115654
2695 0.009393997619337045
2696 0.009416141232771265
2697 0.009433923262305275
2698 0.009444645233049562
2699 0.009451090340672499
2700 0.009453717807329898
2701 0.009453979208983136
2702 0.009452015448272701
2703 0.00944914662492656
2704 0.009445889395169745
2705 0.009442459572775699
2706 0.009439727830207524
2707 0.00943701447117316
2708 0.009434777832039757
2709 0.009432999510009685
2710 0.009431105927073887
2711 0.009429601160217302
2712 0.009428405829498743
2713 0.009427415664298115
2714 0.00942676039180514
2715 0.009425835436598407
2716 0.009425230050423675
2717 0.009424534337323232
2718 0.009423808369571728
2719 0.009423070774369772
2720 0.009422405294611502
2721 0.00942167092829359
2722 0.009421116594403905
2723 0.009420685319888262
2724 0.009420329174914087
2725 0.009420022481282113
2726 0.009419805948029502
2727 0.009419547586524137
2728 0.009419430998380333
2729 0.009419441153241571
2730 0.00941953192541376
2731 0.009419688855819466
2732 0.009420012336848102
2733 0.009420286217589178
2734 0.009420622138720733
2735 0.009421054340254541
2736 0.009421517508340308
2737 0.009421977297835449
2738 0.009422449768515659
2739 0.009422922974073565
2740 0.009423393061998023
2741 0.009423867601821756
2742 0.009424309904932468
2743 0.009424735478752541
2744 0.009425148712875144
2745 0.009425519028907026
2746 0.009425852565424881
2747 0.009426166158924755
2748 0.009426401140673347
2749 0.009426564435897532
2750 0.009426718730775205
2751 0.009426860277120098
2752 0.009426958240677781
2753 0.009427010468329467
2754 0.009427069540715328
2755 0.009427047074602088
2756 0.009427018855499528
2757 0.009426987161181477
2758 0.009497648084773632
2759 0.009679375400412594
2760 0.009739454832569952
2761 0.00973690881532926
2762 0.009677680838496025
2763 0.00960639016068255
2764 0.009539596418304562
2765 0.009487659252663098
2766 0.009452378176916319
2767 0.009433080444781408
2768 0.009428215916345054
2769 0.009432963721011493
2770 0.009443324530721007
2771 0.009456171100955408
2772 0.009467952574983353
2773 0.009478716271463563
2774 0.009487824436297374
2775 0.009493540877888043
2776 0.009496652407182535
2777 0.009497437397942546
2778 0.009496845090898872
2779 0.009494943034933201
2780 0.009491934667332591
2781 0.009488391376194696
2782 0.009485017196437233
2783 0.009481551814007767
2784 0.009477965473292669
2785 0.009475260251393501
2786 0.009472887125518218
2787 0.009470526015613158
2788 0.009468832091491285
2789 0.009467335703777974
2790 0.009465783937858645
2791 0.009464387993859423
2792 0.009463441166739611
2793 0.009462122676403275
2794 0.009461127844436088
2795 0.009459677639992076
2796 0.00945840993534239
2797 0.009457096210377876
2798 0.009456033203352686
2799 0.00945470502057952
2800 0.009453466705478733
2801 0.009452299446989207
2802 0.009451296964459354
2803 0.009450343414154409
2804 0.009449524753586623
2805 0.009448785855741501
2806 0.009448142403472169
2807 0.009447537123280078
2808 0.009447100441030245
2809 0.009446776983630974
2810 0.00944653406125108
2811 0.009446357710312187
2812 0.009446245971233331
2813 0.009446193496421666
2814 0.008547656242562722
2815 0.00897527251950871
2816 0.009260299116193646
2817 0.009470261260513204
2818 0.009605942590968239
2819 0.009684912378138993
2820 0.009718513541922765
2821 0.009719320639866792
2822 0.009697945287586406
2823 0.009666325768317397
2824 0.009631595021775498
2825 0.009599184927980151
2826 0.009571795924538952
2827 0.009550520169914107
2828 0.009535519641403112
2829 0.009525877637918654
2830 0.009520544802652013
2831 0.009518487929700024
2832 0.00951789677952389
2833 0.00951796830085759
2834 0.009518140244308247
2835 0.009518059952248956
2836 0.009517761513565143
2837 0.009516635328666102
2838 0.009515176637830407
2839 0.009513293054163924
2840 0.009511343481014562
2841 0.009509266467071471
2842 0.009507649979561017
2843 0.009506102072193623
2844 0.009504713839091112
2845 0.00950389079178977
2846 0.009503456171689762
2847 0.009503286647114351
2848 0.009503398958868346
2849 0.00950396180318158
2850 0.009504847465179914
2851 0.009505863363103729
2852 0.009507114757729269
2853 0.009508353226639983
2854 0.009509741911852778
2855 0.009511086263284969
2856 0.009512399073247815
2857 0.009513593124468995
2858 0.009514842601986222
2859 0.009515898916139723
2860 0.009516943173985161
2861 0.009517816377683166
2862 0.00951866942079967
2863 0.009519323573633326
2864 0.009519954886347919
2865 0.009520390733159368
2866 0.009520813924014436
2867 0.009521052536077801
2868 0.009521343779434539
2869 0.009521458744950053
2870 0.009521547161097705
2871 0.009521496798260467
2872 0.00952151968656071
2873 0.009521397806977855
2874 0.009521330580680288
2875 0.009521157865868286
2876 0.009521064929176034
2877 0.009014620963799565
2878 0.008986317931705958
2879 0.009104679890297182
2880 0.009248696379678926
2881 0.009386204161320676
2882 0.0094832006292895
2883 0.009553314027055618
2884 0.009593405442818637
2885 0.009612166548153953
2886 0.009611713540763624
2887 0.009599971334604203
2888 0.009580540050439363
2889 0.009558347953765192
2890 0.009536185587122768
2891 0.009515883582163204
2892 0.009498760287563251
2893 0.009485265510944247
2894 0.00947527757319366
2895 0.009468279212594645
2896 0.009463814066382744
2897 0.009461092832642591
2898 0.009459665757385802
2899 0.009458860836453422
2900 0.009458456917152304
2901 0.009458039301980078
2902 0.00945762638714861
2903 0.009456918541931593
2904 0.009456165656018724
2905 0.009455287116742437
2906 0.009454550041133679
2907 0.009453906456109704
2908 0.009453583338465469
2909 0.009453355575129056
2910 0.009453425447041234
2911 0.009453658959114023
2912 0.009454182258750681
2913 0.009454876543079405
2914 0.009455808173167225
2915 0.00945682066152684
2916 0.009458049256249009
2917 0.009459267679002983
2918 0.00946066862049481
2919 0.009461951559925416
2920 0.009463036445615122
2921 0.009464185383634078
2922 0.009465465110460078
2923 0.00946651807392334
2924 0.009467482883891949
2925 0.009468473119601729
2926 0.009469534523077494
2927 0.009470409461338055
2928 0.009471274647279938
2929 0.009471938320485405
2930 0.009472601963082422
2931 0.009473102263148053
2932 0.009473599588482358
2933 0.00947394813928502
2934 0.009474317329873215
2935 0.009474584673716693
2936 0.009474964747408766
2937 0.009474861221194541
2938 0.009474874157417934
2939 0.009474823722361655
2940 0.00947483724997295
2941 0.009474704698917221
2942 0.009474642150949847
2943 0.009474498026420612
2944 0.009474449545731761
2945 0.009474347695925646
2946 0.009474292400578501
2947 0.00947414475194122
2948 0.009474058930064387
2949 0.009473896072640967
2950 0.009473803272058452
2951 0.009473653982241247
2952 0.009473596429360413
2953 0.009473494239511491
2954 0.009473562592309198
2955 0.009473329117835924
2956 0.009473200396613136
2957 0.00947303957018523
2958 0.009472971944042391
2959 0.009421632939192457
2960 0.009346692597642736
2961 0.009320969402923748
2962 0.009298095358607452
2963 0.009269777625090824
2964 0.009251018213406867
2965 0.009240807159226082
2966 0.009242999972365181
2967 0.009252324938478952
2968 0.009268424773346639
2969 0.009285311628708026
2970 0.009301667334464879
2971 0.009316637671777568
2972 0.009328863211062955
2973 0.009337474930673724
2974 0.009343214430462293
2975 0.009346473388907008
2976 0.00934802738631365
2977 0.009347881236659939
2978 0.009347345223177464
2979 0.009346702664432653
2980 0.00934633688273941
2981 0.009346231640152755
2982 0.009346017536158649
2983 0.009345933093430979
2984 0.00934583354247728
2985 0.009346079008720781
2986 0.009345916536396015
2987 0.009345493454745451
2988 0.009344950209984552
2989 0.00934432262100875
2990 0.009343558397957656
2991 0.009342374923769109
2992 0.009341112853791193
2993 0.00933984690178892
2994 0.009338682565743028
2995 0.009337134290863247
2996 0.009335559643466553
2997 0.009334004949319859
2998 0.009332563500254744
2999 0.009330998761873079
3000 0.009329211945128046
3001 0.009327613808859922
3002 0.0093259703810895
3003 0.009324533639869039
3004 0.00932292338202126
3005 0.009321588834818416
3006 0.009320325142952243
3007 0.009319350838797327
3008 0.009318231112387741
3009 0.009317348211532394
3010 0.009316558174000537
3011 0.009315967430291523
3012 0.00931515851446668
3013 0.00931441148207793
3014 0.009313811045213427
3015 0.009313404261997673
3016 0.009313159760533913
3017 0.009312726644147793
3018 0.009312447514325471
3019 0.009312344075178416
3020 0.00931248009895971
3021 0.009312421065798692
3022 0.008683230318331023
3023 0.009156294428672523
3024 0.009335482386219913
3025 0.009389266405364544
3026 0.009345866297199957
3027 0.009283833956895303
3028 0.009223204607240111
3029 0.009180180678993795
3030 0.009155502743209747
3031 0.009146972899055474
3032 0.009151257072749549
3033 0.009165776703322307
3034 0.009187360682992966
3035 0.009208658819220434
3036 0.009226134270989683
3037 0.009238204974507334
3038 0.009246388050956098
3039 0.009250752225366556
3040 0.00925188929435612
3041 0.009251143361161292
3042 0.009248471912162722
3043 0.00924527576158129
3044 0.009241811386723968
3045 0.009238749636332958
3046 0.009236374585967632
3047 0.009235115075086
3048 0.009234194915765636
3049 0.009234027093380831
3050 0.009234405214662979
3051 0.00923529836746264
3052 0.009236422502309572
3053 0.009237727099014416
3054 0.009238878050530846
3055 0.009239868688814174
3056 0.009240578503727994
3057 0.009241083590219924
3058 0.009241319059579126
3059 0.009241388213102091
3060 0.00924127339991856
3061 0.009241040921325589
3062 0.009240706930348799
3063 0.009240402001709188
3064 0.009240066432283115
3065 0.009239795849796652
3066 0.009239491374382042
3067 0.009239238757095975
3068 0.009239021181442344
3069 0.009238870077885318
3070 0.009238732845493994
3071 0.00923868410498105
3072 0.009238630365969291
3073 0.009238660496421733
3074 0.009238694048941377
3075 0.009238807572932842
3076 0.009238932528397508
3077 0.009239127174112112
3078 0.009239315512750906
3079 0.009239552767215211
3080 0.009239782738296591
3081 0.009240047373377918
3082 0.009240299988544688
3083 0.009240587653211837
3084 0.009240840044163754
3085 0.009241126352181593
3086 0.009241370539982034
3087 0.009241655314909831
3088 0.009241886780554659
3089 0.009242150674642456
3090 0.009242365694749725
3091 0.00924260175091616
3092 0.00924277443439412
3093 0.009242963343064277
3094 0.009243094864851628
3095 0.009243239860508304
3096 0.009243328515425234
3097 0.008823690514582552
3098 0.008914536840763267
3099 0.009020020753225803
3100 0.009143414708913904
3101 0.009255838030784979
3102 0.009341083080141485
3103 0.009395899709933596
3104 0.00942203423379041
3105 0.009424771147685501
3106 0.009411031126848563
3107 0.009385004516518901
3108 0.009354852474579265
3109 0.009325898981527969
3110 0.009300740804325573
3111 0.009280795811650708
3112 0.009265827102899391
3113 0.00925530534905384
3114 0.00924889037412018
3115 0.009244984174715445
3116 0.00924321594739692
3117 0.009242424761176017
3118 0.009241998654772193
3119 0.009241652513678433
3120 0.009240895229500461
3121 0.009239793722434124
3122 0.009238372223596036
3123 0.009236831927772592
3124 0.009235282854041068
3125 0.009234029476937586
3126 0.009233121134619696
3127 0.009232477433531007
3128 0.009232352761973714
3129 0.00923278079797136
3130 0.009233532921175704
3131 0.009234701136047626
3132 0.009236095589198915
3133 0.009237779502027249
3134 0.00923953386671434
3135 0.009241412836679544
3136 0.009243252721695927
3137 0.009245066030647939
3138 0.009246721582075379
3139 0.009248290545391115
3140 0.009249673125413572
3141 0.00925094064137123
3142 0.009251989651380754
3143 0.009252960468098918
3144 0.009253773436889779
3145 0.009254496284870585
3146 0.009255051649090566
3147 0.009255543819017952
3148 0.009255896522149653
3149 0.009256219808524521
3150 0.009256404155995504
3151 0.009256544527923585
3152 0.00925658490246652
3153 0.00915990367904739
3154 0.009161447940712374
3155 0.009255947816549988
3156 0.009375630287897264
3157 0.009455730906786936
3158 0.009530986052983539
3159 0.009549577055042193
3160 0.00955793923856162
3161 0.009533714554897047
3162 0.009506689033962937
3163 0.009467762513629458
3164 0.009433321386743366
3165 0.009399019336088211
3166 0.009372949137904095
3167 0.009351646820246124
3168 0.009337950393037751
3169 0.009328753280889574
3170 0.00932441648981055
3171 0.009322909496856767
3172 0.009323872541926206
3173 0.009325705494749344
3174 0.00932794427645894
3175 0.009329814905239825
3176 0.009331054810577765
3177 0.009331654093102911
3178 0.00933123356821044
3179 0.009329802841886357
3180 0.009327714496860377
3181 0.009325260499922364
3182 0.009322599067833375
3183 0.009320628833075044
3184 0.009318406458217448
3185 0.009316213703970528
3186 0.009314027754686541
3187 0.009312237208519005
3188 0.009310277614019891
3189 0.009308314146688061
3190 0.009307300386856968
3191 0.009306424803131392
3192 0.009306171861284523
3193 0.009306039886099737
3194 0.009306320612635777
3195 0.009306886927335447
3196 0.009307643268333238
3197 0.009308571256571235
3198 0.009309260901653321
3199 0.009309987586351029
3200 0.009310692080440785
3201 0.009311468096417922
3202 0.00931210089965467
3203 0.009312472187346044
3204 0.009312803228376512
3205 0.009313142487403087
3206 0.009313470246887581
3207 0.009313750332498719
3208 0.009313703850012834
3209 0.009313702160208569
3210 0.00931369504818633
3211 0.009313781574191464
3212 0.009313853160496448
3213 0.009313694325440536
3214 0.009313516551532718
3215 0.009313407241497774
3216 0.009313345366991587
3217 0.00931330193655637
3218 0.009400306626374644
3219 0.009478014866186246
3220 0.009464471875466618
3221 0.009416665495474614
3222 0.009339582486424023
3223 0.009270574873866677
3224 0.009214803720537294
3225 0.009177400716076475
3226 0.009158402521663351
3227 0.009153591808751348
3228 0.00915890394511352
3229 0.009168570947611612
3230 0.009182189290686947
3231 0.009197411829410779
3232 0.009212690915210892
3233 0.00922525652279422
3234 0.00923403951330916
3235 0.009238625576376371
3236 0.009241276162578691
3237 0.009241207987146411
3238 0.009240426392708645
3239 0.009239624488494316
3240 0.009238819071048171
3241 0.009238264303481241
3242 0.009238176195637762
3243 0.009238656944138068
3244 0.009239229805862347
3245 0.009239784751489555
3246 0.009240275613972256
3247 0.009240703397958175
3248 0.009240902779529778
3249 0.009240625274813936
3250 0.009240419935855086
3251 0.009239974654816113
3252 0.009239191800974274
3253 0.009238044118437021
3254 0.009236910119384991
3255 0.009235810289857725
3256 0.009234898312089561
3257 0.009233698215956154
3258 0.009232575175628324
3259 0.009231612605951699
3260 0.00923090634771946
3261 0.009229980992786857
3262 0.00922912923578177
3263 0.009228414039929978
3264 0.009227926799511328
3265 0.009227213226685861
3266 0.009226553482207276
3267 0.00922599365971625
3268 0.009225651846700414
3269 0.009225204391739567
3270 0.00922465716938653
3271 0.009224221034538006
3272 0.00922388036080226
3273 0.009223633259367821
3274 0.009223254185346598
3275 0.009223020236482672
3276 0.009222940602191415
3277 0.007782102847019106
3278 0.008337310309778675
3279 0.008615102189202809
3280 0.00875653091010568
3281 0.008812130519077954
3282 0.008832838810051436
3283 0.00884012666871728
3284 0.008845932956706623
3285 0.008859069307356752
3286 0.00887783385728259
3287 0.008902940854464038
3288 0.008930434048860588
3289 0.008956565325108308
3290 0.008979598505108988
3291 0.008998685134318073
3292 0.009011993988176084
3293 0.009020399638672696
3294 0.009023999146178465
3295 0.009024397951745304
3296 0.009020882061401883
3297 0.009014581646346944
3298 0.009007116776680559
3299 0.008999447673645954
3300 0.008992292538949599
3301 0.008985725011019061
3302 0.008980564788637232
3303 0.008976663831146522
3304 0.008974553831703244
3305 0.008972998036705796
3306 0.008972536074690745
3307 0.008972693096019632
3308 0.00897369234329045
3309 0.008974625020224511
3310 0.008975539315781107
3311 0.008976362794722291
3312 0.008977257446814399
3313 0.008977891712982231
3314 0.00897814388083475
3315 0.008978119763232487
3316 0.008978164778383306
3317 0.008978060571515296
3318 0.008977720366329293
3319 0.008977152849298979
3320 0.008976819053442922
3321 0.008976521776716952
3322 0.008976317650734972
3323 0.008975812456483122
3324 0.008975580426933126
3325 0.008975392223902534
3326 0.008975512836186056
3327 0.008975243651537563
3328 0.008975188863035064
3329 0.008975139881921772
3330 0.008975433553104085
3331 0.008975340142851109
3332 0.008975383433314128
3333 0.008975400686392415
3334 0.008975725353587375
3335 0.008975729057803805
3336 0.008975784008716429
3337 0.008975801531228856
3338 0.008976080198375409
3339 0.008976251272255853
3340 0.008976274160872566
3341 0.008976260948039782
3342 0.008976495787174863
3343 0.008976774589458206
3344 0.008976901861387825
3345 0.008976886834344111
3346 0.008749871564407832
3347 0.008711427709714489
3348 0.008766631903393031
3349 0.008836598821853106
3350 0.008916044639559782
3351 0.008985033442539449
3352 0.009035138416173594
3353 0.009063953129725208
3354 0.00907719304620902
3355 0.009075576280511108
3356 0.009065227267582649
3357 0.009049803918947455
3358 0.009033962399319889
3359 0.009018813449165069
3360 0.009006162829186124
3361 0.008996052826093269
3362 0.008989415402144043
3363 0.008985416615138093
3364 0.008983122760495897
3365 0.0089822214481539
3366 0.008982007965284271
3367 0.008981991600311372
3368 0.008981921120874327
3369 0.008981417999210364
3370 0.00898056591924235
3371 0.00897973140100514
3372 0.008978607087632371
3373 0.008977523245996374
3374 0.008976370289157591
3375 0.008975602458549684
3376 0.008975028669385592
3377 0.00897463021247919
3378 0.008974320413596335
3379 0.008974398812891629
3380 0.008974749294368376
3381 0.008975365973191823
3382 0.008975874752519288
3383 0.00897649835150559
3384 0.008977121331743968
3385 0.008977986172636241
3386 0.008978781593363638
3387 0.008979437822295286
3388 0.008980122652468753
3389 0.008980831753047609
3390 0.008981427574595332
3391 0.00898188055367961
3392 0.008982333938248427
3393 0.008982692731967831
3394 0.008983328450336614
3395 0.008983598717899891
3396 0.008983777322385401
3397 0.008984001307462882
3398 0.008984384180047253
3399 0.008984657622932397
3400 0.00898481648992789
3401 0.008985093458264972
3402 0.008985366651451148
3403 0.008985621729852088
3404 0.008985629459484563
3405 0.009524990802409474
3406 0.009473786408583299
3407 0.009501348333182526
3408 0.00955509468370663
3409 0.009592132685995994
3410 0.009610038013207025
3411 0.009588236998199932
3412 0.009564233198018005
3413 0.009508757875259859
3414 0.009462788257700028
3415 0.009399350772057577
3416 0.009353307074363475
3417 0.009302694468995995
3418 0.009269734278006423
3419 0.009238304744007074
3420 0.009222167170226895
3421 0.009208974231608994
3422 0.009205440482119329
3423 0.009203310463026146
3424 0.009206168243492682
3425 0.009208924219014
3426 0.009213626763700487
3427 0.009216703394616938
3428 0.009220047384628874
3429 0.009221939475104858
3430 0.009223187262282341
3431 0.00922275991564705
3432 0.009221687182056361
3433 0.009219448421511204
3434 0.009217089755946314
3435 0.009214004280432262
3436 0.009211124622751865
3437 0.009209293438619766
3438 0.009207369584014495
3439 0.009205344762429599
3440 0.009203422057372464
3441 0.009201876555003615
3442 0.009200708670470721
3443 0.009199876846609891
3444 0.009199141151551675
3445 0.009198628442397197
3446 0.009198549640315992
3447 0.009198709074361771
3448 0.009198859936336901
3449 0.009199285659973515
3450 0.009199849430540957
3451 0.009200655302915249
3452 0.009201518954535259
3453 0.009202155310909175
3454 0.009202947914048867
3455 0.009203629912492682
3456 0.009204494180549116
3457 0.009204958861454188
3458 0.009205514032768109
3459 0.009205961574987065
3460 0.009206653079054536
3461 0.009206946342816684
3462 0.009207356916863151
3463 0.009207631966882401
3464 0.009208087090592383
3465 0.009208256697264687
3466 0.009208545859563934
3467 0.009208609186998722
3468 0.009208862346318783
3469 0.009208981403793245
3470 0.009209023663544241
3471 0.009208904045281583
3472 0.009209020961984123
3473 0.009209046563236794
3474 0.009208997956907229
3475 0.009208771289851078
3476 0.009208699684408685
3477 0.009208575757746062
3478 0.009208445679022159
3479 0.009208024090959246
3480 0.009207819599150692
3481 0.009207473507682876
3482 0.009207446812019481
3483 0.009362055883008421
3484 0.00962497382873095
3485 0.009702385053506348
3486 0.009698017255875012
3487 0.009632125435455014
3488 0.009544730689022764
3489 0.009452961700412885
3490 0.009374236490864777
3491 0.009310636107126699
3492 0.009266221111827382
3493 0.009237748645257594
3494 0.009223098928766535
3495 0.009218435778174888
3496 0.009219549176790159
3497 0.009225016999568229
3498 0.00923267868446751
3499 0.00924118575259915
3500 0.009249227387610146
3501 0.009256750495486429
3502 0.009263317234900075
3503 0.00926916322703784
3504 0.009273725960578518
3505 0.009277481462204876
3506 0.009280017936601746
3507 0.009282230892584512
3508 0.009283502256577321
3509 0.009284187224196308
3510 0.009283945979835157
3511 0.009283510727491923
3512 0.00928239679490823
3513 0.009280759749182918
3514 0.009278540660169405
3515 0.009276352594573347
3516 0.009273833159735713
3517 0.009271166223298629
3518 0.009268241657538543
3519 0.009265727424698415
3520 0.009263236367434558
3521 0.009261016794907531
3522 0.00925879689123432
3523 0.009257098783658648
3524 0.009255534035516424
3525 0.00925440554050494
3526 0.009253119877941652
3527 0.009252283473889828
3528 0.009251523554855291
3529 0.009251089488669564
3530 0.009250400886404608
3531 0.009250090831987473
3532 0.009249797185167235
3533 0.009249826903325395
