"C_l_NACA_0012_final_30_long-rfile"
"Iteration" "C_l_NACA_0012_final_30_long"
("Iteration" "C_l_NACA_0012_final_30_long")
518 0.2426942536389995
519 0.242693874487918
520 0.2431497741158479
521 0.24337422680749
522 0.2435918743848685
523 0.2437193390960398
524 0.2438490414887328
525 0.243944820662431
526 0.2440515124013751
527 0.2441455497783235
528 0.244244608906236
529 0.2443296035262779
530 0.244411804527033
531 0.2444808774638555
532 0.2445484940490198
533 0.244609434971609
534 0.2446609431882733
535 0.2447077246599881
536 0.2447490363477004
537 0.2447886828373496
538 0.2448244519912361
539 0.2448571406476149
540 0.2448860038788307
541 0.2449111363910965
542 0.2449345607432552
543 0.2449579570570714
544 0.2449771132858827
545 0.2449904303185032
546 0.2450009985417673
547 0.2450107892189916
548 0.2450177289806486
549 0.2450231010944094
550 0.2450284769329627
551 0.245030158269932
552 0.2450314488806641
553 0.2450304276081429
554 0.2450280072153345
555 0.2450243858149961
556 0.2450198174122884
557 0.2450167649148686
558 0.2450106688289274
559 0.2450058740397188
560 0.2449977101859156
561 0.2449917323017665
562 0.2449843200451587
563 0.2449760694929483
564 0.2449673908774303
565 0.2449594276225033
566 0.2449522309621375
567 0.2449446983487549
568 0.2449368323808421
569 0.244930104081772
570 0.2449246205846257
571 0.2449188905891755
572 0.2449140994459957
573 0.2449085472704067
574 0.2449044582879745
575 0.2448998861675752
576 0.2448961622329318
577 0.2448917344233229
578 0.2448882209644231
579 0.2448850201071226
580 0.2448820070467035
581 0.2448791119364701
582 0.24487626821408
583 0.2448741682018836
584 0.2454920001376121
585 0.2457730816291965
586 0.2460002528119052
587 0.2461688301013245
588 0.2463140497758617
589 0.2464110881321222
590 0.2465014355976778
591 0.2465787194803392
592 0.2466474746522075
593 0.2467102458684272
594 0.2467656703958103
595 0.2468192626547224
596 0.2468681564509331
597 0.2469176109019679
598 0.2469617046735671
599 0.2470053313494124
600 0.2470463181544629
601 0.2470830708720176
602 0.2471189568851916
603 0.2471530246697427
604 0.2471831387016948
605 0.2472115188010676
606 0.2472383114105313
607 0.2472636173255454
608 0.2472837928986943
609 0.2473001487357558
610 0.2473172738386648
611 0.247334893542499
612 0.2473466561090629
613 0.2473581311574546
614 0.2473641076578882
615 0.247366683115818
616 0.2473669300203009
617 0.2473681926811722
618 0.2473657345520814
619 0.2473611646740252
620 0.2473550483712546
621 0.2473503421822174
622 0.247343466787356
623 0.2473345030459525
624 0.2473248841494729
625 0.2473161344418107
626 0.2473075283651798
627 0.2472987666775413
628 0.2472911189137835
629 0.2472834138543887
630 0.2472757053879753
631 0.2472690188187127
632 0.247262397500616
633 0.2472564993367416
634 0.2472508973335374
635 0.2472453641001694
636 0.24724066301227
637 0.247236746756212
638 0.2472324905720901
639 0.2472289567752658
640 0.2472254574890487
641 0.2472227744973549
642 0.2472206159480885
643 0.2472186474433024
644 0.2479667720310277
645 0.2482909115210769
646 0.248549153246562
647 0.2487307761043669
648 0.2488825526088006
649 0.2489822049889505
650 0.2490700949683796
651 0.2491346742097172
652 0.2492074573983036
653 0.2492825371100962
654 0.2493390056380867
655 0.2493967783059063
656 0.2494461608353264
657 0.2494930382974156
658 0.2495423254759983
659 0.2495870762653783
660 0.2496303954641415
661 0.2496718190920978
662 0.2497134418946393
663 0.2497505300461377
664 0.2497888081268052
665 0.2498226509644096
666 0.2498542505936177
667 0.249883339365044
668 0.2499117516661959
669 0.2499339095031078
670 0.2499519505477852
671 0.2499695775084156
672 0.2499817640315692
673 0.2499910240294369
674 0.2499992263085282
675 0.2500063607049048
676 0.2500087641815817
677 0.2500122802229744
678 0.2500096739726844
679 0.2500046703386086
680 0.2499958757673022
681 0.2499887810958105
682 0.2499811856689755
683 0.2499723773202237
684 0.2499644363735289
685 0.2499544590853516
686 0.2499449475264438
687 0.2499349205970048
688 0.249924648646628
689 0.2499138211419985
690 0.2499029394111552
691 0.2498936749505478
692 0.2498852090712772
693 0.2498768380862323
694 0.2498695442366569
695 0.2498627058032031
696 0.2498570347551568
697 0.2498517812903545
698 0.2498468137661312
699 0.2498420567930474
700 0.2498386259323637
701 0.249835404531114
702 0.2498318881387988
703 0.2498293589236422
704 0.249826258126672
705 0.2498252209655597
706 0.2498233389264772
707 0.2507375317141018
708 0.2510848497225777
709 0.2513653053729081
710 0.2515646275539387
711 0.2517407963438792
712 0.2518634687892812
713 0.2519705655079245
714 0.2520534888913086
715 0.2521423469193334
716 0.2522236346153989
717 0.2522951561336458
718 0.2523558259922318
719 0.2524078670530477
720 0.2524648867496285
721 0.252512975425937
722 0.2525598753433369
723 0.2526025745822119
724 0.2526456386577382
725 0.2526878637186929
726 0.2527260312759035
727 0.2527648418961676
728 0.2528003289546629
729 0.2528307795472876
730 0.2528584459041541
731 0.2528838147548643
732 0.2529083465848816
733 0.2529267712743349
734 0.252941012079064
735 0.2529561626550646
736 0.2529648048104577
737 0.2529728681029131
738 0.2529787579749061
739 0.2529875139081023
740 0.2529907445975944
741 0.2529897219955932
742 0.2529858345981752
743 0.2529837110673502
744 0.2529819334760182
745 0.252979218773374
746 0.2529765841973667
747 0.2529720635666199
748 0.2529675868099001
749 0.2529615088180852
750 0.2529540546268861
751 0.2529453982422241
752 0.2529388619391916
753 0.2529324114696058
754 0.2529268277218899
755 0.2529205827661378
756 0.252915132366513
757 0.252908915909147
758 0.2529047917572603
759 0.2529003872711842
760 0.2528964428372789
761 0.2528924607126841
762 0.2528892134191005
763 0.2528859124789902
764 0.2528831780520348
765 0.2528806268571111
766 0.2528780040838633
767 0.252875229268672
768 0.2528728530438393
769 0.2528707841157281
770 0.2528687319868386
771 0.2528652143838823
772 0.2528638098576533
773 0.2539541636819075
774 0.2543419768977562
775 0.2546515928369046
776 0.2548778524862392
777 0.2550625675181092
778 0.2551751459990458
779 0.2552854952896724
780 0.2553644965584892
781 0.2554453120045071
782 0.2555181315166873
783 0.255595517830972
784 0.2556625214153912
785 0.2557247176425561
786 0.2557870736595419
787 0.255845604087001
788 0.2559040582474589
789 0.2559572137619576
790 0.2560099981425956
791 0.2560619021332377
792 0.2561084444808746
793 0.2561562533400679
794 0.2562000706438445
795 0.2562378574382346
796 0.2562711759371953
797 0.2563033852052189
798 0.25633084711587
799 0.2563539380539255
800 0.2563713266422395
801 0.2563906234261653
802 0.2564051391550744
803 0.2564193410561207
804 0.2564256330423351
805 0.2564321768982481
806 0.2564323759245688
807 0.2564367092359897
808 0.2564335577551816
809 0.2564288019133442
810 0.2564226995021494
811 0.2564167085521165
812 0.2564089030758332
813 0.2563968955358131
814 0.2563852308680782
815 0.2563753495725352
816 0.2563666962280865
817 0.2563596899265532
818 0.2563540713324234
819 0.2563460694899052
820 0.2563364561922011
821 0.2563272216405214
822 0.256319739618718
823 0.2563128341804896
824 0.2563073975380911
825 0.2563022871695508
826 0.2562979020173978
827 0.2562936142855323
828 0.2562891026698388
829 0.2562870459759243
830 0.2562837215884731
831 0.256282292498245
832 0.2575872865530621
833 0.2580232369053063
834 0.2583764991189954
835 0.2586316478934338
836 0.258839649962943
837 0.2589854566171477
838 0.2591116043510714
839 0.2592136762069179
840 0.2593195862479413
841 0.25942283674591
842 0.259501419969661
843 0.2595863353943418
844 0.2596554048202892
845 0.2597234698186252
846 0.2597855557835221
847 0.259845745382228
848 0.2599062314427033
849 0.259963071898441
850 0.2600196501794769
851 0.2600724849800913
852 0.2601206591252527
853 0.2601640474677251
854 0.260202988936132
855 0.2602378098225521
856 0.2602682186948861
857 0.2602999616685756
858 0.2603246389420338
859 0.2603422196621115
860 0.2603530350996875
861 0.2603647779430965
862 0.2603698149550148
863 0.2603742979128906
864 0.2603778487350128
865 0.2603774112015855
866 0.2603739081448078
867 0.2603718425234923
868 0.2603712728334305
869 0.2603667464617944
870 0.2603589707166529
871 0.2603506035195912
872 0.2603419108162506
873 0.2603349597259332
874 0.2603266774995765
875 0.2603183151748742
876 0.2603110216138863
877 0.2603033864807339
878 0.2602973314721544
879 0.2602910049622781
880 0.2602857416088833
881 0.2602804650293502
882 0.2602755241569404
883 0.2602721099750312
884 0.2602689145152446
885 0.2602661527098233
886 0.260262884588376
887 0.2602601176046602
888 0.2602571103821918
889 0.260256712413545
890 0.2602538977398436
891 0.2602530761130507
892 0.2602513597751033
893 0.2602501556771486
894 0.260248589394765
895 0.2602483013015646
896 0.2602473155602165
897 0.26024653560939
898 0.260245209140338
899 0.2602422375964199
900 0.2602416839870212
901 0.2602418369229927
902 0.2618533686821822
903 0.2623016778532862
904 0.2626813285620747
905 0.2629412875074718
906 0.2631684030258097
907 0.2633333444621912
908 0.263468375226293
909 0.263576307311534
910 0.26367871741502
911 0.2637786641670838
912 0.2638664522482393
913 0.2639486792248377
914 0.2640259168207989
915 0.2640998283250072
916 0.2641693330678361
917 0.264236270418981
918 0.2642965566311823
919 0.2643569014777474
920 0.264413407816383
921 0.2644650218747676
922 0.2645098289386657
923 0.2645530841961803
924 0.2645912214037332
925 0.2646241431630567
926 0.2646521454523253
927 0.2646754865482713
928 0.2646969656259746
929 0.2647108814479089
930 0.2647223556408584
931 0.2647312773923521
932 0.264734686068778
933 0.264737500412293
934 0.2647395490576949
935 0.266617631079574
936 0.2671179982816056
937 0.2675830035594993
938 0.2679319773890642
939 0.2682266465594841
940 0.2684480791974341
941 0.2686211096773289
942 0.2687581620828653
943 0.2688774827122528
944 0.2689648633682068
945 0.2690444827949038
946 0.2691095987421401
947 0.2691678732682016
948 0.2692183035543417
949 0.2692646153971812
950 0.2693099392119396
951 0.2693489292928612
952 0.2693879982711565
953 0.2694279039069032
954 0.2694639437673318
955 0.2694981991885524
956 0.2695288611031518
957 0.2695579998760053
958 0.2695829318658384
959 0.2696047795334189
960 0.2696253396821329
961 0.2696428616304583
962 0.2696612859948388
963 0.2696727813109503
964 0.2696831387464684
965 0.2696903489661889
966 0.2696950409182715
967 0.2696954357507353
968 0.2696939242636693
969 0.2696909514922722
970 0.2696855549665839
971 0.2696792213178619
972 0.2696703115670433
973 0.269661972106876
974 0.2696520956827416
975 0.269642961669343
976 0.2696331848054854
977 0.2696246040415721
978 0.2696155187736002
979 0.2696084325863575
980 0.2696005876632946
981 0.2695949960093145
982 0.269589103177518
983 0.2695852708993999
984 0.2695810138758357
985 0.2695781027512202
986 0.269575910490563
987 0.2695740373740496
988 0.2717644543825453
989 0.2723564692442424
990 0.2729033409889186
991 0.2733070621580119
992 0.2736496786487385
993 0.2739128929657499
994 0.2741143406202423
995 0.2742835147297719
996 0.2744093428106177
997 0.274527674283342
998 0.2746184363130795
999 0.2746987147783017
1000 0.274763748443587
1001 0.2748154436715983
1002 0.2748653273666102
1003 0.2749131126238518
1004 0.2749585123162361
1005 0.2750005514807429
1006 0.275042638618516
1007 0.2750792567103389
1008 0.2751157958753898
1009 0.2751468606370464
1010 0.2751764998355152
1011 0.2752054071217058
1012 0.275230836214941
1013 0.2752539205782666
1014 0.2752733791677171
1015 0.2752881246676039
1016 0.2753012296828425
1017 0.275311811134577
1018 0.2753198184276568
1019 0.2753251881010115
1020 0.2753280050875113
1021 0.2753279935242797
1022 0.2753276522397662
1023 0.275324037142994
1024 0.2753195408060772
1025 0.2753155360303999
1026 0.2753098683213703
1027 0.2753043881503212
1028 0.2752987341281112
1029 0.275293209713195
1030 0.275287156066326
1031 0.2752836193654554
1032 0.2752780949066049
1033 0.2752742931654455
1034 0.2752707553269751
1035 0.2752677014519695
1036 0.2752644935312211
1037 0.2752627035043637
1038 0.2752606881162116
1039 0.2752587329354966
1040 0.2752582857224701
1041 0.2752569922370658
1042 0.2752558038031992
1043 0.2752553021479698
1044 0.277740590053944
1045 0.2784203500563624
1046 0.2790348468632604
1047 0.2794937332791753
1048 0.2798824802066556
1049 0.2801817010222997
1050 0.2804202683361823
1051 0.2805956602861764
1052 0.2807382159006435
1053 0.2808555578283498
1054 0.2809500178381916
1055 0.2810201869447363
1056 0.2810849852265059
1057 0.2811459463205084
1058 0.2811956579507205
1059 0.2812422182023575
1060 0.2812859047997202
1061 0.2813299026222397
1062 0.2813683230447339
1063 0.2814079282816085
1064 0.2814436459463008
1065 0.281479971418356
1066 0.2815137666695703
1067 0.2815450964783486
1068 0.281573695735598
1069 0.281600538504999
1070 0.281625047196603
1071 0.2816472686348093
1072 0.2816654833506576
1073 0.2816819739446362
1074 0.2816946270537689
1075 0.2817044184321479
1076 0.281711417619282
1077 0.281715226785649
1078 0.2817171047040012
1079 0.281716340452827
1080 0.2817142606552189
1081 0.2817093526975406
1082 0.2817048146006474
1083 0.2816976377336431
1084 0.2816909167602455
1085 0.281683141007339
1086 0.2816755894115754
1087 0.281667161506635
1088 0.2816604051444671
1089 0.2816527736664948
1090 0.2816461076644052
1091 0.2816405001804416
1092 0.2816348065249677
1093 0.2816303140605612
1094 0.2816260958988561
1095 0.2816227649014179
1096 0.2816189294565926
1097 0.2816173315450276
1098 0.2844499771065034
1099 0.2852213581941404
1100 0.2859205335464568
1101 0.2864495315156608
1102 0.2868966705888973
1103 0.2872487879327879
1104 0.2875248355312295
1105 0.2877323964727299
1106 0.287896087820229
1107 0.2880297512630084
1108 0.2881359751213021
1109 0.2882174949409798
1110 0.2882883764984971
1111 0.2883550341907138
1112 0.2884125591195577
1113 0.2884630217249197
1114 0.2885074043085168
1115 0.2885461585408435
1116 0.2885813024272246
1117 0.2886145374256064
1118 0.2886448198355657
1119 0.2886721323270028
1120 0.288696387331696
1121 0.2887184915006529
1122 0.288738550030016
1123 0.2887569305590896
1124 0.2887728748040021
1125 0.2887878233256025
1126 0.2887998330427953
1127 0.2888115028715706
1128 0.2888199365057777
1129 0.2888271784862285
1130 0.2888323915716991
1131 0.2888364518845888
1132 0.2888377264778889
1133 0.2888388801953946
1134 0.2888373118734942
1135 0.2888354011767987
1136 0.2888321140005849
1137 0.288828883838563
1138 0.2888234705309627
1139 0.2888192346243776
1140 0.2888131950978173
1141 0.2888074157296635
1142 0.2888014648659857
1143 0.2887960078952161
1144 0.288789330737309
1145 0.2887846916984453
1146 0.2887790729698372
1147 0.2887741599000771
1148 0.2887694462035098
1149 0.2887656279898634
1150 0.288761453337084
1151 0.2887585570413427
1152 0.2887552571225009
1153 0.2887523539710398
1154 0.2887500387755726
1155 0.2887479340230467
1156 0.2887455860024783
1157 0.2887441669088859
1158 0.2887425767400253
1159 0.2887409627669977
1160 0.2887399601936553
1161 0.2887392185178539
1162 0.2887376268975023
1163 0.2887376825403491
1164 0.2887364332345993
1165 0.2887357903052803
1166 0.2887350252200357
1167 0.2887348509298854
1168 0.2887336465741814
1169 0.2887338307968148
1170 0.2887329204139468
1171 0.2887325346339044
1172 0.2887317403055213
1173 0.2887318835555521
1174 0.2887307768512473
1175 0.288731358709116
1176 0.2887304415800768
1177 0.2887303705642297
1178 0.2887295955600745
1179 0.2887297831856222
1180 0.2887287818188995
1181 0.2887290526244278
1182 0.2887284318136583
1183 0.2887280659321909
1184 0.2887279506300132
1185 0.288727834760224
1186 0.2887271012772164
1187 0.2887274195099123
1188 0.2887269858493384
1189 0.2887266421038737
1190 0.2887266098582957
1191 0.2887265994185417
1192 0.2887257991451751
1193 0.2887264676987658
1194 0.2887261334067761
1195 0.2887259464312529
1196 0.2887258397710165
1197 0.2887258051926379
1198 0.2887251504275317
1199 0.2887253966965956
1200 0.2887249559908363
1201 0.2887247841662249
1202 0.2887246443579333
1203 0.2887247567368084
1204 0.2887241780678292
1205 0.2887244415323812
1206 0.2887242447876926
1207 0.2887239870634484
1208 0.2887243043636861
1209 0.2887245352470489
1210 0.2887240376402347
1211 0.2887247874201226
1212 0.2887244328312759
1213 0.2887245633158075
1214 0.2887243719969405
1215 0.2887247375358054
1216 0.2887238567597476
1217 0.2887247802824618
1218 0.2887241493782015
1219 0.2887242444791391
1220 0.2887241203722956
1221 0.288724295785781
1222 0.2887238183328724
1223 0.2887244544587064
1224 0.2887243640928258
1225 0.288724347867015
1226 0.2887245311708577
1227 0.288724898700264
1228 0.2887245233324696
1229 0.2887254517816109
1230 0.2887253127089607
1231 0.2887254000752703
1232 0.2887255849134411
1233 0.2887260696053159
1234 0.2887257405436928
1235 0.2887265179548693
1236 0.2887264476470492
1237 0.2887265806842043
1238 0.2887268030994554
1239 0.2887272213135131
1240 0.2887269761986145
1241 0.2887279102850752
1242 0.2887278113139712
1243 0.2887281652935804
1244 0.2887284142646896
1245 0.2918589834150536
1246 0.2927591398899811
1247 0.2935478233466048
1248 0.2941447466923066
1249 0.2946437436057013
1250 0.2950317096771227
1251 0.2953350037223311
1252 0.2955694611200965
1253 0.2957505479269548
1254 0.2958944430746938
1255 0.2960043076771094
1256 0.2960988977212529
1257 0.2961770850440549
1258 0.2962446466431802
1259 0.2963051207270591
1260 0.2963594712813648
1261 0.2964096316962126
1262 0.2964558923395248
1263 0.2964975184983082
1264 0.296535602132065
1265 0.2965721393325178
1266 0.2966076313533227
1267 0.2966373328066751
1268 0.2966673817999829
1269 0.2966914150275004
1270 0.2967151909202224
1271 0.2967341084806443
1272 0.296750472888957
1273 0.2967651294811426
1274 0.296776107019934
1275 0.2967851799139845
1276 0.296791364189464
1277 0.2967952113694325
1278 0.2967967128190882
1279 0.2967959284055067
1280 0.2967932926515758
1281 0.2967895714503187
1282 0.2967841245155327
1283 0.2967786035435622
1284 0.2967715449004785
1285 0.2967647351977448
1286 0.2967576532161192
1287 0.296750349176248
1288 0.2967425654971999
1289 0.2967348482561896
1290 0.296727310310071
1291 0.2967197700019221
1292 0.2967126823962266
1293 0.2967064384925486
1294 0.2966999535464746
1295 0.2966946768023224
1296 0.2966891790013995
1297 0.2966841197366329
1298 0.2966794998752751
1299 0.2966753288600946
1300 0.2966710910205551
1301 0.2966678022759432
1302 0.2966642733729823
1303 0.2966614288789818
1304 0.2966585880431969
1305 0.3004490807883333
1306 0.3014793773948992
1307 0.3023982788427801
1308 0.3031136305859081
1309 0.303704753484609
1310 0.3041658097602931
1311 0.3045213713917964
1312 0.3047896242528608
1313 0.3049941022489837
1314 0.3051432165816341
1315 0.3052651037595973
1316 0.305368185690298
1317 0.3054594007268627
1318 0.3055450651206045
1319 0.3056196004580015
1320 0.3056823105911966
1321 0.3057431204732026
1322 0.3057961796172466
1323 0.3058414673514807
1324 0.3058777384113411
1325 0.3059111986051078
1326 0.3059361811412913
1327 0.3059593920131343
1328 0.3059773430034002
1329 0.3059920165015001
1330 0.3060049293295364
1331 0.3060158742146736
1332 0.3060258846008683
1333 0.3060339464462454
1334 0.3060387672727291
1335 0.3060425639446069
1336 0.3060444036406401
1337 0.3060462375335992
1338 0.306046012038002
1339 0.3060456467820185
1340 0.3060436583599359
1341 0.3060417000428821
1342 0.3060383472501068
1343 0.306035019935128
1344 0.3060308461740849
1345 0.3060262496579835
1346 0.30602122660482
1347 0.3060163100934199
1348 0.3060108705043642
1349 0.3060059334192681
1350 0.3060004803161609
1351 0.3059955731983185
1352 0.3059905952302424
1353 0.3059858511295563
1354 0.3059810590203857
1355 0.3059767065272612
1356 0.3059722587982043
1357 0.3059685341598997
1358 0.3059644251563117
1359 0.3059614576861076
1360 0.3059576479916348
1361 0.3059553890845138
1362 0.3059524736398053
1363 0.3059508654160561
1364 0.3059484948311966
1365 0.3059473686455955
1366 0.3059455986973715
1367 0.3059449958011187
1368 0.3059439524458468
1369 0.3059436089804423
1370 0.3059430537673359
1371 0.3099020681740965
1372 0.3110465117157565
1373 0.3120348699646772
1374 0.3127911029140163
1375 0.3134182192096746
1376 0.3139107869018813
1377 0.3142893307795182
1378 0.3145763076486577
1379 0.3147897652464861
1380 0.3149635969073854
1381 0.3150953987717487
1382 0.3152145097400134
1383 0.3153049001484221
1384 0.3153855788184464
1385 0.3154582588531284
1386 0.31552231250728
1387 0.3155801384686778
1388 0.3156350212799759
1389 0.315679755042917
1390 0.315719286597945
1391 0.3157592107919709
1392 0.3157937200031027
1393 0.3158246202337059
1394 0.3158496252656723
1395 0.3158715682436823
1396 0.3158902488798758
1397 0.315906192652693
1398 0.3159194029226359
1399 0.3159290571114712
1400 0.3159376057055995
1401 0.3159437368642594
1402 0.315947674705093
1403 0.3159494011013168
1404 0.3159498593264771
1405 0.3159487745596557
1406 0.3159464660602219
1407 0.315942686979108
1408 0.3159376627505706
1409 0.3159320742012238
1410 0.3159249964745904
1411 0.3159173500968632
1412 0.31590953305374
1413 0.3159014453963963
1414 0.3158931396211789
1415 0.3158856435625603
1416 0.3158778993304576
1417 0.315870310812801
1418 0.3158630690218866
1419 0.3158559786524712
1420 0.3158489814981562
1421 0.3158426616594409
1422 0.3158360343967269
1423 0.3158302955634257
1424 0.3158252767725361
1425 0.3158204734583235
1426 0.3158161025359872
1427 0.3158123852686291
1428 0.3158089445567334
1429 0.3158061617799743
1430 0.3158038243559549
1431 0.3202710810567819
1432 0.3214421257547252
1433 0.3224546369047498
1434 0.3233009473510275
1435 0.3240033428513298
1436 0.3245419893649801
1437 0.3249614354050812
1438 0.3252739077174889
1439 0.3255169237432461
1440 0.3257083177494383
1441 0.3258606972955256
1442 0.3259854645324178
1443 0.3260903696057272
1444 0.32618087625887
1445 0.326255627943023
1446 0.3263297213991771
1447 0.3263930593958663
1448 0.3264500166605435
1449 0.3265005628820793
1450 0.3265423415291388
1451 0.3265826884574899
1452 0.3266181236565261
1453 0.3266478779097401
1454 0.326672615145841
1455 0.3266924748433232
1456 0.3267069736479681
1457 0.3267189116784047
1458 0.3267277789623568
1459 0.3267329382021623
1460 0.3267358531110924
1461 0.3267378087844185
1462 0.3267382675385327
1463 0.3267369710101417
1464 0.3267348864811656
1465 0.3267316963238951
1466 0.3267276436779969
1467 0.3267227151453804
1468 0.326717514797527
1469 0.3267114717861305
1470 0.3267052547234486
1471 0.3266977820464865
1472 0.3266907603917352
1473 0.3266839709635337
1474 0.326676002550953
1475 0.3266679538911254
1476 0.3266606713935335
1477 0.3266538798804011
1478 0.3266472552348108
1479 0.3266410846467228
1480 0.3266343547225587
1481 0.326628148747711
1482 0.3266225709703673
1483 0.3266168154353075
1484 0.3266114028940862
1485 0.326606352663986
1486 0.3266014846301599
1487 0.3265968315865922
1488 0.3265933892678403
1489 0.3265898600050252
1490 0.3265864413344927
1491 0.3265836567906457
1492 0.3265811673692807
1493 0.3265788674911752
1494 0.3265771121540597
1495 0.3265756580771297
1496 0.331610518994081
1497 0.3328095330726124
1498 0.333925880098297
1499 0.3348081211614493
1500 0.3355583751509153
1501 0.3361551279788568
1502 0.3366202729275615
1503 0.3369758131241538
1504 0.3372457943203563
1505 0.3374490371175888
1506 0.3376057367417079
1507 0.3377282928739949
1508 0.3378258007505407
1509 0.3378997351432749
1510 0.3379705386980553
1511 0.3380231489270846
1512 0.3380702414813271
1513 0.338110595217446
1514 0.3381453893776299
1515 0.3381763504483783
1516 0.3382024823985622
1517 0.3382236741234284
1518 0.3382413743731833
1519 0.3382557574651187
1520 0.3382667462569953
1521 0.3382748756469223
1522 0.3382807120483816
1523 0.3382836396044765
1524 0.3382844038160962
1525 0.343509065158758
1526 0.344762283798665
1527 0.3459190315871411
1528 0.3468401189344832
1529 0.3476212130064935
1530 0.3482428992038278
1531 0.3487198020780328
1532 0.3490745754109005
1533 0.3493376701683531
1534 0.3495359867788428
1535 0.3496825529868391
1536 0.3497941788430174
1537 0.3498803177072299
1538 0.3499538887796165
1539 0.3500151590248533
1540 0.3500667473828533
1541 0.350111455752184
1542 0.350148655099035
1543 0.350180161618028
1544 0.3502055391694581
1545 0.3502251876393135
1546 0.3502390518728529
1547 0.3502477942526144
1548 0.3502521508087518
1549 0.3502524684684271
1550 0.3502494540698349
1551 0.3502437489737187
1552 0.3502351696324179
1553 0.3502249055062475
1554 0.3502144829868162
1555 0.3502021199431325
1556 0.350189744299239
1557 0.3501770394903763
1558 0.3501642191178707
1559 0.350153015725039
1560 0.3501426732876273
1561 0.3501329821780302
1562 0.3501244777233541
1563 0.3501174762773563
1564 0.3501110699359087
1565 0.3501054297012886
1566 0.3501008682809207
1567 0.3500967473069482
1568 0.3500938694421075
1569 0.3500916427779989
1570 0.350089165400566
1571 0.3500870648697004
1572 0.3500855941838942
1573 0.3500839975506272
1574 0.350082264698354
1575 0.3500810909392081
1576 0.3554902583087225
1577 0.3567862334153493
1578 0.3578773699058819
1579 0.3588518252803091
1580 0.3596636596494405
1581 0.3602973750098594
1582 0.3607786395670785
1583 0.3611301328815487
1584 0.3613917917738744
1585 0.3615868321733548
1586 0.3617362578582111
1587 0.3618536831070472
1588 0.3619513100054577
1589 0.3620353537506749
1590 0.3621082022136654
1591 0.3621736175113645
1592 0.3622297261098302
1593 0.3622811004538445
1594 0.3623247227461703
1595 0.3623618254074492
1596 0.3623935468040909
1597 0.3624195623286366
1598 0.3624395184050397
1599 0.3624548726609925
1600 0.3624656981319047
1601 0.3624719231442996
1602 0.3624754453809958
1603 0.3624750562309583
1604 0.3624712984846511
1605 0.3624661521423135
1606 0.3624593532300555
1607 0.3624522808878687
1608 0.3624443125516068
1609 0.3624353306977076
1610 0.3624252020740344
1611 0.3624152865031294
1612 0.3624046127359467
1613 0.362393743490514
1614 0.3623827433198304
1615 0.362371902766139
1616 0.3623603984054247
1617 0.3623497298124782
1618 0.3623386915720794
1619 0.3623277994767901
1620 0.3623173521129149
1621 0.3623073100840056
1622 0.3622973102151306
1623 0.3622882743181651
1624 0.3622793762182598
1625 0.3622712703908466
1626 0.3622637973819852
1627 0.3622572088228466
1628 0.3622509465408722
1629 0.3622459891951016
1630 0.3622414654627805
1631 0.3622376608335371
1632 0.3622348234153022
1633 0.3622331748531539
1634 0.3622318191916337
1635 0.3680628011173865
1636 0.3693038145135009
1637 0.3705014020664603
1638 0.3714859727820261
1639 0.3723426485217472
1640 0.3730429930302295
1641 0.373593645720081
1642 0.3740170777235068
1643 0.3743368203449682
1644 0.3745781906499232
1645 0.3747632209773553
1646 0.3749014089327204
1647 0.3750089359383566
1648 0.3750918490510106
1649 0.3751612087021262
1650 0.3752140717909077
1651 0.3752587002457594
1652 0.3752934323085613
1653 0.3753204454361705
1654 0.3753391387456179
1655 0.3753518852520591
1656 0.3753566571745734
1657 0.3753583929719285
1658 0.3753563197032739
1659 0.3753523743601426
1660 0.3753466137250675
1661 0.3753390646310703
1662 0.3753286075425988
1663 0.3753165162433071
1664 0.3753028016969399
1665 0.3752899621003459
1666 0.3752753903508149
1667 0.3752606326248488
1668 0.3752456306027531
1669 0.3752308957972848
1670 0.3752154300375433
1671 0.3752010768958556
1672 0.3751865640034855
1673 0.3751728538679356
1674 0.3751596369696917
1675 0.3751473341373456
1676 0.3751352865058662
1677 0.3751248859543796
1678 0.3751147262658714
1679 0.3751056853475767
1680 0.3750974641546327
1681 0.3750900612594728
1682 0.3750828434002955
1683 0.3750770196065427
1684 0.3750711472808873
1685 0.3750659995826008
1686 0.3750617359113151
1687 0.3750580293261395
1688 0.3809905146931929
1689 0.3821712831976055
1690 0.383248232427699
1691 0.3842124519777822
1692 0.3850539257546279
1693 0.3857387584679541
1694 0.3863009919493601
1695 0.3867584524386853
1696 0.3871294485879292
1697 0.3874281304338134
1698 0.3876740202117
1699 0.3878759055723369
1700 0.3880435913007856
1701 0.388181519814049
1702 0.3882957244636622
1703 0.3883882750794502
1704 0.3884649677269634
1705 0.3885252169020953
1706 0.3885735801462827
1707 0.3886098027262425
1708 0.3886373007422392
1709 0.388656499577553
1710 0.3886689963642186
1711 0.388673965900549
1712 0.3886732161641535
1713 0.3886680833553217
1714 0.3886593325069244
1715 0.3886473083916537
1716 0.3886323408874238
1717 0.3886152289934755
1718 0.3885964702259478
1719 0.3885765396538518
1720 0.388556072988121
1721 0.3885354262111287
1722 0.388515181519565
1723 0.3884951319557844
1724 0.3884762081268799
1725 0.3884583455974835
1726 0.3884412286745269
1727 0.3884251775339125
1728 0.3884106513205638
1729 0.3883972333337983
1730 0.3883850039570182
1731 0.3883743697239553
1732 0.3883651532453322
1733 0.3883570127494707
1734 0.3883500945715733
1735 0.388344256919174
1736 0.3883392891929702
1737 0.388335558422462
1738 0.3883322474223445
1739 0.3883297549913832
1740 0.394460424743065
1741 0.395335906293741
1742 0.396236122749501
1743 0.3971064314704482
1744 0.3978896764570985
1745 0.3985527970793563
1746 0.3991010580154318
1747 0.3995465308737912
1748 0.399910875335373
1749 0.4002124945062441
1750 0.4004565502990833
1751 0.4006540241631947
1752 0.4008188511742389
1753 0.4009466898006086
1754 0.401051069393537
1755 0.4011306741822279
1756 0.4011908064203858
1757 0.4012329117796544
1758 0.4012605573666574
1759 0.401276275029964
1760 0.4012808345763167
1761 0.4012769535513135
1762 0.4012641622349745
1763 0.4012478519991597
1764 0.4012249307925009
1765 0.4011995059738686
1766 0.4011713820166072
1767 0.4011417739133666
1768 0.401110776898938
1769 0.4010801766824611
1770 0.4010489560661066
1771 0.4010185219646009
1772 0.400989664806863
1773 0.4009617363881597
1774 0.4009347598952774
1775 0.4009092375122821
1776 0.4008851074683604
1777 0.4008630721579743
1778 0.4008420868379013
1779 0.40082308142187
1780 0.4008062195207037
1781 0.4007906610448465
1782 0.4007770576857578
1783 0.4007642857725334
1784 0.4007537348826683
1785 0.4007441140300308
1786 0.4007364463127666
1787 0.4007293104127623
1788 0.4007241375823212
1789 0.4007195482633367
1790 0.4007159997559603
1791 0.4066194477466576
1792 0.4071776218182006
1793 0.4079164786636681
1794 0.4086444942276151
1795 0.4093430846047681
1796 0.4099374998227814
1797 0.4104426439905161
1798 0.4108657914528369
1799 0.4112231134770655
1800 0.4115139013860732
1801 0.4117628277327685
1802 0.411963710083424
1803 0.412133470838745
1804 0.4122736446117369
1805 0.4123822944249901
1806 0.4124696455817985
1807 0.412534806489086
1808 0.4125818409630949
1809 0.4126132143763956
1810 0.4126301985704169
1811 0.4126324732081861
1812 0.4126257209611855
1813 0.4126102576257235
1814 0.4125883010558684
1815 0.4125578590818482
1816 0.4125229725121755
1817 0.4124839265282469
1818 0.4124421409586855
1819 0.4123976510031398
1820 0.4123519326723994
1821 0.4123063572332335
1822 0.4122614849893746
1823 0.4122163434277936
1824 0.4121735545933395
1825 0.4121327210986338
1826 0.4120950394201693
1827 0.4120592164260704
1828 0.4120268014445254
1829 0.411995984020698
1830 0.4119691392377285
1831 0.4119439144507838
1832 0.4119220306597834
1833 0.4119023714558844
1834 0.4118855427913306
1835 0.4118699630538028
1836 0.4118574782277655
1837 0.4118460212143265
1838 0.4118376858771574
1839 0.4118300136722876
1840 0.4118246417255299
1841 0.4118201084302199
1842 0.4118168284697344
1843 0.4118142979031859
1844 0.4170077269170133
1845 0.4174032540820399
1846 0.4179615801109168
1847 0.4185966248610353
1848 0.4192186123641123
1849 0.4197838452988904
1850 0.4202768943240062
1851 0.4207015541765949
1852 0.4210628437178182
1853 0.4213726278881477
1854 0.4216288894673105
1855 0.4218550038365183
1856 0.4220375069016915
1857 0.4221869906701442
1858 0.4223033372079357
1859 0.4223907086226615
1860 0.4224525432972594
1861 0.4224899043358771
1862 0.4225066204545774
1863 0.4225051005808454
1864 0.4224892715593854
1865 0.4224624385026926
1866 0.4224266586298957
1867 0.4223847962287921
1868 0.4223391821858131
1869 0.4222907737224585
1870 0.4222419987038699
1871 0.4221940177379845
1872 0.4221470651097006
1873 0.4221027141858372
1874 0.4220612887967652
1875 0.4220227840133497
1876 0.4219876321996183
1877 0.4219566739677248
1878 0.4219288186362892
1879 0.4219048776933124
1880 0.421884414097551
1881 0.4218666463104995
1882 0.4218515561282912
1883 0.42183953598338
1884 0.4218291138462183
1885 0.4218211705695272
1886 0.4218146598564866
1887 0.4218094344603945
1888 0.4218050975582164
1889 0.4218019875517938
1890 0.4217996643020895
1891 0.4217975397884497
1892 0.4217957403780936
1893 0.4217947311621298
1894 0.4257691278980201
1895 0.4262847591283018
1896 0.4268049287744812
1897 0.4274579797706001
1898 0.4280621084318521
1899 0.4286103890001037
1900 0.4290783661468952
1901 0.429477457499627
1902 0.4298181990748056
1903 0.4301125113627539
1904 0.4303665728143481
1905 0.4305865101749899
1906 0.4307766609655623
1907 0.4309407355134546
1908 0.4310811023403047
1909 0.4311990439173378
1910 0.4312930311709103
1911 0.4313731980916428
1912 0.4314345539641621
1913 0.4314776156589455
1914 0.4315098621033924
1915 0.4315282493037764
1916 0.431535560895713
1917 0.4315332413733609
1918 0.431523029258981
1919 0.4315062460440697
1920 0.4314842889079742
1921 0.4314577107756889
1922 0.4314279648541495
1923 0.431396269271313
1924 0.4313635258958454
1925 0.4313300188706365
1926 0.4312968049841271
1927 0.4312645291678374
1928 0.4312336912099257
1929 0.4312041332808791
1930 0.4311764025874645
1931 0.4311508851223584
1932 0.4311276148103147
1933 0.4311061457144907
1934 0.4310867271762324
1935 0.4310694296115301
1936 0.4310541366535406
1937 0.4310401775422629
1938 0.4310277751318806
1939 0.4310169566598702
1940 0.4310074719199653
1941 0.4309987886299363
1942 0.4309910550453387
1943 0.4309842452165379
1944 0.4309783353066862
1945 0.4309726749388448
1946 0.4309674871893277
1947 0.4309629587231092
1948 0.4309589401665311
1949 0.4332894873513493
1950 0.4332814763652057
1951 0.4334954209571876
1952 0.4337774505811783
1953 0.434091438922433
1954 0.4344046515002201
1955 0.4347072015849262
1956 0.4349971960496164
1957 0.435273003527119
1958 0.4355345589540561
1959 0.4357811414783716
1960 0.4360090835843687
1961 0.436218995052887
1962 0.4364080194927972
1963 0.4365772259426915
1964 0.436725312526222
1965 0.436852884072737
1966 0.4369603272535333
1967 0.4370496124456849
1968 0.4371211474659953
1969 0.4371767112109652
1970 0.4372173656453771
1971 0.4372453173524553
1972 0.4372611656625596
1973 0.4372664934468273
1974 0.4372622154336921
1975 0.4372500824545842
1976 0.4372308604649462
1977 0.4372055959377007
1978 0.4371751841388589
1979 0.4371411817954789
1980 0.4371041118531572
1981 0.4370648173763187
1982 0.4370236421465648
1983 0.4369821927308489
1984 0.4369403018853703
1985 0.4368990952017124
1986 0.4368583765123728
1987 0.4368194059855481
1988 0.4367816601614467
1989 0.4367458375095273
1990 0.4367116754006147
1991 0.4366800512539791
1992 0.4366503257206847
1993 0.4366228876888839
1994 0.4365972655105113
1995 0.4365742446144152
1996 0.4365529650766892
1997 0.4365336925295509
1998 0.4365159523063841
1999 0.4365004000475723
2000 0.4364861255799201
2001 0.4364734304175751
2002 0.4364615845564918
2003 0.4364516715001845
2004 0.4364425097546985
2005 0.4364342072401641
2006 0.4364268009901553
2007 0.4364206541457251
2008 0.4364148454280292
2009 0.4364097991313124
2010 0.4364050708875624
2011 0.4364013918981109
2012 0.4363979176986053
2013 0.4363950325333703
2014 0.4363922356431944
2015 0.4376831510004841
2016 0.4373562229407714
2017 0.4371564973696286
2018 0.4370847130186156
2019 0.4370467758558274
2020 0.4370590007811188
2021 0.4371077551737568
2022 0.4372041759623771
2023 0.4373358613257605
2024 0.4374990849840789
2025 0.4376819748750673
2026 0.4378757319205643
2027 0.4380720543287908
2028 0.4382630764043629
2029 0.4384442768148586
2030 0.4386110733941058
2031 0.4387621557346348
2032 0.4388948753932638
2033 0.439009818627881
2034 0.4391062911167145
2035 0.4391862613199176
2036 0.4392495006708296
2037 0.4392980901268682
2038 0.4393324735965217
2039 0.4393548326076494
2040 0.4393657508535697
2041 0.4393672078579423
2042 0.4393595142235018
2043 0.4393451246184683
2044 0.4393235030845937
2045 0.4392975687368944
2046 0.4392667255531774
2047 0.4392331169195683
2048 0.4391959517271228
2049 0.4391577612441255
2050 0.4391179895871164
2051 0.4390783937805682
2052 0.4390381631634375
2053 0.4389989791602472
2054 0.4389603295944841
2055 0.4389239651639573
2056 0.4388886532514648
2057 0.4388556181426173
2058 0.4388240636165703
2059 0.4387954412134221
2060 0.4387684340796771
2061 0.4387441376315923
2062 0.4387214572111623
2063 0.4387016693026512
2064 0.4386833533884056
2065 0.4386674478933303
2066 0.4386527629128798
2067 0.4386405997813068
2068 0.438629410794792
2069 0.4386201373167374
2070 0.4386116069708987
2071 0.4386050658605338
2072 0.4385989864388421
2073 0.4385943899242555
2074 0.4385900528854909
2075 0.4394085851432715
2076 0.4395571515738732
2077 0.4396204092423596
2078 0.439784113209108
2079 0.4399290545307198
2080 0.4401103513880926
2081 0.4402978408696793
2082 0.4405127267049047
2083 0.4407389723963523
2084 0.4409779484026056
2085 0.4412195668568816
2086 0.4414562573698224
2087 0.4416855172484098
2088 0.4418984438922587
2089 0.4420936774044197
2090 0.4422678063383684
2091 0.4424208631609925
2092 0.4425506999854578
2093 0.4426589807156546
2094 0.4427456050430429
2095 0.442813191997017
2096 0.4428622387747319
2097 0.4428957619243656
2098 0.442914203282807
2099 0.4429204080199055
2100 0.4429149465085582
2101 0.4429006929430011
2102 0.4428779938206985
2103 0.4428494665958009
2104 0.4428152441977039
2105 0.4427775440562761
2106 0.4427362998209368
2107 0.4426935897164284
2108 0.4426490347270009
2109 0.4426044788018668
2110 0.4425594230152867
2111 0.4425155001231691
2112 0.4424720174018787
2113 0.442430388696581
2114 0.4423897895711226
2115 0.4423516289477703
2116 0.4423149829996152
2117 0.4422810497596636
2118 0.4422488015737122
2119 0.4422193928644571
2120 0.4421916782616526
2121 0.4421667125320778
2122 0.4421433860097231
2123 0.4421226383537591
2124 0.4421032943459582
2125 0.4420862977654934
2126 0.4420704537469974
2127 0.4420567838040728
2128 0.4420440651625459
2129 0.4420332129313103
2130 0.4420230964634746
2131 0.442014689406435
2132 0.4420067609318986
2133 0.4420002813979357
2134 0.4419941234169741
2135 0.4419892669544432
2136 0.4419845901033619
2137 0.4419810607975527
2138 0.4432678307124434
2139 0.4430339530792484
2140 0.4430407078015822
2141 0.4431762517509473
2142 0.4433696894001528
2143 0.4436053173983037
2144 0.4438605111211631
2145 0.4441320243164489
2146 0.4444085755307853
2147 0.4446853957331208
2148 0.4449535140027858
2149 0.4452084158496672
2150 0.4454443620223755
2151 0.445658191885937
2152 0.4458474661646686
2153 0.4460122152052515
2154 0.4461516383419149
2155 0.4462683030684755
2156 0.4463604287420383
2157 0.4464326231577197
2158 0.4464854020813938
2159 0.4465224909197684
2160 0.4465435777650039
2161 0.4465513967296997
2162 0.4465475603751978
2163 0.4465343849497075
2164 0.446512917473144
2165 0.4464847629309652
2166 0.4464506377657369
2167 0.4464123179231195
2168 0.4463706152594758
2169 0.4463271741203735
2170 0.4462822829062428
2171 0.4462370858395841
2172 0.4461916002211606
2173 0.4461472107446716
2174 0.4461034067380208
2175 0.4460620440330062
2176 0.4460220203757387
2177 0.4459845972495161
2178 0.445948832665702
2179 0.4459162020253403
2180 0.4458852399909568
2181 0.4458572289871274
2182 0.4458310980165672
2183 0.4458076606178927
2184 0.4457861043322098
2185 0.4457666255273653
2186 0.4457487217130355
2187 0.4457329214709519
2188 0.4457182952135401
2189 0.4457056640094642
2190 0.4456938386634371
2191 0.4456833949249849
2192 0.445673705857745
2193 0.4456653774595641
2194 0.445657501139434
2195 0.4456509159149804
2196 0.4456444455954426
2197 0.4456390218502558
2198 0.4456337924976747
2199 0.445629578712249
2200 0.4469351129971139
2201 0.4460671290182736
2202 0.4456792356970264
2203 0.4455477362854556
2204 0.4455709694526844
2205 0.4456951659511635
2206 0.4458792654113031
2207 0.4460989034536495
2208 0.4463353087628113
2209 0.4465743169967318
2210 0.4468034265691622
2211 0.447014672897926
2212 0.4472008512730363
2213 0.4473585650770452
2214 0.4474853539521823
2215 0.4475817310836849
2216 0.4476454091563278
2217 0.447682861873801
2218 0.4476986049851638
2219 0.447691156775529
2220 0.4476678678006221
2221 0.4476296007172266
2222 0.4475765037555533
2223 0.4475140217403853
2224 0.4474461168968137
2225 0.4473731089771616
2226 0.4472962399601663
2227 0.4472161988173426
2228 0.4471368288766547
2229 0.4470572007787711
2230 0.4469803076837381
2231 0.4469050152518821
2232 0.4468337047536476
2233 0.4467653017309426
2234 0.4467015038050675
2235 0.4466413864442795
2236 0.4465861245275439
2237 0.4465347674629085
2238 0.4464876249640827
2239 0.4464449983750646
2240 0.4464063025190057
2241 0.4463716831848704
2242 0.446340534223436
2243 0.4463131258824246
2244 0.4462885506826539
2245 0.4462666317839006
2246 0.4462470184234685
2247 0.4462298025116245
2248 0.4462145375360501
2249 0.4462009244375984
2250 0.4461886810587115
2251 0.4461778869869761
2252 0.4461680313454575
2253 0.4461592980804798
2254 0.4461513134761982
2255 0.446144114786568
2256 0.4461372792186386
2257 0.4461311971950728
2258 0.4461253602941799
2259 0.4461201012731571
2260 0.4461149817270271
2261 0.4461103705113311
2262 0.4461059158218842
2263 0.447821667460191
2264 0.44701025817153
2265 0.4466254669858181
2266 0.4465139410779475
2267 0.4465530241959172
2268 0.4467078601395663
2269 0.4469366319003349
2270 0.4472152716067495
2271 0.4475222265071209
2272 0.4478389490574307
2273 0.4481500360598225
2274 0.4484438108139292
2275 0.4487121478296217
2276 0.4489477310913982
2277 0.4491483027655135
2278 0.4493127080376913
2279 0.4494418998704293
2280 0.4495377010864018
2281 0.4496029846701824
2282 0.4496411048954016
2283 0.4496535952288246
2284 0.4496481344969456
2285 0.4496245479973784
2286 0.4495896201838623
2287 0.4495432960514195
2288 0.4494907012047202
2289 0.4494317019123589
2290 0.4493705380743618
2291 0.4493069014086387
2292 0.4492439304566202
2293 0.4491811329954605
2294 0.4491208650488908
2295 0.449062348221211
2296 0.449007507221747
2297 0.4489557433789675
2298 0.448907516251502
2299 0.4488624464150552
2300 0.4488211314529713
2301 0.4487834720789463
2302 0.4487494040970199
2303 0.4487187201150503
2304 0.4486912473402597
2305 0.4486668216033537
2306 0.448645161403472
2307 0.4486260585971264
2308 0.448609271492954
2309 0.4485945946766983
2310 0.4485817746447404
2311 0.4485706628242153
2312 0.4485609336328188
2313 0.4485525146526697
2314 0.4485452033033901
2315 0.4485388238234774
2316 0.4485332338078918
2317 0.4485283284108856
2318 0.4485240393702214
2319 0.4480295908144659
2320 0.4475777502239675
2321 0.4474586768754917
2322 0.4475448876882347
2323 0.4477330802866404
2324 0.4479838392023367
2325 0.4482685455031475
2326 0.4485722932542514
2327 0.4488807234535316
2328 0.4491807922822593
2329 0.449473687456075
2330 0.4497511224678148
2331 0.4499994608119986
2332 0.4502294905492703
2333 0.4504336007757501
2334 0.4506021698837267
2335 0.4507429375455156
2336 0.4508586446935499
2337 0.4509549080443513
2338 0.4510238007363115
2339 0.4510746786174832
2340 0.4511064133134849
2341 0.4511199435199642
2342 0.4511148967926052
2343 0.4510968029256258
2344 0.4510713234305759
2345 0.4510354118080986
2346 0.4509952099603994
2347 0.4509504437536947
2348 0.4509021765438657
2349 0.450851629618105
2350 0.4508000457270957
2351 0.4507483741240482
2352 0.4506973921743374
2353 0.4506477256162858
2354 0.4505991486220571
2355 0.4505534350950949
2356 0.4505096319129756
2357 0.4504689764555309
2358 0.4504304836381505
2359 0.4503950648470031
2360 0.4503618629041761
2361 0.4503315185448621
2362 0.4503032724023922
2363 0.4502775992410024
2364 0.4502538540057093
2365 0.4502323353869228
2366 0.4502125375320952
2367 0.4501946296495497
2368 0.4501782099556718
2369 0.4501633741949924
2370 0.4501498870005006
2371 0.4501375000180683
2372 0.450126342039596
2373 0.4501160815935243
2374 0.4501068251724035
2375 0.4500982868653952
2376 0.450090497842349
2377 0.4500833716486701
2378 0.4500767852839132
2379 0.4500707335249309
2380 0.4500651109233902
2381 0.4500599204379657
2382 0.4500550869190088
2383 0.4500506070205174
2384 0.4483441500118324
2385 0.4470607811753499
2386 0.4463617339298787
2387 0.4460132768750962
2388 0.4458834486724297
2389 0.4459062576013639
2390 0.446035003639317
2391 0.4462362752598805
2392 0.4464775668632313
2393 0.4467361190104364
2394 0.4469914313523419
2395 0.4472310181431217
2396 0.4474459304416994
2397 0.4476321083986928
2398 0.4477701383840516
2399 0.4479054620029471
2400 0.4479997135387168
2401 0.4480749209201642
2402 0.4481312051888773
2403 0.4481690193652736
2404 0.4481907140831402
2405 0.4481967193150153
2406 0.4481896087839081
2407 0.448171383615181
2408 0.4481435043369641
2409 0.4481006897288725
2410 0.4480519118462637
2411 0.4479981292451628
2412 0.4479413715993449
2413 0.4478824162592525
2414 0.4478214528198941
2415 0.4477597254006259
2416 0.4476970909041867
2417 0.4476339207458561
2418 0.4475707136470661
2419 0.4475075707665895
2420 0.4474447327476003
2421 0.447382745866486
2422 0.4473216683957636
2423 0.4472619699862931
2424 0.4472037108739021
2425 0.4471473429764608
2426 0.4470929911973041
2427 0.447040870067575
2428 0.4469910872919097
2429 0.4469438775710475
2430 0.4468991787355096
2431 0.4468572499506049
2432 0.4468180118859836
2433 0.4467816674242086
2434 0.446747883620606
2435 0.4467169037148701
2436 0.4466884507622333
2437 0.4466625139571554
2438 0.446638812895612
2439 0.4466173955185139
2440 0.4465979027472531
2441 0.4465803624124459
2442 0.4465644053123431
2443 0.446550108705596
2444 0.4465371013789602
2445 0.4465254423471291
2446 0.4465148408760365
2447 0.4465053300345404
2448 0.4464966485229942
2449 0.4464888765941655
2450 0.4464817438846689
2451 0.4464753666825845
2452 0.4464694761519894
2453 0.4464642137296994
2454 0.4464593379998745
2455 0.4464549969699203
2456 0.447628658006304
2457 0.4466714798601588
2458 0.4459737533027412
2459 0.4454261970179043
2460 0.4450314175669263
2461 0.4447817434030131
2462 0.4446763627170549
2463 0.4446997983265828
2464 0.4448293860435832
2465 0.445035085423027
2466 0.4452898702534288
2467 0.4455676873322612
2468 0.4458498411550895
2469 0.4461204684874717
2470 0.4463699717760379
2471 0.4465936307468881
2472 0.4467897750681222
2473 0.4469585861292455
2474 0.4471000967530552
2475 0.4472175576467387
2476 0.4473030077430571
2477 0.4473833775753474
2478 0.4474380829500637
2479 0.4474814578902748
2480 0.4475140710813803
2481 0.4475356943084893
2482 0.4475481902108741
2483 0.4475507558974953
2484 0.4475430461366056
2485 0.4475277385891004
2486 0.4475068506282114
2487 0.4474816898115458
2488 0.4474534489189144
2489 0.4474233217936344
2490 0.4473923788849799
2491 0.4473617850828386
2492 0.4473318298277503
2493 0.447303140261005
2494 0.4472759447658561
2495 0.4472506526663983
2496 0.4472273055934428
2497 0.4472061062463901
2498 0.4471869269136862
2499 0.4471698466966892
2500 0.4471547104896965
2501 0.4471415563303364
2502 0.4471301867363288
2503 0.4471205536369636
2504 0.4471125539562833
2505 0.4471059841907076
2506 0.4471013394519324
2507 0.4470974057852958
2508 0.4470943311105841
2509 0.4470921102072266
2510 0.4470908337170488
2511 0.4470903635063391
2512 0.4502037072908734
2513 0.4514951981371236
2514 0.4523845811202422
2515 0.4533162845667971
2516 0.4541131416621745
2517 0.4548290912892582
2518 0.4554394616688855
2519 0.4559968239937208
2520 0.456502004157134
2521 0.4569698979817768
2522 0.4574090150472729
2523 0.4578135343533279
2524 0.4581847329055455
2525 0.4585206728766618
2526 0.4588176104781229
2527 0.459073135304106
2528 0.4592878861018576
2529 0.4594623215965941
2530 0.4595955675454108
2531 0.4596917866727615
2532 0.4597543554136854
2533 0.4597873269766438
2534 0.4597949333666194
2535 0.4597806540072717
2536 0.4597495928360594
2537 0.459705733503253
2538 0.4596522790638075
2539 0.4595932457464977
2540 0.4595300106054441
2541 0.4594642699589176
2542 0.4593985758576769
2543 0.459334337163331
2544 0.4592728521654755
2545 0.4592151107045497
2546 0.4591615511958407
2547 0.459112703804511
2548 0.459068877724273
2549 0.4590297309821597
2550 0.4589951041414541
2551 0.4589650725216557
2552 0.4589393517522937
2553 0.4589178770762538
2554 0.4589002225624357
2555 0.4588861321192313
2556 0.4588753659753655
2557 0.4588672418799043
2558 0.458861782886229
2559 0.4588580505744003
2560 0.4550942278423402
2561 0.4551519063105036
2562 0.4558441981345053
2563 0.4566820491733815
2564 0.4574033988927526
2565 0.4580506723565143
2566 0.4585954513186885
2567 0.4590637446768848
2568 0.4594613728341908
2569 0.4598152143567578
2570 0.4601426621640784
2571 0.4604538594497341
2572 0.4607523081936816
2573 0.4610442205963654
2574 0.4613290897481976
2575 0.4616018077781611
2576 0.4618604129379908
2577 0.4621013454726758
2578 0.4623213830533354
2579 0.4625170602788444
2580 0.4626892634497088
2581 0.4628350681988238
2582 0.462956395998357
2583 0.4630524094149161
2584 0.4631263491008181
2585 0.4631783053287669
2586 0.4632123238506289
2587 0.4632286052000296
2588 0.4632323947416391
2589 0.4632232347825012
2590 0.4632048204651474
2591 0.463176569988905
2592 0.4631431978273248
2593 0.4631031064694472
2594 0.4630606584341983
2595 0.4630145721723043
2596 0.4629688250282925
2597 0.4629217459193815
2598 0.4628756341854713
2599 0.4628298940598034
2600 0.4627868084512794
2601 0.46274496989923
2602 0.4627064937584252
2603 0.4626697008788526
2604 0.4626365977662563
2605 0.4626053900235666
2606 0.462577909644351
2607 0.4625521291238958
2608 0.4625297551321417
2609 0.4625088476924197
2610 0.4624911250822407
2611 0.4624745645672859
2612 0.4624606694313546
2613 0.4624474398394519
2614 0.4624364968904376
2615 0.4624257828976155
2616 0.4624169963155963
2617 0.4624081396202376
2618 0.4624008637077494
2619 0.4623932456396357
2620 0.4623870390954105
2621 0.4623802807356752
2622 0.4623750136227008
2623 0.4623690625209279
2624 0.4623642030278498
2625 0.4623586009970049
2626 0.4623540912263432
2627 0.4623487970896344
2628 0.462344594429777
2629 0.4623396647523693
2630 0.462335806789924
2631 0.4623312329813867
2632 0.4590272789706278
2633 0.4559896750300295
2634 0.4540907523074035
2635 0.4526594056716594
2636 0.4516423926595277
2637 0.4509445504345965
2638 0.4505241799184168
2639 0.4503162475260889
2640 0.4502698009397508
2641 0.4503320740949472
2642 0.4504688109119849
2643 0.4506446735715955
2644 0.4508375952372805
2645 0.4510321450914032
2646 0.4512219884216722
2647 0.4513979286645492
2648 0.4515592493222253
2649 0.4517074954269212
2650 0.4518413816240713
2651 0.4519604483743851
2652 0.4520656184010868
2653 0.4521569656468686
2654 0.4522351020742662
2655 0.4523001956753516
2656 0.4523520305641811
2657 0.4523914653343075
2658 0.4524179007469721
2659 0.4524333301109394
2660 0.4524379796241903
2661 0.4524334982212311
2662 0.4524210362407406
2663 0.4524014480393759
2664 0.4523762976976109
2665 0.452346770144715
2666 0.4523144334827968
2667 0.4522802745371322
2668 0.4522451698074978
2669 0.4522102087336993
2670 0.4521756761459121
2671 0.4521426224182211
2672 0.4521115730453907
2673 0.4520825784287147
2674 0.4520556207304114
2675 0.4520316010003219
2676 0.4520095637743645
2677 0.4519905346234166
2678 0.4519737164604149
2679 0.4519586549552754
2680 0.4519461600670133
2681 0.4519353492597399
2682 0.451925786874894
2683 0.4519177888271899
2684 0.4519111319938069
2685 0.4519057083864692
2686 0.4519015461250986
2687 0.4518981268647007
2688 0.4559751770958927
2689 0.4555825824199625
2690 0.4550346196959559
2691 0.4546647701533066
2692 0.4544122966422405
2693 0.4543322797949499
2694 0.4543665667269304
2695 0.4545190263538982
2696 0.454744917733571
2697 0.4550313991913292
2698 0.4553400339593388
2699 0.4556471375143829
2700 0.4559385997371216
2701 0.4562016274272448
2702 0.4564251353254437
2703 0.4566057016041193
2704 0.4567427450877408
2705 0.4568390279178628
2706 0.4568947644223706
2707 0.4569149820412748
2708 0.4569042930801224
2709 0.4568684412150731
2710 0.456811748372243
2711 0.4567400977492937
2712 0.456657902565827
2713 0.4565696250691813
2714 0.4564794899689211
2715 0.4563890366883594
2716 0.4563027330250553
2717 0.456221154129735
2718 0.4561460407270451
2719 0.4560783428354047
2720 0.4560187135066447
2721 0.4559671136705015
2722 0.4559243713997012
2723 0.4558901159474655
2724 0.4558640099393356
2725 0.4558454258362426
2726 0.4558336265229364
2727 0.4558279553278614
2728 0.4558278986720836
2729 0.4558325281374705
2730 0.4558410348520444
2731 0.4558529231507041
2732 0.4558673433134012
2733 0.4558837289443368
2734 0.4559016755262906
2735 0.4559205484737752
2736 0.4559399078191526
2737 0.4559595881835405
2738 0.455979347973969
2739 0.4559987200381359
2740 0.456017743243553
2741 0.4560361255261335
2742 0.4560538446616021
2743 0.4560705612060448
2744 0.456086226536462
2745 0.4561008186875845
2746 0.4561143063639439
2747 0.4561268027340926
2748 0.4561380742920801
2749 0.4561482895336119
2750 0.4561575529061366
2751 0.4561658770369916
2752 0.4561733757217894
2753 0.4561802475788196
2754 0.4561863385071209
2755 0.4561918182249638
2756 0.4561967671130412
2757 0.4562011970876263
2758 0.4585766382706353
2759 0.4611572282286956
2760 0.4631700748696646
2761 0.4647327140012465
2762 0.4659736614869609
2763 0.4669084401680596
2764 0.4676229081642895
2765 0.4681586136726467
2766 0.4685791966553874
2767 0.468909448804245
2768 0.4691880778970695
2769 0.4694255191602061
2770 0.4696326904549767
2771 0.4698199964777115
2772 0.4699806573220735
2773 0.4701209966917745
2774 0.4702445461592381
2775 0.4703444914104917
2776 0.470421803603382
2777 0.4704770423566788
2778 0.4705127422449282
2779 0.4705298537141409
2780 0.4705305412822943
2781 0.4705179607289024
2782 0.4704951725778995
2783 0.4704636140623338
2784 0.4704255894233431
2785 0.4703845787828509
2786 0.4703411179263388
2787 0.4702969667181081
2788 0.4702549576328167
2789 0.4702149646217171
2790 0.4701776295637458
2791 0.4701442004756257
2792 0.4701155116672563
2793 0.4700903286229176
2794 0.4700704010953661
2795 0.470054021770297
2796 0.4700418296654669
2797 0.4700332286192953
2798 0.4700284805542177
2799 0.4700258883881092
2800 0.4700260261852451
2801 0.4700281957129013
2802 0.4700319169521669
2803 0.4700369396167223
2804 0.4700428730177598
2805 0.4700493202806181
2806 0.4700560403835906
2807 0.4700627330015893
2808 0.4700690638444087
2809 0.4700749662496767
2810 0.4700803040246981
2811 0.4700848980940073
2812 0.470088663086012
2813 0.470091509141815
2814 0.4674405552383417
2815 0.4674919921598752
2816 0.4678466884762064
2817 0.4682719019862782
2818 0.4686607521103921
2819 0.4689677975929282
2820 0.4692129255383796
2821 0.4694040697573225
2822 0.4695704844792303
2823 0.4697174544838625
2824 0.4698602913913613
2825 0.4700087384433334
2826 0.4701695692911754
2827 0.4703451365247706
2828 0.4705337177571796
2829 0.4707332111929625
2830 0.4709365272731978
2831 0.4711436705808469
2832 0.471348403950858
2833 0.471547502416088
2834 0.4717365322060106
2835 0.4719114145929889
2836 0.4720702432465173
2837 0.4722099588921992
2838 0.4723305905296115
2839 0.4724312881439073
2840 0.4725131523650734
2841 0.4725769660309932
2842 0.4726243842382521
2843 0.4726566128020188
2844 0.4726755195871811
2845 0.4726828348815677
2846 0.4726799818735929
2847 0.4726683899287668
2848 0.4726498125936915
2849 0.4726252016110149
2850 0.4725960614102461
2851 0.4725633177587109
2852 0.4725283877288264
2853 0.4724918438487189
2854 0.4724548891871504
2855 0.4724177690576514
2856 0.4723816208618388
2857 0.4723462968149903
2858 0.472312483182591
2859 0.4722801021836072
2860 0.4722498666720494
2861 0.4722215296233765
2862 0.4721956438522965
2863 0.4721718038446253
2864 0.4721503635866021
2865 0.4721308697324397
2866 0.4721136189854328
2867 0.4720981058073196
2868 0.4720845133861781
2869 0.4720724075939134
2870 0.4720621433237667
2871 0.472053227920309
2872 0.4720459090095264
2873 0.4720396439474567
2874 0.4720347385418502
2875 0.4720306785164158
2876 0.4720277963133029
2877 0.4711547806741992
2878 0.469842882067352
2879 0.4684904203240482
2880 0.4675013930368773
2881 0.4667841835594957
2882 0.466381089235999
2883 0.4661269980984711
2884 0.4660539776196895
2885 0.4660970432635684
2886 0.4662163837048017
2887 0.4663774990723414
2888 0.4665508364364516
2889 0.4667170310752397
2890 0.4668659483539408
2891 0.4669916956377774
2892 0.467094821299433
2893 0.4671726723332913
2894 0.4672260184736486
2895 0.4672602097004113
2896 0.4672751087484975
2897 0.4672731740625455
2898 0.4672560410578518
2899 0.4672260306314309
2900 0.4671847910341929
2901 0.4671331720966261
2902 0.4670744693687865
2903 0.4670106940921349
2904 0.466943818972113
2905 0.4668751255347405
2906 0.4668062159866271
2907 0.4667387410559495
2908 0.4666739152257782
2909 0.4666129022665914
2910 0.466556371450286
2911 0.4665048682598368
2912 0.4664585671457788
2913 0.4664177372201754
2914 0.4663821959549467
2915 0.4663520432480258
2916 0.4663264689541245
2917 0.4663055307608817
2918 0.4662886565648973
2919 0.4662755008103016
2920 0.4662664693851284
2921 0.4662585669948314
2922 0.4662535776540825
2923 0.4662511851178048
2924 0.4662501179513031
2925 0.4662505436402432
2926 0.466252762946991
2927 0.4662564119879049
2928 0.4662608504289719
2929 0.4662662070136117
2930 0.4662721036636254
2931 0.4662786191404122
2932 0.4662855030534717
2933 0.466292813420433
2934 0.4663003331556115
2935 0.4663081101523343
2936 0.4663160175475617
2937 0.4663238991170252
2938 0.4663316957614334
2939 0.4663394699112304
2940 0.4663473401301472
2941 0.466355012849934
2942 0.4663625239266171
2943 0.4663698413697543
2944 0.4663768719419775
2945 0.4663837053821993
2946 0.466390280637799
2947 0.4663966308682443
2948 0.4664026853751572
2949 0.4664085354115226
2950 0.4664140828255181
2951 0.4664194408905005
2952 0.4664245356346665
2953 0.4664294703050254
2954 0.4664342563165567
2955 0.466438794174829
2956 0.4664430544600351
2957 0.4664471503433156
2958 0.4664509839841904
2959 0.4661649472368627
2960 0.4664111576870531
2961 0.4663356118201854
2962 0.4663408856476355
2963 0.4663011478912404
2964 0.4662827414881808
2965 0.4662916676509106
2966 0.4663456877514922
2967 0.4664372973736001
2968 0.4665613926167859
2969 0.4667049251057557
2970 0.4668556036226225
2971 0.4670008138045734
2972 0.4671333170227743
2973 0.4672444090732237
2974 0.4673340333507987
2975 0.4674011586307685
2976 0.4674464633185864
2977 0.4674670564525726
2978 0.4674696628980371
2979 0.4674557577124556
2980 0.4674294805735388
2981 0.4673947265996655
2982 0.467351895070885
2983 0.4673028082725069
2984 0.4672486689229732
2985 0.4671933000830615
2986 0.4671370264730889
2987 0.4670805962318741
2988 0.4670245667854238
2989 0.4669720795754621
2990 0.4669223691135604
2991 0.4668773490433625
2992 0.4668367551668399
2993 0.466800113878255
2994 0.4667696249219939
2995 0.4667439775820538
2996 0.4667229359607749
2997 0.4667067969776065
2998 0.4666957353239067
2999 0.4666891069113272
3000 0.4666866459496644
3001 0.4666871612085146
3002 0.4666906970893237
3003 0.4666963743602256
3004 0.4667033959861593
3005 0.4667113290738009
3006 0.4667199399649677
3007 0.4667291455540359
3008 0.4667382699168468
3009 0.4667471091387066
3010 0.466755560954099
3011 0.4667636213287889
3012 0.4667709195176067
3013 0.466777090408021
3014 0.466782319052812
3015 0.4667864688598208
3016 0.466789972835029
3017 0.4667921933472231
3018 0.4667934104068331
3019 0.4667936605768278
3020 0.4667932610201259
3021 0.4667919378995263
3022 0.4645979300181721
3023 0.463937313746094
3024 0.4640075893505805
3025 0.4643189237748531
3026 0.4646807881272507
3027 0.4649953776474287
3028 0.4652664494584228
3029 0.465475447126765
3030 0.4656481491607612
3031 0.4657992384103697
3032 0.4659515978473817
3033 0.4661104323440985
3034 0.4662802132520206
3035 0.4664528803458574
3036 0.4666160027989338
3037 0.4667716039778683
3038 0.466903100635573
3039 0.4670089945683495
3040 0.4670880656380096
3041 0.4671387859881075
3042 0.4671691349268065
3043 0.4671793869899514
3044 0.4671710859171039
3045 0.4671462082822462
3046 0.4671105583251766
3047 0.4670649485139065
3048 0.4670148541144064
3049 0.4669613134506278
3050 0.4669063234933764
3051 0.4668513745159565
3052 0.4667972454754611
3053 0.466744586567465
3054 0.4666925002677886
3055 0.4666407137792198
3056 0.4665890613139376
3057 0.4665373605510783
3058 0.4664857385370541
3059 0.466433857820855
3060 0.4663821199111267
3061 0.4663300513605282
3062 0.4662787177844156
3063 0.4662287712894975
3064 0.4661791090704391
3065 0.4661312836915728
3066 0.4660850042846497
3067 0.4660406302648989
3068 0.465998311554985
3069 0.4659581159356125
3070 0.4659201834486094
3071 0.4658847055394667
3072 0.4658520730219707
3073 0.4658220000387707
3074 0.4657943360352141
3075 0.4657685107526019
3076 0.4657450604249259
3077 0.4657241815573696
3078 0.4657055608395253
3079 0.4656888966666767
3080 0.4656742823137949
3081 0.4656611818102094
3082 0.4656500311374618
3083 0.4656402774382813
3084 0.4656319302126296
3085 0.4656248390268253
3086 0.4656186626097987
3087 0.4656137048745914
3088 0.4656094300523662
3089 0.4656059485836435
3090 0.4656031506309422
3091 0.4656009299196852
3092 0.4655990434218732
3093 0.4655974663910968
3094 0.4655961426177005
3095 0.4655949349316239
3096 0.4655938592024483
3097 0.4636661410099215
3098 0.4627309471558055
3099 0.4621173513624589
3100 0.4615738694329587
3101 0.4611811664146871
3102 0.4609586989787358
3103 0.4608718407200967
3104 0.4608874022953866
3105 0.4609797577464695
3106 0.4611102408668057
3107 0.4612443982618462
3108 0.461382718644503
3109 0.4615142171825044
3110 0.4616388378547722
3111 0.4617556693354451
3112 0.4618635125059297
3113 0.4619615216559455
3114 0.4620513525178113
3115 0.4621353516893639
3116 0.4622117485211832
3117 0.4622823577954188
3118 0.4623454179721726
3119 0.4623992221047715
3120 0.4624446640865056
3121 0.462482514298671
3122 0.4625119315680461
3123 0.4625335207284323
3124 0.4625479720315516
3125 0.4625560936873966
3126 0.4625591851724768
3127 0.4625585134352219
3128 0.4625554942676742
3129 0.4625507930863196
3130 0.462545060238071
3131 0.4625388934657481
3132 0.462533101832569
3133 0.4625279222947754
3134 0.4625237240978332
3135 0.4625205107650155
3136 0.4625182876307529
3137 0.4625169858162668
3138 0.4625166199350156
3139 0.4625169505108224
3140 0.4625179285978147
3141 0.4625194272813119
3142 0.4625212966683449
3143 0.4625234753485469
3144 0.4625259540146999
3145 0.462528587387289
3146 0.4625313564618948
3147 0.4625341653249685
3148 0.4625369412587974
3149 0.462539590419683
3150 0.4625420314294626
3151 0.4625442714711461
3152 0.462546244708829
3153 0.4606432048981727
3154 0.462848138222091
3155 0.4638738099409386
3156 0.4644217144458453
3157 0.464726396534101
3158 0.4649718739269497
3159 0.4651532990292697
3160 0.4653254962571771
3161 0.4654573862742865
3162 0.4655766481858004
3163 0.4656674107779294
3164 0.4657383643109397
3165 0.4657830118525725
3166 0.4658201639700767
3167 0.4658528604229997
3168 0.4658923526550477
3169 0.4659448987827823
3170 0.4660134622640996
3171 0.4660972419019566
3172 0.4661967326458605
3173 0.4663079786296804
3174 0.4664286497085986
3175 0.466553948457967
3176 0.4666796932489722
3177 0.4668020092025167
3178 0.466918032583493
3179 0.4670243395941069
3180 0.4671201019248915
3181 0.4672047882204607
3182 0.4672788246305262
3183 0.4673366792219807
3184 0.4673891101265329
3185 0.4674347366914257
3186 0.4674740673759302
3187 0.4675080401516839
3188 0.4675368416982299
3189 0.4675618880372776
3190 0.4675829108314839
3191 0.4676024667538184
3192 0.4676204183884861
3193 0.4676380574050614
3194 0.4676560979751572
3195 0.4676746767932978
3196 0.4676941673551652
3197 0.4677144605746895
3198 0.4677354714568579
3199 0.4677570220066144
3200 0.4677789037582322
3201 0.4678007913169811
3202 0.4678225970900327
3203 0.4678438110373652
3204 0.4678642830479464
3205 0.4678839665845931
3206 0.4679027519764362
3207 0.4679204441256619
3208 0.4679366640352911
3209 0.4679515370757695
3210 0.4679626726163809
3211 0.4679728676431821
3212 0.4679843764021173
3213 0.4679927043390448
3214 0.4679999952850329
3215 0.4680064279670008
3216 0.4680119100169969
3217 0.4680165039605306
3218 0.4681421898385718
3219 0.4693102289475547
3220 0.4701024682383818
3221 0.4707466817045831
3222 0.4712125444021121
3223 0.4715537256848762
3224 0.4717761631969664
3225 0.4719544684405417
3226 0.4720970506299386
3227 0.4722183539190488
3228 0.472331636412281
3229 0.4724530941754585
3230 0.4725579523555377
3231 0.4726501506509708
3232 0.4727199654424611
3233 0.472785255663055
3234 0.472845864852834
3235 0.4728993684186437
3236 0.472940755769791
3237 0.4729729930499405
3238 0.4729970441529492
3239 0.4730157982404148
3240 0.4730311342104898
3241 0.4730448699609374
3242 0.4730579047145694
3243 0.4730705040759765
3244 0.4730832022611288
3245 0.4730956525988765
3246 0.4731075469832358
3247 0.4731186787286841
3248 0.4731291685181208
3249 0.4731379262595942
3250 0.4731448749076976
3251 0.4731506118282037
3252 0.4731556801847522
3253 0.4731589227475025
3254 0.4731612108293577
3255 0.4731627292287112
3256 0.4731641738039102
3257 0.4731651653537619
3258 0.4731662895317523
3259 0.4731674940927661
3260 0.4731693469964585
3261 0.4731714111135737
3262 0.4731739761317177
3263 0.473176775890769
3264 0.4731801996896452
3265 0.4731836862377586
3266 0.4731874005509248
3267 0.473191011723072
3268 0.4731947586638229
3269 0.4731982418115449
3270 0.4732016130082255
3271 0.4732045736495831
3272 0.4732076012064563
3273 0.473210249375217
3274 0.4732127183044283
3275 0.4732147801888827
3276 0.4732168205231091
3277 0.4628885717318247
3278 0.4589385481466794
3279 0.4568149149339444
3280 0.4555594019874037
3281 0.4547801098721461
3282 0.4542207160476341
3283 0.4538176289042041
3284 0.4535238482745281
3285 0.4533400671319676
3286 0.4532535332937028
3287 0.4532579146291695
3288 0.4533361896387145
3289 0.4534716501205999
3290 0.4536451296854827
3291 0.4538379654812262
3292 0.454032943925223
3293 0.4542155573568657
3294 0.4543759426928572
3295 0.4545057691738748
3296 0.4546007247173224
3297 0.4546633783851677
3298 0.4546939040030167
3299 0.4546951167593385
3300 0.4546722183010252
3301 0.4546288162436715
3302 0.4545704577346809
3303 0.4545027360013779
3304 0.4544306144785095
3305 0.4543553607934341
3306 0.4542800077623433
3307 0.4542057918187856
3308 0.4541344583913947
3309 0.4540653920500737
3310 0.453998481879635
3311 0.453933640502673
3312 0.4538708222320425
3313 0.4538099655229865
3314 0.4537505496227586
3315 0.4536922220845871
3316 0.4536355858012047
3317 0.4535803817168044
3318 0.4535268422041637
3319 0.4534747630513271
3320 0.4534250617781351
3321 0.4533771963862664
3322 0.4533318244151444
3323 0.4532887035891174
3324 0.4532484173213475
3325 0.4532109350837029
3326 0.4531761827052794
3327 0.4531437015760662
3328 0.4531138368433961
3329 0.4530861984086664
3330 0.4530612246757658
3331 0.4530380844623246
3332 0.4530170121738686
3333 0.4529976160303583
3334 0.4529802626309373
3335 0.4529644384096959
3336 0.4529500786676953
3337 0.4529369225918543
3338 0.4529252117203649
3339 0.4529147209028416
3340 0.4529054153494216
3341 0.4528970189693217
3342 0.452889788354582
3343 0.4528837033252311
3344 0.4528786976906561
3345 0.452874433882806
3346 0.4520327526614681
3347 0.4514153555480912
3348 0.4507978177763178
3349 0.4502824584286633
3350 0.449881362653513
3351 0.4496270065709964
3352 0.4494853074655834
3353 0.4494492784984139
3354 0.4494803535334017
3355 0.4495539421011096
3356 0.4496437078616835
3357 0.4497351903830594
3358 0.4498193310941672
3359 0.4498934011566001
3360 0.4499574520865289
3361 0.4500126951394758
3362 0.4500611623118143
3363 0.4501052832065841
3364 0.4501466137808215
3365 0.4501853612062713
3366 0.4502225252275466
3367 0.4502560742010085
3368 0.4502865970012918
3369 0.4503130947659537
3370 0.4503355583675565
3371 0.4503535155655271
3372 0.4503679768416741
3373 0.4503776505785897
3374 0.4503844140676224
3375 0.4503883134377666
3376 0.450390508358935
3377 0.4503914114439617
3378 0.4503905070870648
3379 0.4503895599018221
3380 0.4503884910492528
3381 0.4503878973422247
3382 0.4503875455281536
3383 0.4503879215225761
3384 0.4503893159841576
3385 0.4503894239867731
3386 0.4503902389295388
3387 0.4503913478392964
3388 0.4503928187853999
3389 0.4503942327739175
3390 0.4503955151381555
3391 0.4503968124427999
3392 0.4503979668407078
3393 0.4503989047116904
3394 0.4503999048815878
3395 0.4504014067552687
3396 0.4504030435858167
3397 0.4504040682138329
3398 0.4504049737173534
3399 0.4504062543262402
3400 0.4504077440657964
3401 0.4504095947063754
3402 0.4504116865933822
3403 0.4504141552060802
3404 0.4504166622051953
3405 0.4539744660506492
3406 0.4591785585223011
3407 0.4621895565249997
3408 0.4641675781999983
3409 0.465521717852486
3410 0.4665413186439881
3411 0.4673068258144113
3412 0.4679210818189228
3413 0.4683729796640984
3414 0.4687068670128486
3415 0.4689245083135136
3416 0.4690671761111876
3417 0.4691391750752875
3418 0.4691620639040934
3419 0.4691605556417771
3420 0.4691621709070956
3421 0.4691757265297122
3422 0.4692096307062317
3423 0.4692626030853613
3424 0.4693397580046703
3425 0.4694370681893388
3426 0.4695527153376944
3427 0.469680681237257
3428 0.4698180121925301
3429 0.4699596557749742
3430 0.4700995962102276
3431 0.470236077258369
3432 0.4703651089559003
3433 0.4704843509237134
3434 0.4705928202962501
3435 0.4706904084305544
3436 0.4707774952790335
3437 0.4708471210157093
3438 0.470912901773935
3439 0.4709715917318437
3440 0.4710232967814332
3441 0.471069250958796
3442 0.4711104528187072
3443 0.4711474080983527
3444 0.4711804755342206
3445 0.4712105748667348
3446 0.4712382693885186
3447 0.4712642801767792
3448 0.4712918119423183
3449 0.4713186594375239
3450 0.4713411099502915
3451 0.4713671319673695
3452 0.4713932384970022
3453 0.4714192429332134
3454 0.4714448364742021
3455 0.4714696970730912
3456 0.4714947405855392
3457 0.4715193917959608
3458 0.4715434695475488
3459 0.4715669571380184
3460 0.4715898817444094
3461 0.4716120505488892
3462 0.4716333192777334
3463 0.4716537469021665
3464 0.4716728671683197
3465 0.4716910594486048
3466 0.471707997722317
3467 0.4717238434522841
3468 0.4717384026133193
3469 0.4717497728836283
3470 0.4717600439522248
3471 0.4717696717628823
3472 0.4717784113057872
3473 0.4717864942506187
3474 0.4717936181543795
3475 0.4717998425044519
3476 0.4718051720156404
3477 0.4718096806982782
3478 0.4718134992388246
3479 0.4718158013838055
3480 0.4718165953763699
3481 0.4718162376280769
3482 0.4718149566787799
3483 0.4711042500215478
3484 0.4755013655615939
3485 0.4788316854033082
3486 0.4812542461802863
3487 0.4830894267748178
3488 0.4844798699375532
3489 0.4854806087295573
3490 0.4861802167699839
3491 0.4866554094362691
3492 0.4869700622811128
3493 0.4871634353946777
3494 0.4872784646764345
3495 0.4873476528228471
3496 0.4873939932000996
3497 0.4874321193374041
3498 0.4874757235859218
3499 0.4875322573225517
3500 0.4876047284179279
3501 0.4876928406644572
3502 0.4877963217195549
3503 0.4879132899180719
3504 0.4880411330058426
3505 0.4881763199862467
3506 0.4883156287959475
3507 0.4884549200255014
3508 0.4885912431593843
3509 0.4887214971611363
3510 0.4888429382096244
3511 0.488954062131161
3512 0.4890537451538343
3513 0.4891409852534523
3514 0.48921529831692
3515 0.4892766887050277
3516 0.48932596861217
3517 0.4893641148910831
3518 0.4893921797608418
3519 0.4894114314804246
3520 0.4894233857148318
3521 0.4894292845988278
3522 0.4894305375176189
3523 0.4894285049905358
3524 0.4894244498082934
3525 0.4894193744963809
3526 0.4894139422189515
3527 0.4894088258244852
3528 0.4894044509002713
3529 0.4894014166398178
3530 0.4893995426119923
3531 0.4893989323146684
3532 0.4893996966391777
3533 0.4894018372661801
