"C_d_NACA_0012_2D_ref_2D_1114-rfile"
"Iteration" "C_d_NACA_0012_2D_ref_2D_1114"
("Iteration" "C_d_NACA_0012_2D_ref_2D_1114")
1 0.2891967003073435
2 0.1415414545525923
3 0.07314755812337649
4 0.04155853159521324
5 0.02527016700755441
6 0.01749703758691365
7 0.01293717383446297
8 0.01087463776815754
9 0.011315525349588
10 0.0129180115481787
11 0.01500316774973117
12 0.01886759379652842
13 0.02430954294272444
14 0.03362551604985064
15 0.03795822319256881
16 0.03690713302353213
17 0.03842948291614811
18 0.04122886366509595
19 0.0452338845438213
20 0.04925365524556659
21 0.05213954667887147
22 0.05326847611712583
23 0.05485555189279437
24 0.05810894428270933
25 0.06105975580155443
26 0.06470157695945739
27 0.06776178821268529
28 0.06915207296207078
29 0.069119075619838
30 0.0670700997421398
31 0.06276199801133329
32 0.05579336218630201
33 0.04732734062481599
34 0.03764548715702217
35 0.02775794802961183
36 0.0195997996040501
37 0.01617356248730071
38 0.0160933976391388
39 0.01629836064595383
40 0.0157148445934267
41 0.01459204805642291
42 0.01302702563153107
43 0.01193224400297693
44 0.01092475291157163
45 0.01015166644522437
46 0.009633371001911872
47 0.009322963155336147
48 0.009125286629385242
49 0.0091640141324378
50 0.009210563264467782
51 0.009278110946770259
52 0.009433513301069625
53 0.009530254346949367
54 0.009612251539182838
55 0.00965579883877825
56 0.0096785161313557
57 0.009685969911942108
58 0.009681624561335936
59 0.009678229963208605
60 0.009670238516436974
61 0.00966531305485255
62 0.00965812231637783
63 0.009651347055632829
64 0.009643292047180447
65 0.009634628585763968
66 0.009626188840016696
67 0.009617592153365469
68 0.009610185974069305
69 0.00960321620504157
70 0.009597502731371225
71 0.0095922629649456
72 0.009587981036413215
73 0.009584249076744015
74 0.009581909742964301
75 0.00958017302571296
76 0.009579521433614228
77 0.009579142570741115
78 0.009579524443888992
79 0.009579785031768213
80 0.009580565813808489
81 0.009580970291415988
82 0.009581807809938274
83 0.009582185140923977
84 0.009582953185553258
85 0.009583190381961197
86 0.0095837937191118
87 0.009583820806994539
88 0.00958422752096545
89 0.009584074425716755
90 0.009584341444087891
91 0.009584074568732
92 0.009584259545584893
93 0.009583713752663411
94 0.009584335525742853
95 0.009583739295586539
96 0.009584338138158727
97 0.009583639593409526
98 0.009584176662840817
99 0.009583417209491282
100 0.009583943571366039
101 0.009583186012943837
102 0.009583747144406093
103 0.009583020504576593
104 0.009583622888926644
105 0.009582934398032077
106 0.00958356915191895
107 0.009582912316312
108 0.00958356249115699
109 0.009582929430812442
110 0.00958359126796661
111 0.009582974576048658
112 0.009583640524528305
113 0.009583035633924529
114 0.009583703236649185
115 0.009583109012646824
116 0.009583771598858039
117 0.009583186354519825
118 0.009583843249342918
119 0.009583260849614989
120 0.009583909626361355
121 0.009583329936652642
122 0.009583973931803999
123 0.009583394921697779
124 0.009584029042212922
125 0.009583448259044296
126 0.009584070615420028
127 0.009583491310169921
128 0.009584104313763815
129 0.009583525784420203
130 0.009584129022068483
131 0.009583551149327704
132 0.009584146533418493
133 0.009583566793498316
134 0.009584154397275276
135 0.00958357543620946
136 0.009584157701519975
137 0.009583582024699958
138 0.009584157416762624
139 0.00958358604696757
140 0.009584155263181723
141 0.009583585269671476
142 0.009584148202437864
143 0.009583584689037347
144 0.009584142312868889
145 0.00958358487689028
146 0.00958413806807441
147 0.009583586335157832
148 0.0095841325723026
149 0.009583586702226506
150 0.009584128095457988
151 0.009583588570387538
152 0.009584125549529065
153 0.009583591898011714
154 0.009584123318697603
155 0.009583595039863951
156 0.009584119309520517
157 0.009583595991381547
158 0.009584115713768672
159 0.00958360082721926
160 0.009584115289723203
161 0.009583605732058503
162 0.009584114990507788
163 0.009583613030712736
164 0.009584112014704074
165 0.009583610943899768
166 0.009584104432387065
167 0.009583616121114644
168 0.009584108033521974
169 0.009583626812345626
170 0.00958410686670281
171 0.009583625778906705
172 0.009584097804400853
173 0.009583627452376807
174 0.009584097956279233
175 0.009583634978692249
176 0.009584097354741798
177 0.009583640399969449
178 0.009584092322940036
179 0.009583639070851444
180 0.009584084483116068
181 0.009583642690853721
182 0.009584081910966533
183 0.009583653022151245
184 0.009584080729352198
185 0.009583656742023714
186 0.009584071696088096
187 0.009583656238256666
188 0.009584065094785875
189 0.009583661877741772
190 0.009584063362377347
191 0.0095836719226972
192 0.009584061592351818
193 0.009583673750249341
194 0.009584049886110007
195 0.009583673783180487
196 0.009584046899291038
197 0.009583686366030041
198 0.009584047916979317
199 0.009583690746293698
200 0.009583896416761878
201 0.009583696974877846
202 0.009584010776949753
203 0.009583704725973963
204 0.009584031608157706
205 0.009583701759176911
206 0.009584029372241922
207 0.009583699180659147
208 0.009584022614948322
209 0.009583708597896168
210 0.009584012047011394
211 0.009583714474253371
212 0.009583997417394395
213 0.009583725919114414
214 0.00958399400448808
215 0.009583739409378778
216 0.009583983730182615
217 0.009583742386090898
218 0.009583971688137561
219 0.009583750421002603
220 0.00958396945782633
221 0.00958376313387649
222 0.009583963300291315
223 0.009583765442306505
224 0.009583950484574054
225 0.009583771227763094
226 0.009583983967199167
227 0.009583843780947145
228 0.009583920035740719
229 0.009583848914401789
230 0.00958389432769296
231 0.009583845421884403
232 0.009583880152301324
233 0.00958385895726999
234 0.009583875121686297
235 0.009583860520632528
236 0.009583857789995518
237 0.009583860724989575
238 0.009583853263891098
239 0.009583877815576848
240 0.009583856356876553
241 0.009583878941615696
242 0.009583838179441292
243 0.009583880236129119
244 0.009583836245043052
245 0.009583895964452718
246 0.009583836004797992
247 0.0095838995992008
248 0.009583819629243793
249 0.00958389863779301
250 0.009583815651796657
251 0.009583913998032286
252 0.009583812733367655
253 0.009583918660157335
254 0.009583801853793851
255 0.009583921927875451
256 0.009583797362824808
257 0.0095839297067175
258 0.00958379186404792
259 0.009583936522717775
260 0.00958378421403493
261 0.009583942617551596
262 0.009583778271985607
263 0.009583950681192428
264 0.009583771630888235
265 0.009583957832543812
266 0.009583763110526838
267 0.009583964119926234
268 0.00958375870415527
269 0.009583972497088214
270 0.009583753100947509
271 0.009583977399694016
272 0.009583743326050415
273 0.009583982393053098
274 0.009583738451276799
275 0.009583990121505357
276 0.009583733329684208
277 0.009583996292697166
278 0.009583725521194617
279 0.009584002046088533
280 0.009583719469033967
281 0.009584008413970852
282 0.009583714606669702
283 0.009584014839747922
284 0.00958370989761388
285 0.009584020140311249
286 0.009583703227313032
287 0.00958402390102691
288 0.009583698043814001
289 0.0095840298844605
290 0.00958369424533625
291 0.009584035004940254
292 0.009583689633858769
293 0.009584039447613159
294 0.009583684789103037
295 0.009584044040703114
296 0.0095836804981742
297 0.00958404839160785
298 0.009583676261736966
299 0.009584052453502943
300 0.009583672132052311
301 0.009584056302613763
302 0.009583668122953727
303 0.009584060168665622
304 0.009583664511098749
305 0.009584063909929132
306 0.009583661237857978
307 0.009584067310286692
308 0.00958365795875671
309 0.009584070485673727
310 0.009583655135285979
311 0.009584073595212154
312 0.009583652214448285
313 0.009584076178156485
314 0.009583650323222184
315 0.009584079332028345
316 0.009583647162834332
317 0.009584081785121322
318 0.009583643827755797
319 0.009584083318547315
320 0.009583642840375209
321 0.009584085988215817
322 0.009583641030766508
323 0.009584088308018494
324 0.009583638166558954
325 0.009584088414000685
326 0.009583636079144614
327 0.00958409081269937
328 0.009583635689557611
329 0.009584093586551098
330 0.009583636025346735
331 0.009584093877730966
332 0.009583631220259764
333 0.009584094867801551
334 0.009583631709260666
335 0.009584096206914259
336 0.009583631424392568
337 0.009584098956038758
338 0.009583630077459769
339 0.00958409831894786
340 0.009583627074585958
341 0.009584100073979807
342 0.009583627890628431
343 0.009584102203384612
344 0.009583626993731754
345 0.009584100573058984
346 0.009583626714999764
347 0.009584103298115937
348 0.00958362682972894
349 0.009584103038411798
350 0.009583626809073889
351 0.009584103431850793
352 0.009583624246061288
353 0.009584102797367045
354 0.009583623893218447
355 0.009584103394363858
356 0.00958362568677474
357 0.009584104625056581
358 0.00958362602593448
359 0.009584105305419102
360 0.009583622604441561
361 0.009584104030684121
362 0.009583624734007154
363 0.00958410716003427
364 0.009583623713748771
365 0.009584106320606994
366 0.009583622078293517
367 0.009584105864739741
368 0.009583622122889822
369 0.009584107215137864
370 0.009583623213796905
371 0.009584107855306683
372 0.009583622653655269
373 0.009584106526258055
374 0.009583622193784202
375 0.009584105050074038
376 0.009583623858252864
377 0.009584104642525938
378 0.009583624050539079
379 0.009584105857935048
380 0.00958362452519786
381 0.009584104691884329
382 0.009583625940035962
383 0.009584102735914568
384 0.009583625487042178
385 0.009584101888442038
386 0.009583627170448774
387 0.009584101815367856
388 0.00958362824685062
389 0.009584100689361642
390 0.009583628394486335
391 0.009584099758609776
392 0.009583629318250752
393 0.009584097813526832
394 0.009583631572374161
395 0.009584098512806595
396 0.009583634344116406
397 0.00958409565449954
398 0.009583631457581761
399 0.009584092195788402
400 0.009583633721691574
401 0.009584093255095126
402 0.009583637514507056
403 0.009584092955082175
404 0.009583638960891466
405 0.009584089280624888
406 0.009583637325158663
407 0.009584087706178263
408 0.009583643739513623
409 0.009584087490970583
410 0.00958364379111591
411 0.009584081597717278
412 0.009583645513106897
413 0.009584083084256271
414 0.009583650467095273
415 0.009584079776996558
416 0.009583648421014893
417 0.00958407493154935
418 0.009583652253889725
419 0.009584075711191348
420 0.009583659596128559
421 0.00958407397876305
422 0.009583658842376358
423 0.009584068226897493
424 0.009583657507285265
425 0.009584066095126725
426 0.009583662992595937
427 0.009584065604515486
428 0.009583667841423461
429 0.009584060999024847
430 0.009583669526626924
431 0.009584056134718808
432 0.009583672434848754
433 0.009584054013305872
434 0.0095836766195741
435 0.009584049864637342
436 0.009583680492858361
437 0.00958404651666498
438 0.009583684935704589
439 0.009584042066583469
440 0.009583686789594563
441 0.009584036590510749
442 0.009583690660411341
443 0.009584032286391563
444 0.009583697041197723
445 0.009584032800118176
446 0.009583701965313364
447 0.009584024756008043
448 0.009583702571784815
449 0.009583896384182177
450 0.009583718986759089
451 0.009583994389386672
452 0.009583717687205305
453 0.009584008627947532
454 0.009583719046490628
455 0.009584014322046565
456 0.009583722744501541
457 0.009584006050939828
458 0.009583721000715724
459 0.009583990521069627
460 0.009583728355873265
461 0.009583986604239401
462 0.009583743412165622
463 0.009583979498320083
464 0.009583747764055987
465 0.009583968064356855
466 0.009583754690419949
467 0.009583964956575521
468 0.009583765353833975
469 0.009583959317209349
470 0.009583768764981834
471 0.009583949003240161
472 0.009583773799295377
473 0.009583947197496065
474 0.0095837835364487
475 0.009583978357108234
476 0.009583838620788822
477 0.009583911488899333
478 0.009583839183192026
479 0.009583896665457031
480 0.009583847449281936
481 0.009583886779939732
482 0.009583850268879091
483 0.009583871863770018
484 0.009583851061933706
485 0.009583865243246953
486 0.009583862562343615
487 0.009583866245426627
488 0.009583868013359186
489 0.009583853951109745
490 0.009583867638457136
491 0.009583849679103539
492 0.009583880338454956
493 0.009583849314925093
494 0.009583884995002335
495 0.00958383454694977
496 0.009583884035273259
497 0.009583832093058549
498 0.009583899601058262
499 0.009583831709933668
500 0.009583901820245773
501 0.009583817235802912
502 0.009583902177931874
503 0.00958381237598124
504 0.009583916735645423
505 0.009583812216385712
506 0.009583922469085196
507 0.009583798163532449
508 0.009583921655720236
509 0.009583793696450543
510 0.009583933666935496
511 0.009583790705399407
512 0.009583937711941578
513 0.009583783588962067
514 0.009583942784410701
515 0.009583778141692402
516 0.009583950235703938
517 0.009583772193459794
518 0.00958395655293234
519 0.009583764141166778
520 0.009583961973314299
521 0.009583758901977204
522 0.009583970083144011
523 0.009583753101941348
524 0.009583977062390022
525 0.00958374429197174
526 0.009583982048721821
527 0.009583739921379083
528 0.009583989010285031
529 0.0095837354538166
530 0.009583995947326543
531 0.009583727508667856
532 0.009583998962115712
533 0.009583721522594827
534 0.009584005099882378
535 0.009583718561956021
536 0.009584011964399061
537 0.00958371108907051
538 0.009584016435085215
539 0.009583705697429017
540 0.009584022399823804
541 0.009583703620992303
542 0.009584028053132557
543 0.009583696500917492
544 0.009584031186467305
545 0.009583690866012276
546 0.009584035852176756
547 0.009583687738796431
548 0.009584041652241068
549 0.009583685053803689
550 0.009584046874404784
551 0.009583678467469053
552 0.009584048017381519
553 0.00958367397045541
554 0.009584053296978885
555 0.009583672619134741
556 0.009584058719862138
557 0.009583668263223511
558 0.009584060536185577
559 0.009583663180487378
560 0.009584063285821308
561 0.009583660810241923
562 0.009584067754724732
563 0.009583659342593595
564 0.009584071838130547
565 0.009583654270374989
566 0.00958407192825958
567 0.009583651591936726
568 0.00958407565624067
569 0.009583652298044455
570 0.009584078855373521
571 0.009583648296031956
572 0.009584079026853489
573 0.009583643499167096
574 0.009584080727494672
575 0.009583645937557967
576 0.009584085398737362
577 0.009583644812952916
578 0.009584085283407576
579 0.009583639317548999
580 0.009584084972248386
581 0.009583638593924275
582 0.009584090172098143
583 0.009583640024142843
584 0.009584090461104372
585 0.009583636014218301
586 0.009584092594069863
587 0.009583634077334353
588 0.009584091921186097
589 0.009583633593623358
590 0.00958409718307786
591 0.009583633912957971
592 0.009584095396610042
593 0.009583631466695447
594 0.009584095126494795
595 0.0095836311911984
596 0.009584098066602717
597 0.009583632248530647
598 0.009584099521220992
599 0.009583630202554058
600 0.00958409779683762
601 0.009583628085422798
602 0.009584098430533476
603 0.009583628965871904
604 0.009584100383552252
605 0.009583629263656092
606 0.00958410095859967
607 0.009583627907186133
608 0.009584100718045389
609 0.009583626430718195
610 0.009584101185286921
611 0.009583627523162292
612 0.009584102961029036
613 0.009583626802585498
614 0.009584103488971775
615 0.009583625256451633
616 0.009584103596014339
617 0.009583625551294739
618 0.009584104628440103
619 0.009583625632559805
620 0.009584103472037966
621 0.009583624459145845
622 0.009584104613318297
623 0.009583625176556266
624 0.009584104308611244
625 0.00958362495880721
626 0.009584102268746208
627 0.009583626619908876
628 0.009584102397078884
629 0.009583626426174826
630 0.00958410309374904
631 0.009583626748776627
632 0.00958410234853329
633 0.00958362813904624
634 0.009584100394555511
635 0.009583627873589642
636 0.009584099733761285
637 0.009583628944278182
638 0.009584099489547171
639 0.009583630018800224
640 0.009584098706966927
641 0.009583630660484186
642 0.009584097766609727
643 0.009583630741725042
644 0.009584096032315711
645 0.009583633208539357
646 0.009584096960434916
647 0.00958363597470214
648 0.009584094239396903
649 0.009583632962120716
650 0.009584090737430722
651 0.009583635160682278
652 0.009584091809758385
653 0.009583638844515973
654 0.00958409154692217
655 0.009583640052099492
656 0.009584088126570633
657 0.009583638482143548
658 0.009584086426417645
659 0.009583644836574097
660 0.009584086229805305
661 0.009583644857520973
662 0.009584080660401419
663 0.009583646635153802
664 0.009584081878491038
665 0.009583651363950675
666 0.009584078824843849
667 0.009583649500047519
668 0.009584072593400203
669 0.009583653710987886
670 0.009584077391188951
671 0.009583660064800706
672 0.009584072806911516
673 0.009583657249863105
674 0.009584065652262363
675 0.009583658707223672
676 0.009584065772718213
677 0.009583665817899434
678 0.009584067443977396
679 0.009583668327016083
680 0.009584060542529544
681 0.009583667715540966
682 0.009584053928078951
683 0.009583671756474859
684 0.00958405378601185
685 0.009583679113677418
686 0.009584051676237751
687 0.009583680232866059
688 0.009584045476487757
689 0.009583683241254679
690 0.009584041052118311
691 0.00958368609544231
692 0.009584037948667481
693 0.009583693926920442
694 0.009584035207467494
695 0.00958369467145747
696 0.009584030061067303
697 0.009583699665246907
698 0.009584025572542105
699 0.009583703096995098
700 0.00958402204998207
701 0.009583834586131466
702 0.009584140481322237
703 0.00958386334473355
704 0.009584022121971091
705 0.009583734193771409
706 0.009584003331240229
707 0.009583717570613283
708 0.009584000788821422
709 0.00958372014302223
710 0.009584004573224258
711 0.009583731610598112
712 0.00958400185466367
713 0.009583743674516773
714 0.009583995985780152
715 0.009583752224569048
716 0.009583982162026742
717 0.0095837523286646
718 0.009583969832360503
719 0.009583760753448618
720 0.00958396783972823
721 0.009583771940489098
722 0.009583959993378653
723 0.009583770993385284
724 0.009583947245980915
725 0.009583775723627447
726 0.009583946714504901
727 0.009583787791764954
728 0.009583977198334708
729 0.009583845283008117
730 0.009583910406818275
731 0.009583841798295007
732 0.009583892151158012
733 0.009583851268844576
734 0.009583885388949857
735 0.009583856780030264
736 0.009583869263496239
737 0.009583854742638471
738 0.009583860065923832
739 0.009583864604353055
740 0.009583861983640418
741 0.009583873080128688
742 0.009583852696923965
743 0.009583872458870711
744 0.009583843490782722
745 0.009583881866381823
746 0.009583844485049387
747 0.009583890921088143
748 0.009583833519471277
749 0.009583890150993033
750 0.0095838249172809
751 0.009583899829078413
752 0.009583827014688908
753 0.009583907898014528
754 0.00958381514842244
755 0.009583907045147406
756 0.009583807791041735
757 0.009583919057988312
758 0.00958380728737851
759 0.009583926365815679
760 0.009583795123850462
761 0.009583926163548475
762 0.00958379039043088
763 0.009583936930874346
764 0.009583787192448468
765 0.009583940182371121
766 0.00958377939916322
767 0.00958394651721068
768 0.00958377568019528
769 0.009583954651292246
770 0.009583768803107257
771 0.009583959687551144
772 0.009583760089613796
773 0.00958396630024418
774 0.009583754684952728
775 0.009583972825511742
776 0.009583749674684037
777 0.009583980696706917
778 0.009583741180437953
779 0.009583985789635853
780 0.009583736208103185
781 0.009583992236743558
782 0.009583732273330401
783 0.009583998752096694
784 0.009583724702174565
785 0.009584002218858113
786 0.009583719351972501
787 0.009584008645312333
788 0.009583715689559404
789 0.009584015197027592
790 0.009583707652073635
791 0.009584018523979623
792 0.009583702546082052
793 0.009584024798397581
794 0.009583701273938485
795 0.00958403095398129
796 0.009583694246692753
797 0.009584033592575892
798 0.009583688552780951
799 0.009584037995498822
800 0.009583685597047262
801 0.009584043431430498
802 0.00958368325421176
803 0.009584049176957906
804 0.009583676739512341
805 0.009584049953210013
806 0.009583671992426089
807 0.009584054887759298
808 0.00958367065880994
809 0.009584060322832965
810 0.00958366657512447
811 0.009584062076224283
812 0.009583662079222875
813 0.009584064951014781
814 0.009583660115799426
815 0.009584069672343837
816 0.009583656767840546
817 0.009584071627397514
818 0.009583653826167706
819 0.009584073114949132
820 0.009583651005383066
821 0.009584076611814893
822 0.009583650071588967
823 0.009584079334526435
824 0.009583647923078078
825 0.009584080459501952
826 0.009583644810399873
827 0.009584082387354986
828 0.009583644379119446
829 0.009584083634398404
830 0.009583642524642158
831 0.009584085739391629
832 0.00958363995791388
833 0.009584088344946043
834 0.009583638969685782
835 0.009584088896510537
836 0.009583637557006617
837 0.009584092315292005
838 0.009583636789548473
839 0.009584092144530588
840 0.00958363353944721
841 0.009584093001524675
842 0.00958363318462316
843 0.009584096224302561
844 0.0095836327614856
845 0.009584096418192592
846 0.00958363094445523
847 0.009584096974010808
848 0.009583631518923132
849 0.009584098212021459
850 0.009583632092087875
851 0.009584099023743077
852 0.009583629326067744
853 0.009584098136805594
854 0.00958362786361973
855 0.009584098708710595
856 0.00958362926188094
857 0.009584101061764126
858 0.009583628950118191
859 0.009584100864122742
860 0.009583626784845305
861 0.009584100595645873
862 0.009583627490056888
863 0.009584102480162554
864 0.009583627127758317
865 0.009584103524119829
866 0.009583625739893159
867 0.009584103207586325
868 0.009583625790597936
869 0.009584104191364459
870 0.009583625365347076
871 0.009584103278250676
872 0.009583624552971678
873 0.009584104677545885
874 0.009583625224816022
875 0.009584104402279468
876 0.009583624808401822
877 0.009584103513440309
878 0.009583624956618219
879 0.009584102535514642
880 0.009583626730005859
881 0.009584102100857604
882 0.009583626584138258
883 0.009584103252957476
884 0.009583627997951391
885 0.009584101583464722
886 0.009583627981102039
887 0.009584099679420643
888 0.009583627310740993
889 0.009584100107609536
890 0.00958363020610724
891 0.009584099313124653
892 0.009583630584314471
893 0.009584097635442277
894 0.009583630002157412
895 0.00958409640086191
896 0.00958363210999089
897 0.009584097231883765
898 0.009583634994650073
899 0.009584095622694092
900 0.009583633034909958
901 0.00958409151109098
902 0.009583634493355045
903 0.009584092229408057
904 0.009583638066473969
905 0.009584092324570146
906 0.00958363935926195
907 0.009584088009980099
908 0.009583639183366022
909 0.009584086517488882
910 0.009583642034738347
911 0.009584087330958821
912 0.009583645534485893
913 0.009584082262945028
914 0.009583645541964897
915 0.009584082085602522
916 0.009583649883629742
917 0.009584079667092904
918 0.009583648572474816
919 0.009584073939196467
920 0.009583652366552505
921 0.009584078326606862
922 0.009583659186883871
923 0.009584074063009445
924 0.00958365621295503
925 0.009584066291290456
926 0.009583658170245065
927 0.009584066684752288
928 0.009583664449526791
929 0.009584069070916612
930 0.009583667207482334
931 0.009584062234203116
932 0.009583666501662381
933 0.009584054876283372
934 0.009583669701689595
935 0.009584054743579349
936 0.009583677723288022
937 0.009584054404751905
938 0.009583679253935743
939 0.009584047499593594
940 0.009583680350277759
941 0.009584042722675651
942 0.009583685580091459
943 0.009584039876468218
944 0.009583689705186057
945 0.009584036400065065
946 0.009583694589792999
947 0.009584032246353708
948 0.009583697441956635
949 0.009584026967015583
950 0.009583700845912237
951 0.009584024341080728
952 0.009583833615537263
953 0.009584143396378288
954 0.009583862997421585
955 0.009584022528942426
956 0.009583731989103849
957 0.009584002508521476
958 0.009583716375932414
959 0.009584000473483142
960 0.009583719603262196
961 0.009584004611531052
962 0.009583731723914793
963 0.009584002483042175
964 0.009583744170800044
965 0.00958399645132613
966 0.009583751581888454
967 0.009583982308810832
968 0.009583752132936829
969 0.009583971160460282
970 0.00958375987089044
971 0.009583968311372563
972 0.009583770920933545
973 0.009583961748186029
974 0.009583770661285582
975 0.009583948394006706
976 0.009583774470391677
977 0.009583947297387043
978 0.009583786226419342
979 0.00958398066851987
980 0.009583843597974807
981 0.009583912987104093
982 0.009583839638636425
983 0.009583893709367556
984 0.009583847235926285
985 0.009583887319606969
986 0.009583853910355765
987 0.00958387310015872
988 0.009583852273088642
989 0.00958386267405224
990 0.009583861088462504
991 0.009583864595725345
992 0.009583870122067864
993 0.009583856194610612
994 0.009583869898351641
995 0.009583847651150234
996 0.009583878276250585
997 0.009583847066399899
998 0.009583886898581155
999 0.009583836644305762
1000 0.009583886283210791
1001 0.009583830261651386
1002 0.009583897412771037
1003 0.009583829348651499
1004 0.009583903119273382
1005 0.009583819142436308
1006 0.009583904493631041
1007 0.009583811848908851
1008 0.009583915888344638
1009 0.009583810616931546
1010 0.009583922594759006
1011 0.009583797851797755
1012 0.009583922217731484
1013 0.009583793231408063
1014 0.00958393393732228
1015 0.009583790350639807
1016 0.009583937980590495
1017 0.009583783784354592
1018 0.009583943326822789
1019 0.009583777033794925
1020 0.009583949899290635
1021 0.009583771282840249
1022 0.009583957061954529
1023 0.00958376445162731
1024 0.009583963007792762
1025 0.009583759064351868
1026 0.009583970231834788
1027 0.009583752854483778
1028 0.009583976615558298
1029 0.009583744016951206
1030 0.009583982233238928
1031 0.009583739985923373
1032 0.009583990343953389
1033 0.009583734912949995
1034 0.009583994107494729
1035 0.009583725931407524
1036 0.009583999523580985
1037 0.009583722156957812
1038 0.00958400612942939
1039 0.009583719111445786
1040 0.009584012933005055
1041 0.009583710715576814
1042 0.009584015745686557
1043 0.009583705098418997
1044 0.009584022098212684
1045 0.009583703705366308
1046 0.009584028411400011
1047 0.009583696820073073
1048 0.009584031251126023
1049 0.009583690874394174
1050 0.009584035561670728
1051 0.009583687626678924
1052 0.00958404112325386
1053 0.009583685402060876
1054 0.009584047034793866
1055 0.00958367889925138
1056 0.009584047997913035
1057 0.009583674060161897
1058 0.00958405295615348
1059 0.009583672467105182
1060 0.009584058503186381
1061 0.009583668313053415
1062 0.009584060498150318
1063 0.009583663516593385
1064 0.009584063740814358
1065 0.009583660547731486
1066 0.009584067354369433
1067 0.009583659159493866
1068 0.009584071358275381
1069 0.009583654770497376
1070 0.009584072552365638
1071 0.009583652426501298
1072 0.009584074551557457
1073 0.009583651673658336
1074 0.009584078335539443
1075 0.009583647494194002
1076 0.009584079525206393
1077 0.00958364542526941
1078 0.009584080885729224
1079 0.009583645752418775
1080 0.009584085190626654
1081 0.009583644175778934
1082 0.009584084614348296
1083 0.009583639349657232
1084 0.00958408512495133
1085 0.009583639480932349
1086 0.009584090389818192
1087 0.009583639665351133
1088 0.009584090312515108
1089 0.009583636088732767
1090 0.009584092518698345
1091 0.009583634263925521
1092 0.009584091770263375
1093 0.009583634418712477
1094 0.009584096273546101
1095 0.009583633353857035
1096 0.009584095776272393
1097 0.009583630786028981
1098 0.009584095154500387
1099 0.009583631803905302
1100 0.009584098322805804
1101 0.009583633290248717
1102 0.009584099037952005
1103 0.0095836298266466
1104 0.009584097243391071
1105 0.009583628073666226
1106 0.009584098359457966
1107 0.009583629296957781
1108 0.009584100433434143
1109 0.009583629550651694
1110 0.009584100891275375
1111 0.009583628045322879
1112 0.009584099917275688
1113 0.009583626371051451
1114 0.009584102063909784
1115 0.009583628475829059
1116 0.009584102829448937
1117 0.009583626295015527
1118 0.009584102720421216
1119 0.009583624980970198
1120 0.009584103477987911
1121 0.009583625813048162
1122 0.009584104709567651
1123 0.009583625812647724
1124 0.009584103306248058
1125 0.009583624415861422
1126 0.009584104403553907
1127 0.009583625304664731
1128 0.00958410422253011
1129 0.009583625142992888
1130 0.009584102228320714
1131 0.00958362669705891
1132 0.009584102229681139
1133 0.009583626463695941
1134 0.00958410297388354
1135 0.009583626919247225
1136 0.009584102291577475
1137 0.009583628330450558
1138 0.009584100127489359
1139 0.009583627989585652
1140 0.009584099615578108
1141 0.009583629147795326
1142 0.009584099410314887
1143 0.009583630170558447
1144 0.009584098532421811
1145 0.009583630760637812
1146 0.009584097560893356
1147 0.009583630743184279
1148 0.009584095870682817
1149 0.009583633255365483
1150 0.009584097039134232
1151 0.009583636058114372
1152 0.009584094008425291
1153 0.009583632940663795
1154 0.009584090545459171
1155 0.00958363529949934
1156 0.009584091749659822
1157 0.009583639021176815
1158 0.009584091495416974
1159 0.009583640220357901
1160 0.009584087982037717
1161 0.009583638687597993
1162 0.00958408619717693
1163 0.009583645031997531
1164 0.00958408616534419
1165 0.009583645050931105
1166 0.009584080436793287
1167 0.009583646804621834
1168 0.009584081592152807
1169 0.009583651515739394
1170 0.00958407855470228
1171 0.00958364951911656
1172 0.009584073828308023
1173 0.009583653294579235
1174 0.009584075444805331
1175 0.009583660121599415
1176 0.009584072226743942
1177 0.009583659326730842
1178 0.009584067367384224
1179 0.009583658703441559
1180 0.009584065282427993
1181 0.009583664115439351
1182 0.009584065178014524
1183 0.00958366912999942
1184 0.009584060410427668
1185 0.009583670278911445
1186 0.009584055510570353
1187 0.009583671575178702
1188 0.009584053087890709
1189 0.009583677405896046
1190 0.009584049613685294
1191 0.009583681128436519
1192 0.009584045462081891
1193 0.009583685450033115
1194 0.009584041958323254
1195 0.009583687189863382
1196 0.009584036447586566
1197 0.00958369078384921
1198 0.009584032079243163
1199 0.009583696951295894
1200 0.009584032839157449
1201 0.009583701889868207
1202 0.009584024792537145
1203 0.009583702304097134
1204 0.009583896736493238
1205 0.009583720400790712
1206 0.00958399414159665
1207 0.009583718326756781
1208 0.009584007512764951
1209 0.009583719499348357
1210 0.009584014217163827
1211 0.009583724113351804
1212 0.009584005432306957
1213 0.009583721352957372
1214 0.009583989267389783
1215 0.009583728621929556
1216 0.009583985894817763
1217 0.009583743822603066
1218 0.00958397950356683
1219 0.00958374842655111
1220 0.009583967668756778
1221 0.009583754890376597
1222 0.009583964363192645
1223 0.00958376549394007
1224 0.009583959102728591
1225 0.009583768350600728
1226 0.009583949122354442
1227 0.009583774771561047
1228 0.009583947657483188
1229 0.009583783788791924
1230 0.009583939876302149
1231 0.009583784011160616
1232 0.009583961229416463
1233 0.009583837869601149
1234 0.009583907482768075
1235 0.009583851667056774
1236 0.009583898937230186
1237 0.009583853471181368
1238 0.009583876084818617
1239 0.009583848301402562
1240 0.009583866468993139
1241 0.009583861584820481
1242 0.009583866885701528
1243 0.009583866497668349
1244 0.009583854871757586
1245 0.009583865882095267
1246 0.00958384969681862
1247 0.00958387779545251
1248 0.009583851873062448
1249 0.009583883717750983
1250 0.00958383804614057
1251 0.009583882279519142
1252 0.009583832485609345
1253 0.009583896853555951
1254 0.009583834310640011
1255 0.009583900506765917
1256 0.009583818660635221
1257 0.009583899252697866
1258 0.009583815495392887
1259 0.009583914372439523
1260 0.009583816938504072
1261 0.009583917626170063
1262 0.009583801902667125
1263 0.009583916844112122
1264 0.009583798414516712
1265 0.009583930878689313
1266 0.009583795516450574
1267 0.009583934448845723
1268 0.009583786016446492
1269 0.009583938565003306
1270 0.009583780901955911
1271 0.009583944102377744
1272 0.009583776538949254
1273 0.009583950423040572
1274 0.009583772302128006
1275 0.00958395831241011
1276 0.009583765061542618
1277 0.00958396290857735
1278 0.009583757085441466
1279 0.009583969503181994
1280 0.009583751571853115
1281 0.009583976018090265
1282 0.009583746894085435
1283 0.009583983044175076
1284 0.009583740421085549
1285 0.009583988548221725
1286 0.009583731931683485
1287 0.009583993426609882
1288 0.009583728123362759
1289 0.009584001568489977
1290 0.00958372396899773
1291 0.009584005421804332
1292 0.009583716307109991
1293 0.009584010878647816
1294 0.009583712658911116
1295 0.009584015514094811
1296 0.009583707753939165
1297 0.009584021996483786
1298 0.009583703569442544
1299 0.009584026303382787
1300 0.009583695897671499
1301 0.009584030077991227
1302 0.009583693444096637
1303 0.009584035662634115
1304 0.009583691025503754
1305 0.009584041288907347
1306 0.009583682904510249
1307 0.009584042657378175
1308 0.00958367880056827
1309 0.009584047764769218
1310 0.009583679681087018
1311 0.009584054372518793
1312 0.009583673345369116
1313 0.009584054727893683
1314 0.009583666525358275
1315 0.009584058449884057
1316 0.009583666328069909
1317 0.009584064845075332
1318 0.009583663980789466
1319 0.009584066099045703
1320 0.009583658562320234
1321 0.009584066779952057
1322 0.00958365617608122
1323 0.009584072220557382
1324 0.009583655228336393
1325 0.009584073770292748
1326 0.009583651306264894
1327 0.009584075657741952
1328 0.009583650580526671
1329 0.009584078965356202
1330 0.009583649283503623
1331 0.0095840799310285
1332 0.009583643769066261
1333 0.009584081962342811
1334 0.009583644564853269
1335 0.009584083966223334
1336 0.009583642728716302
1337 0.009584087687495512
1338 0.009583640404132775
1339 0.009584086427414465
1340 0.009583637998368538
1341 0.009584090595856604
1342 0.009583638765027144
1343 0.009584091203937778
1344 0.009583636237142401
1345 0.009584092529681053
1346 0.009583633648575871
1347 0.009584092593596279
1348 0.009583633784025167
1349 0.009584094599815515
1350 0.009583634917438478
1351 0.009584096262024316
1352 0.0095836342799736
1353 0.00958409580859159
1354 0.009583632230344056
1355 0.009584096425748952
1356 0.009583630159802811
1357 0.009584096992855656
1358 0.009583629669892841
1359 0.009584097661042245
1360 0.009583630600705419
1361 0.009584099618111708
1362 0.009583629926665567
1363 0.009584099539549487
1364 0.009583627951435374
1365 0.009584099480214072
1366 0.009583628734028174
1367 0.009584101329448855
1368 0.009583628519300228
1369 0.009584102015379993
1370 0.009583626395318505
1371 0.009584101804282047
1372 0.009583626869516835
1373 0.009584103427354123
1374 0.009583626819559998
1375 0.009584102391632775
1376 0.009583625601979838
1377 0.009584103448110226
1378 0.009583626203465831
1379 0.009584103174821713
1380 0.009583625801672159
1381 0.009584101632039
1382 0.009583626697042359
1383 0.009584102363219247
1384 0.009583627551599217
1385 0.009584101776472658
1386 0.009583626584007666
1387 0.009584100489912279
1388 0.009583628018827993
1389 0.00958410097844953
1390 0.009583629838953346
1391 0.009584099762085541
1392 0.009583629592688266
1393 0.009584098340855949
1394 0.009583630401986943
1395 0.009584097736226841
1396 0.009583631475989127
1397 0.009584096973286398
1398 0.009583631360799705
1399 0.009584095615149042
1400 0.00958363301606901
1401 0.009584095956725245
1402 0.009583635857309784
1403 0.009584094594835071
1404 0.009583634129867704
1405 0.009584090544020837
1406 0.009583635485772542
1407 0.009584091134173942
1408 0.009583638959212055
1409 0.009584091161450464
1410 0.009583640308728547
1411 0.009584087139627702
1412 0.009583640397667188
1413 0.009584085271303319
1414 0.009583642908875881
1415 0.009584086120784917
1416 0.009583646449297349
1417 0.009584081181122932
1418 0.009583646671278815
1419 0.009584081090434076
1420 0.009583650950846427
1421 0.009584078592964116
1422 0.009583649455449424
1423 0.009584072807100916
1424 0.009583653237212088
1425 0.00958407742348095
1426 0.00958366022312941
1427 0.009584073051621622
1428 0.009583657151598065
1429 0.009584065299080305
1430 0.009583659002484052
1431 0.009584065594594354
1432 0.009583665578498782
1433 0.009584068061589221
1434 0.009583667823528588
1435 0.009584060759471201
1436 0.009583666845371624
1437 0.009584054528812195
1438 0.009583671046981213
1439 0.009584054233501536
1440 0.009583678850581192
1441 0.009584053647989695
1442 0.009583679964088807
1443 0.009584046587530131
1444 0.009583681043829452
1445 0.009584041882453646
1446 0.009583686434572284
1447 0.009584039147898241
1448 0.009583690403668335
1449 0.00958403565894881
1450 0.009583695008584721
1451 0.009584031481983425
1452 0.009583698064611392
1453 0.009584026417377054
1454 0.009583701442929202
1455 0.009584023877730313
1456 0.009583833594770481
1457 0.009584142264542555
1458 0.009583862677951683
1459 0.009584021624745439
1460 0.009583732445041052
1461 0.009584001828037548
1462 0.009583716928490714
1463 0.009583999900364478
1464 0.009583720235827554
1465 0.009584004046664669
1466 0.009583732252318171
1467 0.009584001909275072
1468 0.009583744582403728
1469 0.00958399588487424
1470 0.009583751704007977
1471 0.009583982592615668
1472 0.009583752906168235
1473 0.009583970776312106
1474 0.00958375975720138
1475 0.009583967865168621
1476 0.00958377044207449
1477 0.009583961079164515
1478 0.009583770958163831
1479 0.009583948315563452
1480 0.009583775301108478
1481 0.009583947303449684
1482 0.009583786654945265
1483 0.00958398025458884
1484 0.00958384304292763
1485 0.009583912498736052
1486 0.009583839307178299
1487 0.009583893910415817
1488 0.009583846884606052
1489 0.009583887751158286
1490 0.009583853502165318
1491 0.009583873618599293
1492 0.009583851681610181
1493 0.009583862731107973
1494 0.009583860784098432
1495 0.009583865065336447
1496 0.009583869653368002
1497 0.009583856648618891
1498 0.009583869483063209
1499 0.009583848397743308
1500 0.009583877791849691
1501 0.009583847797162029
1502 0.009583886167313366
1503 0.009583836772910951
1504 0.009583885720672227
1505 0.009583830320751649
1506 0.009583897519405455
1507 0.009583830464973485
1508 0.009583902726710865
1509 0.009583819509372336
1510 0.009583903544140893
1511 0.009583812347490166
1512 0.009583915124807444
1513 0.009583811063612689
1514 0.009583922014240367
1515 0.009583798657672121
1516 0.009583920817282402
1517 0.0095837947622937
1518 0.00958393350314829
1519 0.00958379205365914
1520 0.009583937621806158
1521 0.009583784276063564
1522 0.009583941494873779
1523 0.00958377713728233
1524 0.009583948824627916
1525 0.009583772590618439
1526 0.009583956623363102
1527 0.009583765393482765
1528 0.009583961949193193
1529 0.009583759487631795
1530 0.009583969282904828
1531 0.009583753505074438
1532 0.009583975715068948
1533 0.009583745054217104
1534 0.00958398148951221
1535 0.00958374073721014
1536 0.009583989736570219
1537 0.009583735669144873
1538 0.009583993648609731
1539 0.009583726767474545
1540 0.009583998790028662
1541 0.009583722753031317
1542 0.009584005203104717
1543 0.009583719752973211
1544 0.009584012292069762
1545 0.009583712439845996
1546 0.009584014215058613
1547 0.009583705704075537
1548 0.00958402123088652
1549 0.009583704334599005
1550 0.009584027784897569
1551 0.009583697586862484
1552 0.009584030736634932
1553 0.009583691493510028
1554 0.009584035020270691
1555 0.009583688277870971
1556 0.009584040517220498
1557 0.009583686002577698
1558 0.009584046346902903
1559 0.0095836794934406
1560 0.009584047407419352
1561 0.009583674610333392
1562 0.009584052314229577
1563 0.009583673066460806
1564 0.009584057553747454
1565 0.009583668999537286
1566 0.009584060643847269
1567 0.009583663955155468
1568 0.009584062395628375
1569 0.009583662045873673
1570 0.009584067460878497
1571 0.009583659188139982
1572 0.00958407048878469
1573 0.009583654516436304
1574 0.009584071772607203
1575 0.009583653776560022
1576 0.009584074838852282
1577 0.009583651995948085
1578 0.009584077358584624
1579 0.009583647258903814
1580 0.009584079074630915
1581 0.00958364609600749
1582 0.009584081094817207
1583 0.009583645762320956
1584 0.009584083792673042
1585 0.009583644733229289
1586 0.009584084656485262
1587 0.009583640800114914
1588 0.009584085746877646
1589 0.009583638933188192
1590 0.009584088946218219
1591 0.00958363960334431
1592 0.009584090128571412
1593 0.009583637540149017
1594 0.009584091155892118
1595 0.009583634584663842
1596 0.009584092496106325
1597 0.009583634260631137
1598 0.009584095596062546
1599 0.009583633334436018
1600 0.00958409567263096
1601 0.009583631719718728
1602 0.009584094818320156
1603 0.009583631812735388
1604 0.009584098082902035
1605 0.009583632922030728
1606 0.009584099234861207
1607 0.009583630489342168
1608 0.009584097356234346
1609 0.009583628366485547
1610 0.009584098044700506
1611 0.009583629299011328
1612 0.009584100054769711
1613 0.009583629672074328
1614 0.009584100686549883
1615 0.009583628241945639
1616 0.009584099677602993
1617 0.009583627023719558
1618 0.009584101140584996
1619 0.009583628000151676
1620 0.009584102657235699
1621 0.00958362702966244
1622 0.009584102980759221
1623 0.009583625384565687
1624 0.00958410317745311
1625 0.009583625803016518
1626 0.009584104365308538
1627 0.009583625964090469
1628 0.009584103201902405
1629 0.009583624705904429
1630 0.009584104256180115
1631 0.009583625451326747
1632 0.009584104019908625
1633 0.009583625250286941
1634 0.009584102044965868
1635 0.009583626874415399
1636 0.009584102130933143
1637 0.009583626601948348
1638 0.009584102840826662
1639 0.009583627000091671
1640 0.009584102143519608
1641 0.009583628427447321
1642 0.0095841000298854
1643 0.009583628084042476
1644 0.009584099533652749
1645 0.009583629228337305
1646 0.009584099323184971
1647 0.009583630249488157
1648 0.009584098475153378
1649 0.00958363079513413
1650 0.009584097505140826
1651 0.009583630835030365
1652 0.009584095857389939
1653 0.009583633346195965
1654 0.009584096785725511
1655 0.009583636145804368
1656 0.009584094085334876
1657 0.009583633083771132
1658 0.009584090573920945
1659 0.009583635282292132
1660 0.009584091663666498
1661 0.009583638990345913
1662 0.009584091409523782
1663 0.009583640203036529
1664 0.009584088015735031
1665 0.009583638667711137
1666 0.00958408623034486
1667 0.009583644979882606
1668 0.009584086072941724
1669 0.009583645011495522
1670 0.009584080527713007
1671 0.009583646817190815
1672 0.009584081756615652
1673 0.009583651474955997
1674 0.009584078658769256
1675 0.009583649628675119
1676 0.009584072432904944
1677 0.009583653853014839
1678 0.009584077243892351
1679 0.0095836602129056
1680 0.009584072670044651
1681 0.009583657393407231
1682 0.009584065514371515
1683 0.009583658846554037
1684 0.009584065638301944
1685 0.009583665948717622
1686 0.009584067276581953
1687 0.009583668467054182
1688 0.009584060283044314
1689 0.009583668076457856
1690 0.009584053857188062
1691 0.009583671870301737
1692 0.00958405358483407
1693 0.009583679162463457
1694 0.009584051470270376
1695 0.009583680315137719
1696 0.009584045500301425
1697 0.009583683395148909
1698 0.009584040822007039
1699 0.009583686174545534
1700 0.009584037779853513
1701 0.009583694101783674
1702 0.009584034598120517
1703 0.00958369506407479
1704 0.009584030299570523
1705 0.009583700024800808
1706 0.009584025547136757
1707 0.009583703097657813
1708 0.009584021784243573
1709 0.009583834482446492
1710 0.009584140311516946
1711 0.009583863347172799
1712 0.009584022104863811
1713 0.009583734260084222
1714 0.009584003312037513
1715 0.009583717602879351
1716 0.009584000749945705
1717 0.009583720168125174
1718 0.009584004542486486
1719 0.009583731641504291
1720 0.009584001824668264
1721 0.009583743694080804
1722 0.009583995947212504
1723 0.009583752235030244
1724 0.009583982127631086
1725 0.00958375234400141
1726 0.0095839698104721
1727 0.009583760772310219
1728 0.009583967821365886
1729 0.00958377195337928
1730 0.009583959972543948
1731 0.00958377100037913
1732 0.00958394722719323
1733 0.009583775750571615
1734 0.009583946688997046
1735 0.009583787790723643
1736 0.009583977228498804
1737 0.009583845276568746
1738 0.009583910440209375
1739 0.009583841783644787
1740 0.009583892177765207
1741 0.009583851243491294
1742 0.00958388540894888
1743 0.009583856749417594
1744 0.009583869282975681
1745 0.009583854713940186
1746 0.009583860088814252
1747 0.009583864579036594
1748 0.009583862008493604
1749 0.009583873055507066
1750 0.009583852720985669
1751 0.009583872432875045
1752 0.009583843513214143
1753 0.009583881857595303
1754 0.00958384450914848
1755 0.009583890867869906
1756 0.009583833573825288
1757 0.00958389010762065
1758 0.009583824980069048
1759 0.009583899785985084
1760 0.009583827074149877
1761 0.009583907847698787
1762 0.009583815199649563
1763 0.009583906988834328
1764 0.009583807838004015
1765 0.009583919002404776
1766 0.009583807335784185
1767 0.009583926315193985
1768 0.009583795173369526
1769 0.009583926114986074
1770 0.009583790438113263
1771 0.009583936882322132
1772 0.009583787237450977
1773 0.009583940133995215
1774 0.009583779442503425
1775 0.009583946470045837
1776 0.009583775722373738
1777 0.009583954605442598
1778 0.009583768843948102
1779 0.009583959642972279
1780 0.009583760129284817
1781 0.009583966257196276
1782 0.009583754723516299
1783 0.009583972783983598
1784 0.009583749690310136
1785 0.00958398066006908
1786 0.009583741238837729
1787 0.00958398572247327
1788 0.009583736250844601
1789 0.009583992164876414
1790 0.009583732316130461
1791 0.009583998619321788
1792 0.009583725191822653
1793 0.009584002414438962
1794 0.009583718887343034
1795 0.009584008093215289
1796 0.009583715506642384
1797 0.009584014638888787
1798 0.009583708187774076
1799 0.009584019049423412
1800 0.009583703094182485
1801 0.009584024909090841
1802 0.009583701249043834
1803 0.009584030655090768
1804 0.009583694084860364
1805 0.009584033417176974
1806 0.009583688611139124
1807 0.009584038016839361
1808 0.009583685713822256
1809 0.00958404340399677
1810 0.009583683261957408
1811 0.009584049068755561
1812 0.00958367672004996
1813 0.009584049890166367
1814 0.009583672076212982
1815 0.009584054889455877
1816 0.009583670823658562
1817 0.009584059921705617
1818 0.009583666924685368
1819 0.009584062681702426
1820 0.009583661750101861
1821 0.009584064437724379
1822 0.009583659913749756
1823 0.009584068961648238
1824 0.009583658062175994
1825 0.009584072562547924
1826 0.009583653910025738
1827 0.009584072614288387
1828 0.009583649715907088
1829 0.009584075837250865
1830 0.009583650338530099
1831 0.009584079859797114
1832 0.009583649240047684
1833 0.009584081012127854
1834 0.009583644433190874
1835 0.009584081592740792
1836 0.009583643177490987
1837 0.009584084309363977
1838 0.009583643396091612
1839 0.009584086049104963
1840 0.009583640478153074
1841 0.009584086414045146
1842 0.009583638443850651
1843 0.009584090241428485
1844 0.009583638439942902
1845 0.009584090557921941
1846 0.009583636335553475
1847 0.009584092983636132
1848 0.009583633243077495
1849 0.009584092996605622
1850 0.00958363319118938
1851 0.009584096377271943
1852 0.009583632927117881
1853 0.009584096522390543
1854 0.00958363097939815
1855 0.009584096964669522
1856 0.009583631521778588
1857 0.009584098238977296
1858 0.009583632150007544
1859 0.009584099058397886
1860 0.009583629347968376
1861 0.009584098100623427
1862 0.009583627835026988
1863 0.009584098661049813
1864 0.009583629261241237
1865 0.009584101046166443
1866 0.009583628986143214
1867 0.009584100882245566
1868 0.009583626794950312
1869 0.009584100570749605
1870 0.009583627476300292
1871 0.009584102456609315
1872 0.009583627127388342
1873 0.009584103519066212
1874 0.009583625751985342
1875 0.009584103207130339
1876 0.009583625798256661
1877 0.009584104183961543
1878 0.00958362536707306
1879 0.009584103270445959
1880 0.009583624557107878
1881 0.00958410467399784
1882 0.009583625230484788
1883 0.009584104398087245
1884 0.009583624810547484
1885 0.009584103506560148
1886 0.009583624956937936
1887 0.009584102529902669
1888 0.009583626732121235
1889 0.009584102098040432
1890 0.009583626586978335
1891 0.009584103250082522
1892 0.009583627999276693
1893 0.009584101579711809
1894 0.009583627981296
1895 0.009584099675790882
1896 0.00958362731107245
1897 0.009584100104979759
1898 0.009583630206316853
1899 0.009584099310733212
1900 0.009583630584039772
1901 0.009584097633660764
1902 0.009583630001905114
1903 0.009584096407683236
1904 0.009583632098118586
1905 0.009584097249049484
1906 0.009583634961103035
1907 0.009584095632907212
1908 0.009583633002920913
1909 0.009584091528812183
1910 0.009583634466203982
1911 0.009584092252168105
1912 0.009583638041071658
1913 0.009584092350235319
1914 0.009583639332491491
1915 0.009584088035405966
1916 0.009583639156401182
1917 0.009584086536824339
1918 0.009583642066642603
1919 0.009584087366106692
1920 0.009583645491211367
1921 0.009584082289544915
1922 0.009583645447380291
1923 0.009584082086057339
1924 0.009583649825488795
1925 0.009584079712089114
1926 0.009583648551824775
1927 0.009584074025058509
1928 0.00958365237642945
1929 0.009584078378188509
1930 0.009583659136129064
1931 0.009584074082229414
1932 0.009583656151526442
1933 0.009584066313433906
1934 0.00958365812278324
1935 0.009584066732054307
1936 0.009583664420756546
1937 0.009584069123603258
1938 0.009583667173605179
1939 0.009584062272295505
1940 0.009583666455007495
1941 0.009584054906355515
1942 0.009583669654338167
1943 0.009584054779355306
1944 0.009583677683457402
1945 0.009584054448022374
1946 0.009583679217056464
1947 0.009584047543664334
1948 0.009583680310693041
1949 0.009584042762751533
1950 0.009583685539919923
1951 0.009584039918289558
1952 0.009583689680462752
1953 0.009584036314172276
1954 0.009583694541272643
1955 0.009584032340999738
1956 0.009583697473764191
1957 0.009584027050825544
1958 0.009583700872589324
1959 0.009584024382572847
1960 0.009583833581905831
1961 0.009584143415535892
1962 0.009583862951598845
1963 0.009584022545268096
1964 0.009583731952649797
1965 0.009584002548521408
1966 0.009583716349264085
1967 0.009584000514888025
1968 0.00958371956975782
1969 0.009584004659893224
1970 0.009583731666287856
1971 0.009584002527365723
1972 0.009583744131726444
1973 0.009583996498880398
1974 0.009583751548003026
1975 0.009583982348206599
1976 0.00958375213182629
1977 0.009583971193213326
1978 0.009583759810715842
1979 0.0095839683054367
1980 0.009583770859002506
1981 0.009583961761136604
1982 0.009583770634773933
1983 0.009583948449813489
1984 0.009583774469495009
1985 0.009583947354675949
1986 0.009583786205312469
1987 0.009583980719439632
1988 0.009583843538758963
1989 0.009583912791846933
1990 0.00958383985331982
1991 0.009583893844588421
1992 0.009583847193120828
1993 0.009583887321243555
1994 0.009583853809450973
1995 0.009583873084209535
1996 0.009583852182177041
1997 0.00958386253011791
1998 0.009583861355510349
1999 0.009583864763292939
2000 0.009583870066031093
