"C_l_NACA_0012_2D_ref_2D_1114-rfile"
"Iteration" "C_l_NACA_0012_2D_ref_2D_1114"
("Iteration" "C_l_NACA_0012_2D_ref_2D_1114")
1 -0.1528053005441808
2 -0.0800571923228978
3 0.02296753568135543
4 0.1061706498813736
5 0.151007207339534
6 0.1777307968764668
7 0.1949261044493806
8 0.2049443813564314
9 0.2201826743697332
10 0.2428474531075427
11 0.2597768830995207
12 0.2739245000100023
13 0.2962264841622066
14 0.3396967956434939
15 0.3724983673695725
16 0.3710880633596161
17 0.3656798193427013
18 0.3659131218293846
19 0.3879259911764513
20 0.4154348063448041
21 0.4332373916819247
22 0.4388431408923291
23 0.4387719025278773
24 0.4463379381461899
25 0.4515916090274781
26 0.4551656510927554
27 0.4498104843499776
28 0.4267177012464686
29 0.3858579876225154
30 0.3261385101832991
31 0.2513466115358314
32 0.1627912250365942
33 0.07574558842978051
34 -0.009222548564380199
35 -0.07161970160675779
36 -0.08101815529378502
37 0.0006630947216901034
38 0.126084072350918
39 0.2383859482554472
40 0.316957067275756
41 0.3663573819226825
42 0.3964136007350583
43 0.4116423911866607
44 0.4205171781061007
45 0.425625325204545
46 0.4282996902970833
47 0.4297540967204283
48 0.4303605888446027
49 0.4308806596291997
50 0.4312122410835855
51 0.4319598528073354
52 0.4329111174740486
53 0.4342974784171837
54 0.4356097440488592
55 0.4368856795125635
56 0.4378450634185831
57 0.4386054230360258
58 0.4390677154826483
59 0.4393944126923733
60 0.4395520335740185
61 0.4396768303105565
62 0.4397166618222111
63 0.4397644326957021
64 0.439751460338848
65 0.4397520466070776
66 0.4397025774047
67 0.4396733149333142
68 0.439610086641629
69 0.4395729047502903
70 0.4395111895939481
71 0.4394733137682441
72 0.4394142749556422
73 0.4393751432123825
74 0.4393175072297842
75 0.4392790822940361
76 0.439227392320395
77 0.4391944193604824
78 0.4391506132375
79 0.4391225095219349
80 0.4390842769360583
81 0.4390587665953926
82 0.4390235680139963
83 0.4389995929526374
84 0.4389675945821798
85 0.4389454141070437
86 0.4389166791295296
87 0.4388963624866234
88 0.4388702935986007
89 0.4388515339828901
90 0.4388280296102795
91 0.4388110932132084
92 0.4387904856834432
93 0.4387747235213509
94 0.4387659685393325
95 0.438752343403419
96 0.4387450110198009
97 0.4387326912674616
98 0.4387261192140238
99 0.4387143144006411
100 0.43870825516145
101 0.4386971554589481
102 0.438692082304629
103 0.4386819272704869
104 0.4386780350286095
105 0.4386689404159715
106 0.4386662842994995
107 0.4386582813420333
108 0.4386567482458524
109 0.4386496619638919
110 0.4386491569577637
111 0.4386428585917498
112 0.4386431881190246
113 0.4386375055439098
114 0.438638504384739
115 0.4386333502868001
116 0.4386348439824617
117 0.4386300782449798
118 0.438632049065434
119 0.4386275720096626
120 0.4386298858371011
121 0.4386255965430462
122 0.4386282335999589
123 0.4386241222759242
124 0.4386270319931488
125 0.4386230423677624
126 0.4386261101759396
127 0.4386222018701089
128 0.438625438622655
129 0.4386215937732522
130 0.4386249704936247
131 0.4386211528856289
132 0.4386246878039533
133 0.4386208757102433
134 0.4386245169452568
135 0.4386206720219026
136 0.4386244019159548
137 0.4386205670140825
138 0.4386243596438817
139 0.4386205186405829
140 0.4386244077088995
141 0.4386205392412029
142 0.4386244460045997
143 0.4386205562626601
144 0.4386245037724264
145 0.4386205813822633
146 0.4386245829388818
147 0.4386206575000298
148 0.4386246875839924
149 0.438620717203393
150 0.4386247663702766
151 0.4386207569697144
152 0.4386248692557927
153 0.4386208472968866
154 0.4386249868160394
155 0.4386209186755456
156 0.4386250585579833
157 0.4386209378334263
158 0.438625102553459
159 0.4386209722632433
160 0.4386251658641074
161 0.4386210059497772
162 0.438625232725226
163 0.4386210776806557
164 0.4386253246833864
165 0.4386210740383854
166 0.4386252793458857
167 0.4386210067087994
168 0.4386253029250127
169 0.4386210882165946
170 0.4386254298253198
171 0.4386211170496537
172 0.4386253878817816
173 0.4386210199108773
174 0.4386253771137589
175 0.4386210296639798
176 0.4386254422318189
177 0.4386211011304506
178 0.4386255147261386
179 0.4386210758050995
180 0.4386254606936912
181 0.4386210156533304
182 0.4386254190088451
183 0.4386210495389289
184 0.4386255052339245
185 0.4386211114909277
186 0.4386255212107831
187 0.4386210680178144
188 0.4386254789220665
189 0.4386210199480226
190 0.4386254629271663
191 0.4386210537639628
192 0.4386255506741968
193 0.438621097940451
194 0.4386255356413061
195 0.4386210098780963
196 0.4386254712472999
197 0.438621024971558
198 0.438625587328048
199 0.4386211330773824
200 0.4386262765850018
201 0.438620768098087
202 0.4386257226863219
203 0.4386208581532667
204 0.4386257150044561
205 0.4386211548594969
206 0.4386257328560593
207 0.4386212085569725
208 0.4386255237430987
209 0.4386212274944891
210 0.43862549302846
211 0.4386213434534096
212 0.4386254201811933
213 0.4386213127296398
214 0.4386252920298827
215 0.4386213795266635
216 0.4386252724826363
217 0.4386214839525155
218 0.4386252026798668
219 0.4386214767299038
220 0.4386250769174251
221 0.4386215408451519
222 0.4386250918168698
223 0.4386216669719611
224 0.4386250147938537
225 0.4386216375486231
226 0.4386236422981791
227 0.4386221252555692
228 0.4386241783204651
229 0.4386223808360106
230 0.4386243326106722
231 0.4386223230291081
232 0.4386242454174499
233 0.4386223300554304
234 0.4386243541819423
235 0.4386223878201241
236 0.4386242679144147
237 0.4386222748817502
238 0.4386241376084164
239 0.438622317222926
240 0.4386242990907088
241 0.4386224458516276
242 0.4386241963523768
243 0.438622340654519
244 0.4386241211284004
245 0.4386224132346359
246 0.4386242217574075
247 0.4386225251564762
248 0.4386241760973291
249 0.4386224387199092
250 0.4386240761545594
251 0.4386225059921921
252 0.4386241226284077
253 0.4386225793303747
254 0.4386240873263906
255 0.4386225487032706
256 0.4386240544722069
257 0.4386225802019307
258 0.4386240239648758
259 0.438622619687441
260 0.4386239887717479
261 0.4386226297001041
262 0.4386239367124826
263 0.4386226750747966
264 0.4386239075143234
265 0.4386227365027067
266 0.438623863045173
267 0.4386227281455494
268 0.4386238079887232
269 0.4386227702005174
270 0.4386238010496208
271 0.4386228428038051
272 0.4386237463815434
273 0.4386228460204941
274 0.4386236852460095
275 0.4386228763366541
276 0.4386236437236468
277 0.438622935167802
278 0.4386235920985277
279 0.4386229781602837
280 0.4386235430510812
281 0.4386230114181833
282 0.4386234964693209
283 0.4386230482818556
284 0.438623452806462
285 0.4386231135026114
286 0.4386234173830429
287 0.4386231425426727
288 0.4386233522393184
289 0.4386231778600698
290 0.438623310871654
291 0.4386232276215395
292 0.4386232719268769
293 0.4386232745106661
294 0.4386232242328542
295 0.4386233179619333
296 0.4386231775142772
297 0.4386233633359474
298 0.4386231321588869
299 0.4386234078061313
300 0.4386230838254447
301 0.4386234503914717
302 0.4386230342659134
303 0.4386234916157774
304 0.438622988006899
305 0.4386235337061742
306 0.438622945807937
307 0.4386235773637595
308 0.4386229034399325
309 0.4386236181652226
310 0.438622860360589
311 0.4386236609130628
312 0.4386228209620162
313 0.4386236881212018
314 0.4386227728166284
315 0.4386237436867825
316 0.4386227358568668
317 0.4386237987303456
318 0.4386227041673256
319 0.4386238105744479
320 0.4386226570261764
321 0.4386238455294661
322 0.4386226200986829
323 0.4386239197036614
324 0.4386226129742598
325 0.4386239424140361
326 0.4386225541386484
327 0.4386239466608632
328 0.4386224964455023
329 0.4386239873550415
330 0.4386225080590862
331 0.4386240654830502
332 0.4386224574523304
333 0.4386240674653232
334 0.4386224229009186
335 0.4386240829988303
336 0.4386223764755737
337 0.4386241453583641
338 0.4386223683312328
339 0.4386241907006809
340 0.4386223190542908
341 0.4386241957052838
342 0.4386222704954028
343 0.4386242389485583
344 0.4386222699950805
345 0.4386242500365643
346 0.4386222179082916
347 0.4386242963800794
348 0.4386222064124062
349 0.4386243209686027
350 0.4386221826157823
351 0.4386243812235414
352 0.4386221577282063
353 0.4386243992432604
354 0.4386221189013864
355 0.4386244001323864
356 0.4386220912466227
357 0.438624432734727
358 0.438622063849261
359 0.4386245030020183
360 0.4386220224708743
361 0.4386244743557828
362 0.4386219828174031
363 0.4386245482384681
364 0.4386219736218334
365 0.4386245853415645
366 0.4386219376433837
367 0.4386246038198046
368 0.4386218912240023
369 0.4386246249317445
370 0.4386218736001085
371 0.4386246741015816
372 0.4386218589281697
373 0.4386247004177922
374 0.4386218313712435
375 0.438624698703051
376 0.4386218128915156
377 0.438624735196483
378 0.4386217670319785
379 0.438624773560173
380 0.4386217543754992
381 0.4386247927908223
382 0.4386217561857255
383 0.4386248276134718
384 0.4386217217291914
385 0.4386248378989722
386 0.4386216961321251
387 0.4386248645890621
388 0.4386216803000837
389 0.438624893087271
390 0.4386216536363188
391 0.4386249143859421
392 0.4386216348038519
393 0.4386249177644022
394 0.4386216128474917
395 0.4386249589493355
396 0.4386216314465776
397 0.4386250011966508
398 0.4386215848592293
399 0.4386249787277279
400 0.4386215461708604
401 0.4386250045540974
402 0.4386215526856833
403 0.4386250488736308
404 0.4386215530096028
405 0.4386250515120189
406 0.4386214817278583
407 0.4386250256233585
408 0.4386215076324841
409 0.4386251164414157
410 0.4386215319496278
411 0.438625093047571
412 0.4386214402083895
413 0.4386250776748409
414 0.4386214616165149
415 0.4386251485886157
416 0.4386214598772838
417 0.4386251298049643
418 0.4386214096479615
419 0.4386251094284833
420 0.4386214193613311
421 0.4386251674429165
422 0.4386214331972985
423 0.4386252092483664
424 0.4386213882403399
425 0.4386251925166958
426 0.4386213679528062
427 0.4386251883175992
428 0.4386213633773953
429 0.4386251984634228
430 0.4386213759326323
431 0.4386252220457726
432 0.4386213775750666
433 0.438625247957053
434 0.4386213597653137
435 0.4386252149912185
436 0.4386213285544887
437 0.438625234118627
438 0.4386213751865548
439 0.4386252932219127
440 0.4386213776881649
441 0.4386252626021171
442 0.438621316881708
443 0.4386252037356124
444 0.4386212888973983
445 0.438625281300867
446 0.4386213769070541
447 0.4386253208806644
448 0.4386213264498067
449 0.438625786378837
450 0.4386211157109609
451 0.4386254687666591
452 0.4386212496604135
453 0.4386254008896509
454 0.4386213815817323
455 0.438625338288251
456 0.4386215037319405
457 0.438625349022598
458 0.4386215882652658
459 0.4386252386689784
460 0.4386215217703804
461 0.4386250848113038
462 0.4386215719209926
463 0.438625107923725
464 0.438621689182601
465 0.4386250468705003
466 0.4386216465256843
467 0.4386249042212798
468 0.4386216789939854
469 0.4386249089900984
470 0.438621824932053
471 0.4386249062583044
472 0.4386218098004637
473 0.4386247739876357
474 0.4386218359056898
475 0.4386237191395024
476 0.4386223121635577
477 0.4386241376941421
478 0.4386224076771602
479 0.4386241980813972
480 0.4386224089717539
481 0.4386242480707924
482 0.4386224485293271
483 0.4386242364374009
484 0.4386223836626719
485 0.4386241427106533
486 0.4386223725301561
487 0.4386241934570145
488 0.4386224648959061
489 0.4386241664764707
490 0.4386224019447595
491 0.438624090543757
492 0.43862244184803
493 0.4386241703277166
494 0.4386225624808744
495 0.438624127473294
496 0.4386224501083876
497 0.4386240381601748
498 0.4386225271436912
499 0.4386241434628876
500 0.4386226036455833
501 0.4386240820887477
502 0.43862253562034
503 0.4386239808482836
504 0.4386225815503866
505 0.4386240515969858
506 0.4386227111261527
507 0.4386240274263445
508 0.4386226324932374
509 0.4386239204133786
510 0.4386226637233677
511 0.4386239442846533
512 0.438622700399142
513 0.4386239225505292
514 0.4386227150297057
515 0.4386238746150639
516 0.4386227442449502
517 0.4386238426880703
518 0.4386227953293613
519 0.4386238023901217
520 0.4386227997300164
521 0.4386237421023438
522 0.4386228480688372
523 0.4386237190768414
524 0.4386229253560714
525 0.4386236753832238
526 0.4386229103262942
527 0.4386236140730682
528 0.4386229298542618
529 0.4386235761566986
530 0.4386230264912507
531 0.4386235696570988
532 0.4386230414167248
533 0.4386234974504741
534 0.4386230385987711
535 0.4386234407066666
536 0.4386231216073588
537 0.4386234125543286
538 0.43862315720797
539 0.4386233485353767
540 0.4386231691504177
541 0.43862331994912
542 0.4386232480745502
543 0.4386232765731675
544 0.4386232856844399
545 0.4386232210928337
546 0.4386233088344998
547 0.4386231720980769
548 0.4386233408077687
549 0.4386231263904525
550 0.4386234340165583
551 0.4386231124332723
552 0.4386234535112384
553 0.4386230362210189
554 0.43862346940714
555 0.4386229934268442
556 0.4386235458700977
557 0.4386229730169616
558 0.4386235951831619
559 0.438622922687571
560 0.4386236131137304
561 0.4386228650281828
562 0.4386236376402122
563 0.4386228188342645
564 0.4386237263777181
565 0.4386228099006452
566 0.4386237403909824
567 0.4386227436646466
568 0.4386237461950129
569 0.4386227210559644
570 0.4386238271570507
571 0.4386227075459989
572 0.4386238709844311
573 0.4386226405143402
574 0.4386238404002267
575 0.4386225953811324
576 0.4386239065209465
577 0.4386226070311237
578 0.4386239837845055
579 0.4386225683415008
580 0.4386239675167141
581 0.4386224795896801
582 0.4386240029141082
583 0.4386224974942943
584 0.4386240582569589
585 0.4386224325869847
586 0.4386241131522615
587 0.4386224314342645
588 0.4386240982557095
589 0.4386223310918635
590 0.4386241502556372
591 0.4386223641008198
592 0.4386241851198205
593 0.4386223290221994
594 0.4386241984923555
595 0.4386222759765846
596 0.4386242245309366
597 0.438622255854072
598 0.4386242923001668
599 0.4386222508044595
600 0.4386243175818644
601 0.4386222045351783
602 0.4386243233280765
603 0.4386221672462224
604 0.4386243603216667
605 0.4386221535130141
606 0.4386244041301373
607 0.4386221210097955
608 0.4386244309101241
609 0.4386220715255654
610 0.4386244389168497
611 0.4386220455539125
612 0.4386244835430028
613 0.4386220211795632
614 0.4386245313580934
615 0.438621978631377
616 0.4386245398605104
617 0.4386219456593127
618 0.4386245864374113
619 0.438621945211937
620 0.4386246195851178
621 0.4386218960059993
622 0.4386246431130779
623 0.4386218763567105
624 0.4386246743992646
625 0.4386218594887115
626 0.4386246683455106
627 0.4386218360528289
628 0.4386247144594214
629 0.4386217964390851
630 0.4386247501448282
631 0.4386217802482616
632 0.4386247700621258
633 0.4386217837819092
634 0.4386248000982473
635 0.4386217468631802
636 0.4386248170270791
637 0.4386217227455742
638 0.4386248425396901
639 0.4386217039621841
640 0.4386248672414204
641 0.4386216838067705
642 0.4386248945634602
643 0.4386216553364026
644 0.4386248918932301
645 0.4386216330299657
646 0.4386249353573524
647 0.4386216548709527
648 0.438624979549535
649 0.4386216090978378
650 0.4386249559070749
651 0.4386215693118075
652 0.4386249816435194
653 0.4386215748850658
654 0.4386250279857702
655 0.438621572107527
656 0.4386250294495382
657 0.4386215046766439
658 0.4386250041967584
659 0.4386215301023124
660 0.4386250946306056
661 0.4386215520978965
662 0.4386250707287638
663 0.4386214657206737
664 0.4386250579661414
665 0.4386214832230497
666 0.4386251279535052
667 0.4386214872482789
668 0.4386250861085612
669 0.438621411891738
670 0.4386251145970921
671 0.4386214617660046
672 0.4386251735293876
673 0.4386214560561646
674 0.4386251603235624
675 0.4386213910620707
676 0.4386251380537798
677 0.438621377723062
678 0.4386251861646502
679 0.4386214053529997
680 0.438625214746599
681 0.4386214083239559
682 0.4386251968639269
683 0.4386213749337262
684 0.4386251847314694
685 0.4386213710225388
686 0.4386252171861206
687 0.4386213719977077
688 0.4386252340969543
689 0.4386213974388953
690 0.4386252583785337
691 0.4386213603162033
692 0.4386252038032055
693 0.4386213431017551
694 0.4386252411572666
695 0.4386213421096487
696 0.438625260459499
697 0.4386213713629307
698 0.4386252836447759
699 0.4386213413046628
700 0.4386252433943462
701 0.438620829786186
702 0.4386249482675694
703 0.438620826275417
704 0.4386254147397895
705 0.4386211166467803
706 0.4386251633220051
707 0.4386210491623708
708 0.4386249661143914
709 0.438621027272235
710 0.4386249354964623
711 0.4386212208699223
712 0.4386249943437346
713 0.438621370625967
714 0.4386249905798491
715 0.4386214967581076
716 0.4386250362576131
717 0.438621603704943
718 0.4386249873429652
719 0.4386216260519562
720 0.4386249183611816
721 0.4386217380373121
722 0.4386249835032205
723 0.4386218550733306
724 0.4386249152327156
725 0.438621803784003
726 0.4386247720495757
727 0.4386218855508647
728 0.4386237543976143
729 0.4386224055055375
730 0.4386241903847097
731 0.4386224585104708
732 0.4386241931782379
733 0.4386224619222907
734 0.4386242879787597
735 0.4386225575340295
736 0.4386242846817395
737 0.4386224572642262
738 0.4386241451260885
739 0.4386224080941923
740 0.4386241937585904
741 0.4386225332043334
742 0.438624211020762
743 0.438622487440837
744 0.4386240826145457
745 0.4386224583389431
746 0.4386241369637797
747 0.4386226148622346
748 0.4386241561669854
749 0.4386225536833906
750 0.4386240263618628
751 0.438622514500197
752 0.4386240909429411
753 0.4386226583635998
754 0.4386241028767662
755 0.438622601768095
756 0.4386239671574769
757 0.4386226028342082
758 0.4386240104171231
759 0.4386227373503217
760 0.4386240086342097
761 0.4386226767954972
762 0.4386239054157424
763 0.4386226943823395
764 0.438623930447101
765 0.4386227321379395
766 0.4386238816620527
767 0.4386227300693062
768 0.4386238403783277
769 0.4386227876568171
770 0.4386238224287752
771 0.4386228328758636
772 0.4386237638137516
773 0.4386228529714865
774 0.4386237208586031
775 0.4386228719733397
776 0.4386236787209493
777 0.4386229526562864
778 0.4386236399445305
779 0.4386229514765373
780 0.438623581410415
781 0.4386229616159661
782 0.438623542129667
783 0.4386230479885724
784 0.4386235263282233
785 0.43862306929787
786 0.4386234679057522
787 0.4386230816262163
788 0.4386234123578407
789 0.4386231686923586
790 0.4386233825729914
791 0.4386231880730582
792 0.4386233110603061
793 0.4386231981873374
794 0.4386232829763687
795 0.4386232813040641
796 0.4386232460311013
797 0.4386233205794658
798 0.4386231904798642
799 0.4386233421999834
800 0.4386231416072245
801 0.4386233674433362
802 0.4386230930526487
803 0.4386234671211172
804 0.438623084519843
805 0.4386234889860344
806 0.4386230080915063
807 0.4386235004798929
808 0.4386229616661325
809 0.4386235743236078
810 0.4386229453398545
811 0.4386236198766681
812 0.4386228939193458
813 0.4386236319244822
814 0.4386228317098859
815 0.4386236919825768
816 0.4386228088777689
817 0.4386237414644957
818 0.4386227886601035
819 0.4386237567237542
820 0.438622719037251
821 0.4386237816571091
822 0.4386226858707976
823 0.4386238386815615
824 0.4386226767141014
825 0.4386238829999565
826 0.4386226324495018
827 0.4386238946958404
828 0.4386226024417388
829 0.4386239229003026
830 0.4386225604385369
831 0.4386239759130879
832 0.4386225207867863
833 0.4386240136617846
834 0.4386225007078584
835 0.4386240253477561
836 0.4386224355903711
837 0.4386240778621177
838 0.4386224371365509
839 0.4386241265362628
840 0.4386223981839706
841 0.4386241315722446
842 0.4386223314984146
843 0.43862416777885
844 0.4386223260686618
845 0.4386242112024589
846 0.438622298193955
847 0.4386242216795692
848 0.4386222613553897
849 0.4386242458750609
850 0.438622245985304
851 0.4386243134092271
852 0.4386222254275526
853 0.4386243385258313
854 0.4386221840274312
855 0.4386243388045
856 0.4386221502823021
857 0.4386243864425891
858 0.4386221314915244
859 0.4386244246983185
860 0.4386220865467128
861 0.4386244303947365
862 0.438622055364243
863 0.4386244716839778
864 0.4386220282303715
865 0.4386245202942792
866 0.4386219943576848
867 0.4386245288540286
868 0.4386219567845538
869 0.4386245778203887
870 0.4386219533725155
871 0.4386246077695906
872 0.4386219042641862
873 0.438624632320797
874 0.4386218853408599
875 0.4386246643292294
876 0.4386218625848717
877 0.4386246865808832
878 0.4386218369828401
879 0.4386246909135358
880 0.4386218258786603
881 0.4386247291939943
882 0.4386217721536016
883 0.4386247595201583
884 0.4386217808805964
885 0.4386247892512167
886 0.4386217684738843
887 0.4386248177363921
888 0.4386217179301878
889 0.4386248255207572
890 0.4386217162682683
891 0.4386248605419567
892 0.4386217027496797
893 0.4386248863590346
894 0.43862166061924
895 0.4386248909363742
896 0.438621644121423
897 0.438624924544802
898 0.4386216411524836
899 0.4386249647743407
900 0.4386216196417662
901 0.4386249538142827
902 0.4386215806749739
903 0.4386249758341764
904 0.4386215821014093
905 0.4386250224877576
906 0.4386215823105829
907 0.4386250097840741
908 0.4386215294574735
909 0.4386250160652115
910 0.4386215148565355
911 0.4386250646031801
912 0.4386215571002929
913 0.4386250750418266
914 0.4386214822746525
915 0.438625055111008
916 0.4386214853807647
917 0.4386251187544482
918 0.4386214890255095
919 0.4386250818185324
920 0.4386214145306924
921 0.4386251057321974
922 0.4386214682924155
923 0.4386251672929866
924 0.4386214625779318
925 0.438625142375949
926 0.43862140731983
927 0.4386251364540667
928 0.4386213727524262
929 0.4386251829353368
930 0.438621408690274
931 0.4386252139657495
932 0.4386214215589334
933 0.4386251964059482
934 0.438621373556743
935 0.4386251665550419
936 0.438621359041899
937 0.4386252158856248
938 0.4386213799303474
939 0.438625243244059
940 0.438621388619053
941 0.4386252484217526
942 0.4386213814842648
943 0.438625230072883
944 0.4386213322949765
945 0.4386252128804102
946 0.4386213460005827
947 0.4386252623424389
948 0.4386213727388111
949 0.4386252779395301
950 0.4386213338226215
951 0.4386252394921666
952 0.4386208521284972
953 0.4386249548883627
954 0.4386208760096922
955 0.4386254193129722
956 0.4386211512558768
957 0.4386251340462361
958 0.4386210665612327
959 0.4386249318053748
960 0.4386210336455548
961 0.4386249028893096
962 0.4386212250367902
963 0.4386249664027656
964 0.4386213927262695
965 0.4386249843213958
966 0.4386215135027777
967 0.4386250088421869
968 0.4386216024214405
969 0.4386249852874336
970 0.4386216432915301
971 0.4386249054220687
972 0.4386217274407651
973 0.4386249654089411
974 0.4386218705785899
975 0.4386249160581668
976 0.4386218198097376
977 0.4386247723982897
978 0.4386218765798053
979 0.438623772825405
980 0.4386224033194836
981 0.438624205859084
982 0.438622465352399
983 0.4386242109127496
984 0.4386224406996735
985 0.4386242869602018
986 0.4386225305230022
987 0.4386243017657502
988 0.4386224513312369
989 0.4386241593634922
990 0.4386223887747333
991 0.4386241996337409
992 0.4386225117388704
993 0.4386242224973484
994 0.4386224738588838
995 0.4386241100871591
996 0.4386224472604029
997 0.4386241542014052
998 0.438622593869825
999 0.4386241701629313
1000 0.4386225116242593
1001 0.4386240499766894
1002 0.4386225242321232
1003 0.4386241160553292
1004 0.4386226172385976
1005 0.4386241076050222
1006 0.4386225848941627
1007 0.4386239963045433
1008 0.4386225937043855
1009 0.4386240377447453
1010 0.4386227207127168
1011 0.4386240280360762
1012 0.4386226528474149
1013 0.438623920142265
1014 0.4386226739192441
1015 0.4386239379712355
1016 0.4386227090729463
1017 0.4386239259141231
1018 0.4386227398008699
1019 0.4386238706423635
1020 0.4386227498526095
1021 0.4386238249353172
1022 0.4386227961166921
1023 0.4386237933305918
1024 0.438622811982282
1025 0.4386237425797114
1026 0.438622858450431
1027 0.438623716093869
1028 0.4386229274018373
1029 0.4386236668135048
1030 0.4386229165156936
1031 0.438623602934536
1032 0.4386229605305527
1033 0.4386235985590988
1034 0.4386230283392036
1035 0.4386235368028977
1036 0.4386230391910502
1037 0.4386234885959243
1038 0.4386230431028163
1039 0.4386234376468672
1040 0.4386231403844449
1041 0.4386234163369829
1042 0.4386231627921555
1043 0.4386233411708018
1044 0.4386231695346863
1045 0.4386233114779117
1046 0.4386232515688501
1047 0.4386232746022319
1048 0.4386232921131746
1049 0.4386232194993863
1050 0.4386233135451902
1051 0.4386231692321163
1052 0.4386233378130842
1053 0.4386231206399067
1054 0.4386234384177766
1055 0.4386231119078856
1056 0.4386234607236204
1057 0.4386230356728081
1058 0.4386234738553015
1059 0.4386229891451272
1060 0.4386235474212483
1061 0.4386229689144441
1062 0.4386235958723217
1063 0.4386229171723655
1064 0.4386236265588447
1065 0.4386228667001463
1066 0.4386236417483584
1067 0.4386228166741359
1068 0.4386237182183952
1069 0.4386228001898611
1070 0.438623748631727
1071 0.4386227653601419
1072 0.4386237527061541
1073 0.4386227149645647
1074 0.4386238248110374
1075 0.4386226837441643
1076 0.4386238611086157
1077 0.4386226536004123
1078 0.4386238529726691
1079 0.4386225971873479
1080 0.438623916020442
1081 0.4386226029766911
1082 0.4386239780712026
1083 0.438622560191819
1084 0.438623964639634
1085 0.4386224823016399
1086 0.4386240105894888
1087 0.4386224916175492
1088 0.4386240584397339
1089 0.4386224306899548
1090 0.4386241139742863
1091 0.4386224307171956
1092 0.4386240959987411
1093 0.4386223473178791
1094 0.4386241554180365
1095 0.4386223519800206
1096 0.4386241981284201
1097 0.4386223191632381
1098 0.4386241885739104
1099 0.4386222718960198
1100 0.4386242247699288
1101 0.4386222688964156
1102 0.4386242994821785
1103 0.4386222491264642
1104 0.4386243155549642
1105 0.4386221987833747
1106 0.4386243218597231
1107 0.4386221652525336
1108 0.4386243613710455
1109 0.4386221531987279
1110 0.438624406633352
1111 0.4386221233157098
1112 0.4386244258445851
1113 0.4386220526891684
1114 0.4386244367699871
1115 0.4386220570550358
1116 0.4386244983150488
1117 0.4386220248439283
1118 0.4386245313301901
1119 0.4386219727850335
1120 0.4386245385257186
1121 0.4386219434988017
1122 0.4386245896414522
1123 0.4386219456058361
1124 0.4386246224374791
1125 0.4386218942070807
1126 0.4386246431457718
1127 0.4386218739263528
1128 0.4386246751236432
1129 0.4386218583171684
1130 0.4386246703089166
1131 0.4386218353932468
1132 0.4386247155806061
1133 0.4386217947148999
1134 0.4386247507959622
1135 0.4386217792019312
1136 0.4386247714912681
1137 0.4386217838015322
1138 0.4386248002096865
1139 0.4386217454495879
1140 0.4386248178537319
1141 0.4386217223265391
1142 0.4386248445863617
1143 0.4386217041025623
1144 0.4386248695528594
1145 0.4386216832159888
1146 0.4386248965898099
1147 0.4386216537845515
1148 0.4386248933134431
1149 0.4386216307418224
1150 0.4386249394973376
1151 0.4386216543234812
1152 0.4386249810099488
1153 0.4386216066526452
1154 0.4386249559298102
1155 0.4386215668498538
1156 0.4386249825707929
1157 0.4386215731189566
1158 0.4386250296026811
1159 0.4386215710092621
1160 0.4386250308900686
1161 0.438621503982735
1162 0.4386250052739694
1163 0.43862152879239
1164 0.4386250967789947
1165 0.4386215524490809
1166 0.438625072191773
1167 0.4386214652027155
1168 0.4386250576766504
1169 0.4386214816622084
1170 0.4386251269262973
1171 0.4386214797893773
1172 0.4386251079354901
1173 0.4386214268241649
1174 0.4386251018172011
1175 0.438621446519315
1176 0.4386251425307498
1177 0.4386214460236125
1178 0.4386251825533808
1179 0.4386214100439749
1180 0.4386251674455479
1181 0.4386213842206345
1182 0.4386251615825822
1183 0.4386213873786498
1184 0.4386251830679904
1185 0.438621402205103
1186 0.4386252224723609
1187 0.43862139439117
1188 0.4386252138404495
1189 0.4386213766658109
1190 0.4386251954725564
1191 0.4386213538398933
1192 0.4386252068830899
1193 0.4386213946008363
1194 0.4386252763659204
1195 0.4386213992152057
1196 0.4386252448565222
1197 0.4386213364077584
1198 0.4386251849482714
1199 0.4386213061918506
1200 0.4386252626691821
1201 0.4386213948899877
1202 0.4386253038161929
1203 0.4386213477098649
1204 0.4386257238865663
1205 0.4386211417458207
1206 0.4386254462435418
1207 0.4386212868902868
1208 0.4386253785156637
1209 0.4386213955010136
1210 0.4386253055174543
1211 0.4386215399212335
1212 0.4386253314365904
1213 0.4386216237928951
1214 0.4386252115306647
1215 0.4386215433096966
1216 0.4386250570636716
1217 0.4386215872670224
1218 0.4386250849720079
1219 0.4386217204409244
1220 0.4386250279540834
1221 0.4386216742046777
1222 0.4386248808253397
1223 0.4386216966859062
1224 0.4386248982117065
1225 0.4386218331732202
1226 0.4386248641165233
1227 0.4386218307503634
1228 0.4386247608645243
1229 0.4386218799757678
1230 0.4386247627133427
1231 0.4386219716341624
1232 0.4386236692605521
1233 0.4386222828297122
1234 0.4386239784220972
1235 0.4386224409789943
1236 0.4386242109633869
1237 0.4386225819192999
1238 0.4386242227907036
1239 0.4386224595531286
1240 0.4386240931963908
1241 0.4386224442025246
1242 0.4386241523135242
1243 0.4386225220517876
1244 0.4386241282903564
1245 0.4386224707462091
1246 0.4386240471778646
1247 0.4386224777181382
1248 0.4386241027328883
1249 0.4386225837901001
1250 0.4386240858877047
1251 0.4386225232709056
1252 0.4386239815591927
1253 0.4386225620352306
1254 0.4386240805177222
1255 0.4386226735122831
1256 0.4386240346633266
1257 0.4386225711875986
1258 0.4386239311529453
1259 0.4386226134059785
1260 0.438624033679579
1261 0.4386227259958291
1262 0.4386239843965516
1263 0.4386226506912529
1264 0.4386238931963803
1265 0.4386227168977906
1266 0.4386239307648009
1267 0.4386227640797928
1268 0.4386238798486626
1269 0.4386227540784458
1270 0.4386238530417803
1271 0.4386227664429072
1272 0.4386238227583762
1273 0.4386227792531453
1274 0.4386237851049182
1275 0.4386228458535524
1276 0.4386237654504259
1277 0.4386228768612318
1278 0.4386237003264208
1279 0.4386229051988747
1280 0.4386236656987775
1281 0.4386229240512924
1282 0.4386236223635948
1283 0.4386229786038318
1284 0.4386235957919014
1285 0.4386230426681936
1286 0.4386235430422792
1287 0.4386230295557866
1288 0.4386234732770632
1289 0.4386230741336891
1290 0.4386234678763182
1291 0.4386231317394108
1292 0.438623403746438
1293 0.4386231596250076
1294 0.438623384915029
1295 0.4386231802912477
1296 0.4386233083595699
1297 0.4386232251307297
1298 0.4386232802967291
1299 0.4386233003523541
1300 0.4386232329863461
1301 0.4386233090625072
1302 0.438623182921159
1303 0.4386233291956741
1304 0.4386231367404338
1305 0.4386234357503929
1306 0.4386231138461044
1307 0.4386234509744296
1308 0.4386230423370816
1309 0.4386234399571755
1310 0.4386230011476353
1311 0.4386235565831708
1312 0.4386230034256934
1313 0.438623595608832
1314 0.4386229184751439
1315 0.4386235794507036
1316 0.4386228588115976
1317 0.4386236546591034
1318 0.4386228695752299
1319 0.4386237155166972
1320 0.4386228336089607
1321 0.4386237061662355
1322 0.4386227449968192
1323 0.4386237578096416
1324 0.4386227481024887
1325 0.4386238126505213
1326 0.4386227084453461
1327 0.438623814192257
1328 0.4386226522010748
1329 0.4386238553325859
1330 0.4386226490541694
1331 0.4386239312541673
1332 0.4386225939560541
1333 0.438623928964872
1334 0.4386225688316656
1335 0.4386239533037473
1336 0.4386225061202992
1337 0.4386240256516422
1338 0.4386225209377362
1339 0.4386240398626146
1340 0.438622437551942
1341 0.4386240647350739
1342 0.4386224332927434
1343 0.4386241053432057
1344 0.4386223892551612
1345 0.4386241558733595
1346 0.4386223617462338
1347 0.4386241562837461
1348 0.4386223191763605
1349 0.4386241729838138
1350 0.4386223012257712
1351 0.4386242247579078
1352 0.4386222959971208
1353 0.438624262619335
1354 0.438622254930244
1355 0.4386243063263474
1356 0.438622222109295
1357 0.4386243309212626
1358 0.4386221892965111
1359 0.4386243373119043
1360 0.4386221578452278
1361 0.4386243834121807
1362 0.4386221351070794
1363 0.4386244191523909
1364 0.4386220898610568
1365 0.4386244257985459
1366 0.4386220605178737
1367 0.4386244670302073
1368 0.4386220404553881
1369 0.4386245191234081
1370 0.4386219952725323
1371 0.438624519522667
1372 0.4386219564894857
1373 0.4386245727243679
1374 0.4386219594668149
1375 0.438624606848072
1376 0.4386219115069794
1377 0.4386246295757966
1378 0.4386218906803718
1379 0.4386246600547974
1380 0.4386218701537525
1381 0.438624664714249
1382 0.4386218359068805
1383 0.4386247014255534
1384 0.4386218325261221
1385 0.4386247528606696
1386 0.4386217974180051
1387 0.4386247422064212
1388 0.438621764957731
1389 0.438624774859738
1390 0.4386217667273877
1391 0.4386248114118016
1392 0.4386217451802756
1393 0.4386248286884143
1394 0.4386217196265144
1395 0.438624848760819
1396 0.4386217015162628
1397 0.4386248783646194
1398 0.4386216677162492
1399 0.4386248880069447
1400 0.4386216528211488
1401 0.4386249178258289
1402 0.4386216476190872
1403 0.4386249574595446
1404 0.4386216274847283
1405 0.438624947512007
1406 0.4386215900262711
1407 0.4386249681124391
1408 0.4386215897966787
1409 0.4386250130609911
1410 0.438621588899303
1411 0.4386250019288649
1412 0.4386215424982976
1413 0.438625006992254
1414 0.4386215246575472
1415 0.4386250540778596
1416 0.4386215664258517
1417 0.4386250640190417
1418 0.4386214931096549
1419 0.4386250455785397
1420 0.4386214971880947
1421 0.4386251093605161
1422 0.4386214996377273
1423 0.4386250708285695
1424 0.4386214242422666
1425 0.4386250957739342
1426 0.4386214806011538
1427 0.4386251561146027
1428 0.4386214733890868
1429 0.4386251309827396
1430 0.4386214179916861
1431 0.438625122110828
1432 0.4386213884254419
1433 0.4386251785078744
1434 0.4386214274147711
1435 0.4386252027636644
1436 0.4386214190213291
1437 0.4386251761614902
1438 0.4386213828744362
1439 0.4386251530782435
1440 0.4386213734960344
1441 0.4386252067041198
1442 0.4386213944599687
1443 0.4386252319548111
1444 0.4386214003573743
1445 0.4386252356321944
1446 0.438621393052235
1447 0.4386252200808921
1448 0.4386213450319
1449 0.4386252019715455
1450 0.4386213562229704
1451 0.4386252491720536
1452 0.4386213830083819
1453 0.4386252664585835
1454 0.4386213441463743
1455 0.4386252298644761
1456 0.4386208715085507
1457 0.4386249508150521
1458 0.4386208976033587
1459 0.4386254055909355
1460 0.4386211650569605
1461 0.4386251208275755
1462 0.4386210763558798
1463 0.4386249188706536
1464 0.4386210463199727
1465 0.4386248925329944
1466 0.4386212384078432
1467 0.4386249567619985
1468 0.4386214049043762
1469 0.4386249771828801
1470 0.4386215086344801
1471 0.4386249927049153
1472 0.4386216238589599
1473 0.4386249833015939
1474 0.4386216568964842
1475 0.4386249069514394
1476 0.4386217389594702
1477 0.4386249461071547
1478 0.4386218747292673
1479 0.4386248956652249
1480 0.438621828528027
1481 0.4386247659826168
1482 0.4386218915949912
1483 0.4386237786046945
1484 0.4386224120490023
1485 0.4386241973252458
1486 0.4386224657221792
1487 0.4386242068402085
1488 0.4386224438360656
1489 0.438624284752963
1490 0.4386225357758191
1491 0.4386243020513916
1492 0.4386224573188672
1493 0.4386241501108928
1494 0.4386223895364775
1495 0.4386241960340739
1496 0.4386225145901997
1497 0.4386242201849814
1498 0.4386224757650172
1499 0.4386241091141409
1500 0.4386224498352644
1501 0.4386241593544224
1502 0.4386226018922425
1503 0.4386241649164435
1504 0.4386225154144808
1505 0.4386240338453178
1506 0.4386225210695364
1507 0.438624120024017
1508 0.4386226268910103
1509 0.438624112801543
1510 0.4386225853406276
1511 0.4386239935770818
1512 0.4386225937739368
1513 0.4386240343857924
1514 0.4386227204970546
1515 0.438624034218378
1516 0.4386226386893555
1517 0.4386239201009566
1518 0.4386226667466017
1519 0.4386239415300791
1520 0.4386227219395459
1521 0.4386239393365424
1522 0.4386227431069691
1523 0.4386238673108924
1524 0.4386227449604461
1525 0.4386238261095156
1526 0.4386227983118156
1527 0.4386237984985281
1528 0.4386228128974944
1529 0.43862374288125
1530 0.4386228551723126
1531 0.4386237149691383
1532 0.4386229219409261
1533 0.4386236693160828
1534 0.4386229173452065
1535 0.4386236050130376
1536 0.438622961349661
1537 0.4386235988688559
1538 0.4386230288738768
1539 0.4386235392011827
1540 0.4386230385217341
1541 0.4386234898526543
1542 0.4386230402916578
1543 0.4386234378623857
1544 0.4386231369653608
1545 0.4386234339231484
1546 0.4386231580058857
1547 0.4386233411338481
1548 0.4386231664108247
1549 0.4386233108506329
1550 0.4386232491483898
1551 0.4386232762424553
1552 0.4386232916723946
1553 0.4386232222942843
1554 0.4386233122388251
1555 0.4386231724438914
1556 0.4386233358500133
1557 0.4386231237138207
1558 0.4386234364804656
1559 0.438623114784174
1560 0.4386234593237585
1561 0.4386230386238725
1562 0.4386234718689711
1563 0.4386229929831751
1564 0.4386235400012325
1565 0.4386229664656777
1566 0.4386236035887454
1567 0.438622931943132
1568 0.438623604357895
1569 0.4386228589196238
1570 0.4386236544455565
1571 0.4386228305273292
1572 0.4386237245293585
1573 0.4386228016428014
1574 0.4386237274321871
1575 0.4386227602523201
1576 0.4386237595274753
1577 0.4386227265824051
1578 0.438623827554083
1579 0.4386226820837098
1580 0.438623853553314
1581 0.4386226513000057
1582 0.4386238627251048
1583 0.4386226087356731
1584 0.4386238993870649
1585 0.4386225966567479
1586 0.4386239632217138
1587 0.4386225587478744
1588 0.4386239901071685
1589 0.4386225028782128
1590 0.4386240028238679
1591 0.4386224825814382
1592 0.4386240449967783
1593 0.4386224525671972
1594 0.4386241034743912
1595 0.4386224207754872
1596 0.4386241112590606
1597 0.438622354017648
1598 0.4386241489166495
1599 0.4386223468544516
1600 0.4386241895468947
1601 0.4386223290689099
1602 0.4386241917699413
1603 0.4386222735876203
1604 0.4386242228266107
1605 0.4386222589834909
1606 0.4386242928619484
1607 0.4386222529845454
1608 0.4386243166604099
1609 0.43862220540763
1610 0.4386243219065085
1611 0.4386221688430031
1612 0.4386243580864557
1613 0.4386221547052074
1614 0.438624403510042
1615 0.4386221255142578
1616 0.4386244199167825
1617 0.4386220708878611
1618 0.4386244398624465
1619 0.4386220502471687
1620 0.4386244853573163
1621 0.438622024914044
1622 0.4386245306331085
1623 0.4386219797855147
1624 0.4386245376809506
1625 0.4386219466691933
1626 0.4386245850932754
1627 0.4386219473102049
1628 0.4386246187138992
1629 0.4386218977823856
1630 0.4386246409774416
1631 0.4386218774272612
1632 0.4386246723380285
1633 0.4386218608960012
1634 0.4386246670488143
1635 0.438621837768249
1636 0.4386247130980695
1637 0.4386217974746034
1638 0.4386247483984541
1639 0.4386217817574107
1640 0.4386247688397517
1641 0.4386217862174107
1642 0.4386247976918989
1643 0.438621747850326
1644 0.4386248153922762
1645 0.438621724761374
1646 0.4386248421128325
1647 0.4386217064827486
1648 0.4386248669483747
1649 0.43862168563381
1650 0.438624893631785
1651 0.4386216562046499
1652 0.4386248909114013
1653 0.438621634064253
1654 0.4386249344484668
1655 0.4386216559209923
1656 0.4386249788326149
1657 0.4386216099618823
1658 0.438624954901503
1659 0.4386215700116811
1660 0.4386249805603386
1661 0.4386215756539898
1662 0.4386250270202953
1663 0.4386215730817229
1664 0.4386250286726805
1665 0.4386215060722907
1666 0.4386250031254347
1667 0.438621530961988
1668 0.4386250935768242
1669 0.4386215530470739
1670 0.4386250699664963
1671 0.4386214670663565
1672 0.4386250573766808
1673 0.4386214845480735
1674 0.4386251268612821
1675 0.438621488392702
1676 0.4386250848819446
1677 0.4386214130318911
1678 0.4386251134597213
1679 0.4386214629158057
1680 0.4386251724880265
1681 0.4386214573199188
1682 0.4386251593911264
1683 0.4386213924187705
1684 0.4386251372123227
1685 0.4386213790907904
1686 0.4386251852520584
1687 0.4386214076691301
1688 0.4386252103456194
1689 0.4386214085636417
1690 0.4386251967862481
1691 0.4386213766245282
1692 0.4386251849591345
1693 0.4386213725997617
1694 0.438625217318068
1695 0.4386213709877663
1696 0.4386252325953622
1697 0.4386214002718067
1698 0.4386252581575004
1699 0.4386213617029874
1700 0.4386252032477621
1701 0.4386213462411971
1702 0.4386252317007771
1703 0.4386213404917365
1704 0.438625261391051
1705 0.4386213756311991
1706 0.4386252868030988
1707 0.4386213445892268
1708 0.4386252438332813
1709 0.4386208297726907
1710 0.4386249467549646
1711 0.4386208259940546
1712 0.438625413778117
1713 0.4386211173565878
1714 0.4386251632167262
1715 0.4386210500509466
1716 0.4386249658801811
1717 0.4386210279016194
1718 0.4386249352009207
1719 0.4386212216037526
1720 0.4386249942540821
1721 0.43862137147564
1722 0.4386249904691027
1723 0.4386214974282877
1724 0.438625035941772
1725 0.4386216041827309
1726 0.4386249869707851
1727 0.4386216265399385
1728 0.4386249180620596
1729 0.4386217385537191
1730 0.4386249832096394
1731 0.4386218555244602
1732 0.4386249148857386
1733 0.4386218039474314
1734 0.438624772281017
1735 0.4386218852448721
1736 0.4386237546637697
1737 0.4386224053360557
1738 0.4386241906256652
1739 0.4386224583743661
1740 0.4386241933762125
1741 0.4386224617810657
1742 0.4386242881277473
1743 0.4386225573830697
1744 0.438624284809089
1745 0.4386224571320609
1746 0.4386241452678062
1747 0.4386224080027402
1748 0.4386241939252308
1749 0.4386225331493723
1750 0.4386242111979428
1751 0.4386224874059964
1752 0.4386240827842521
1753 0.4386224581165012
1754 0.4386241375781287
1755 0.4386226142448715
1756 0.4386241568219493
1757 0.4386225531049259
1758 0.4386240269980043
1759 0.4386225139527162
1760 0.4386240915723451
1761 0.4386226578294449
1762 0.4386241034817497
1763 0.4386226012247584
1764 0.4386239677367822
1765 0.4386226022899836
1766 0.4386240109992134
1767 0.4386227368406773
1768 0.438624009239286
1769 0.4386226763180943
1770 0.4386239060310164
1771 0.4386226939189113
1772 0.4386239310540814
1773 0.4386227316762573
1774 0.4386238822549897
1775 0.4386227296111076
1776 0.4386238409578175
1777 0.4386227871998121
1778 0.4386238229907505
1779 0.4386228324193844
1780 0.4386237643598773
1781 0.4386228525212689
1782 0.4386237213934107
1783 0.4386228715351729
1784 0.4386236794012864
1785 0.438622951807591
1786 0.4386236409955588
1787 0.4386229505954495
1788 0.4386235823615379
1789 0.4386229607409418
1790 0.4386235430330134
1791 0.4386230450053718
1792 0.4386235328223758
1793 0.4386230779916121
1794 0.4386234692981877
1795 0.4386230770241877
1796 0.4386234098124397
1797 0.4386231552089591
1798 0.4386233789964522
1799 0.438623188264633
1800 0.4386233158292854
1801 0.4386232018621421
1802 0.4386232867109694
1803 0.4386232812821493
1804 0.4386232460869552
1805 0.4386233185697182
1806 0.4386231905721237
1807 0.4386233415496165
1808 0.4386231430983167
1809 0.4386233674190894
1810 0.4386230942047906
1811 0.4386234661953742
1812 0.4386230848602984
1813 0.4386234874462153
1814 0.4386230085776687
1815 0.4386234996641642
1816 0.4386229658027684
1817 0.4386235662557803
1818 0.4386229405251875
1819 0.4386236304666112
1820 0.4386229014232204
1821 0.4386236310424724
1822 0.4386228351282234
1823 0.438623666086315
1824 0.4386227986620865
1825 0.4386237519924872
1826 0.4386228002931843
1827 0.4386237757094464
1828 0.4386227232051108
1829 0.4386237681118295
1830 0.4386226771250836
1831 0.438623822391237
1832 0.4386226769985582
1833 0.4386238970392571
1834 0.4386226452537648
1835 0.4386239000819355
1836 0.4386225810229582
1837 0.4386239134139185
1838 0.4386225664465385
1839 0.4386239802327673
1840 0.4386225481803289
1841 0.4386240035168695
1842 0.4386224755450854
1843 0.4386240324347604
1844 0.4386224661265343
1845 0.4386240680855342
1846 0.4386224205947171
1847 0.4386241382979374
1848 0.438622400561053
1849 0.4386241286387131
1850 0.4386223278012452
1851 0.4386241646750784
1852 0.438622325611575
1853 0.4386242103368181
1854 0.4386222988111039
1855 0.4386242209248284
1856 0.4386222615166525
1857 0.4386242451113834
1858 0.4386222464914384
1859 0.4386243133142878
1860 0.4386222263451874
1861 0.4386243384119506
1862 0.4386221845325645
1863 0.438624338229454
1864 0.4386221504826669
1865 0.4386243858431955
1866 0.438622131996189
1867 0.4386244245726886
1868 0.4386220871917489
1869 0.4386244300989716
1870 0.4386220557193696
1871 0.4386244711672253
1872 0.438622028466771
1873 0.4386245198155099
1874 0.4386219946923031
1875 0.4386245285053455
1876 0.4386219571818717
1877 0.4386245774882775
1878 0.438621953727239
1879 0.4386246074129732
1880 0.4386219046014971
1881 0.4386246319919274
1882 0.4386218856994748
1883 0.438624664028348
1884 0.4386218629314508
1885 0.4386246862676687
1886 0.4386218372936995
1887 0.4386246905928657
1888 0.438621826180784
1889 0.4386247288972273
1890 0.4386217724668087
1891 0.4386247592436585
1892 0.438621781189153
1893 0.438624788978804
1894 0.4386217687677667
1895 0.4386248174655413
1896 0.4386217182135727
1897 0.438624825258949
1898 0.4386217165441165
1899 0.4386248602873139
1900 0.438621703015648
1901 0.4386248861144411
1902 0.4386216608147659
1903 0.4386248909247163
1904 0.4386216442472714
1905 0.4386249248795608
1906 0.4386216413211246
1907 0.4386249649235787
1908 0.4386216196701607
1909 0.4386249538614937
1910 0.4386215806578655
1911 0.4386249758607096
1912 0.4386215820852997
1913 0.4386250225284013
1914 0.4386215822851401
1915 0.4386250098141773
1916 0.4386215294155311
1917 0.4386250159311718
1918 0.4386215154285298
1919 0.4386250651412975
1920 0.4386215572385522
1921 0.438625075349092
1922 0.4386214818335097
1923 0.4386250547424236
1924 0.4386214847645875
1925 0.4386251184805179
1926 0.4386214887867843
1927 0.4386250821410472
1928 0.438621414935913
1929 0.4386251062670679
1930 0.4386214684441499
1931 0.438625167457525
1932 0.4386214624328456
1933 0.4386251423268726
1934 0.4386214071078569
1935 0.4386251365275198
1936 0.4386213727370264
1937 0.4386251831734134
1938 0.4386214087851643
1939 0.4386252141763797
1940 0.4386214215684801
1941 0.4386251964945878
1942 0.4386213734522186
1943 0.4386251665898201
1944 0.4386213589318231
1945 0.4386252159578457
1946 0.4386213798524562
1947 0.4386252433434
1948 0.4386213885381275
1949 0.438625248492023
1950 0.4386213813893613
1951 0.4386252301522561
1952 0.4386213324862689
1953 0.438625211793285
1954 0.4386213450983328
1955 0.4386252621191333
1956 0.4386213728315665
1957 0.4386252784710237
1958 0.4386213343718083
1959 0.4386252403455347
1960 0.4386208523181401
1961 0.4386249552357929
1962 0.4386208756906579
1963 0.4386254190542156
1964 0.4386211507359815
1965 0.4386251339182228
1966 0.4386210662751909
1967 0.4386249318915484
1968 0.4386210334489808
1969 0.4386249031045588
1970 0.4386212248252275
1971 0.4386249663478742
1972 0.4386213926094772
1973 0.4386249844264141
1974 0.4386215135593438
1975 0.4386250088653923
1976 0.438621603238789
1977 0.4386249862219778
1978 0.4386216436830162
1979 0.4386249054638108
1980 0.438621727056615
1981 0.4386249648773947
1982 0.438621869959443
1983 0.4386249159119661
1984 0.4386218198547127
1985 0.438624772888543
1986 0.4386218769974834
1987 0.4386237736437884
1988 0.4386224050699087
1989 0.438624200867833
1990 0.4386224639706252
1991 0.4386242127598879
1992 0.4386224416398085
1993 0.4386242886467061
1994 0.438622531013876
1995 0.438624302469283
1996 0.4386224524889734
1997 0.438624153970762
1998 0.4386223871449222
1999 0.4386242018186081
2000 0.4386225130977937
